ERC report (2026-09-24T16:03:32, Encoding UTF8)
Report includes: Errors, Warnings, Exclusions

***** Sheet /
[endpoint_off_grid]: Symbol pin or wire end off connection grid
    ; warning
    @(134.657 mm, 54.392 mm): Symbol IC15 Hidden pin 7 [GND, Power input, Line]
[endpoint_off_grid]: Symbol pin or wire end off connection grid
    ; warning
    @(134.657 mm, 74.712 mm): Symbol IC12 Hidden pin 7 [GND, Power input, Line]
[endpoint_off_grid]: Symbol pin or wire end off connection grid
    ; warning
    @(134.657 mm, 92.492 mm): Symbol IC15 Hidden pin 7 [GND, Power input, Line]
[endpoint_off_grid]: Symbol pin or wire end off connection grid
    ; warning
    @(134.657 mm, 107.732 mm): Symbol IC3 Hidden pin 7 [GND, Power input, Line]
[endpoint_off_grid]: Symbol pin or wire end off connection grid
    ; warning
    @(134.657 mm, 122.972 mm): Symbol IC3 Hidden pin 7 [GND, Power input, Line]
[endpoint_off_grid]: Symbol pin or wire end off connection grid
    ; warning
    @(134.657 mm, 140.752 mm): Symbol IC3 Hidden pin 7 [GND, Power input, Line]
[unconnected_wire_endpoint]: Unconnected wire endpoint
    ; warning
    @(165.10 mm, 76.20 mm): Vertical Wire, length 1.27 mm
[unconnected_wire_endpoint]: Unconnected wire endpoint
    ; warning
    @(165.10 mm, 91.44 mm): Vertical Wire, length 1.27 mm
[isolated_pin_label]: Label connected to only one pin
    ; warning
    @(185.42 mm, 205.74 mm): Label '-REG-FUNC-RD'
[isolated_pin_label]: Label connected to only one pin
    ; warning
    @(187.96 mm, 205.74 mm): Label '-REG-FUNC-LD'
[isolated_pin_label]: Label connected to only one pin
    ; warning
    @(190.50 mm, 205.74 mm): Label 'REG-RD-ID0'
[isolated_pin_label]: Label connected to only one pin
    ; warning
    @(193.04 mm, 205.74 mm): Label 'REG-RD-ID1'
[isolated_pin_label]: Label connected to only one pin
    ; warning
    @(195.58 mm, 205.74 mm): Label 'REG-RD-ID2'
[isolated_pin_label]: Label connected to only one pin
    ; warning
    @(198.12 mm, 205.74 mm): Label 'REG-RD-ID3'
[isolated_pin_label]: Label connected to only one pin
    ; warning
    @(200.66 mm, 205.74 mm): Label 'REG-LD-ID0'
[isolated_pin_label]: Label connected to only one pin
    ; warning
    @(203.20 mm, 205.74 mm): Label 'REG-LD-ID1'
[isolated_pin_label]: Label connected to only one pin
    ; warning
    @(205.74 mm, 205.74 mm): Label 'REG-LD-ID2'
[isolated_pin_label]: Label connected to only one pin
    ; warning
    @(208.28 mm, 205.74 mm): Label 'REG-LD-ID3'
[isolated_pin_label]: Label connected to only one pin
    ; warning
    @(210.82 mm, 205.74 mm): Label '-REG-RD-LO'
[isolated_pin_label]: Label connected to only one pin
    ; warning
    @(213.36 mm, 205.74 mm): Label '-REG-LD-LO'
[isolated_pin_label]: Label connected to only one pin
    ; warning
    @(215.90 mm, 205.74 mm): Label '-REG-RD-HI'
[isolated_pin_label]: Label connected to only one pin
    ; warning
    @(218.44 mm, 205.74 mm): Label '-REG-LD-HI'
[isolated_pin_label]: Label connected to only one pin
    ; warning
    @(220.98 mm, 205.74 mm): Label '-REG-DN'
[isolated_pin_label]: Label connected to only one pin
    ; warning
    @(223.52 mm, 205.74 mm): Label '-REG-UP'
[isolated_pin_label]: Label connected to only one pin
    ; warning
    @(248.92 mm, 205.74 mm): Label '-ADDR-REG-ID0'
[isolated_pin_label]: Label connected to only one pin
    ; warning
    @(251.46 mm, 205.74 mm): Label '-ADDR-REG-ID1'
[isolated_pin_label]: Label connected to only one pin
    ; warning
    @(254.00 mm, 205.74 mm): Label '-ADDR-REG-ID2'
[isolated_pin_label]: Label connected to only one pin
    ; warning
    @(256.54 mm, 205.74 mm): Label '-ADDR-REG-ID3'
[isolated_pin_label]: Label connected to only one pin
    ; warning
    @(269.24 mm, 205.74 mm): Label '-IO-ADDR-LD'
[isolated_pin_label]: Label connected to only one pin
    ; warning
    @(274.32 mm, 205.74 mm): Label '-INT'
[isolated_pin_label]: Label connected to only one pin
    ; warning
    @(276.86 mm, 205.74 mm): Label '-INTA'
[isolated_pin_label]: Label connected to only one pin
    ; warning
    @(279.40 mm, 205.74 mm): Label '-ALU-FUNC'
[isolated_pin_label]: Label connected to only one pin
    ; warning
    @(281.94 mm, 205.74 mm): Label 'ALU0'
[isolated_pin_label]: Label connected to only one pin
    ; warning
    @(284.48 mm, 205.74 mm): Label 'ALU1'
[isolated_pin_label]: Label connected to only one pin
    ; warning
    @(287.02 mm, 205.74 mm): Label 'ALU2'
[isolated_pin_label]: Label connected to only one pin
    ; warning
    @(289.56 mm, 205.74 mm): Label 'ALU3'
[isolated_pin_label]: Label connected to only one pin
    ; warning
    @(292.10 mm, 205.74 mm): Label '-AC-LD-INV'
[isolated_pin_label]: Label connected to only one pin
    ; warning
    @(294.64 mm, 205.74 mm): Label '-AC-RD'
[isolated_pin_label]: Label connected to only one pin
    ; warning
    @(297.18 mm, 205.74 mm): Label '-AC-LD'
[isolated_pin_label]: Label connected to only one pin
    ; warning
    @(299.72 mm, 205.74 mm): Label '-SR-LD'
[isolated_pin_label]: Label connected to only one pin
    ; warning
    @(302.26 mm, 205.74 mm): Label 'BR-COND'
[isolated_pin_label]: Label connected to only one pin
    ; warning
    @(304.80 mm, 205.74 mm): Label '-HL-SWAP'
[isolated_pin_label]: Label connected to only one pin
    ; warning
    @(307.34 mm, 205.74 mm): Label '-IN'
[isolated_pin_label]: Label connected to only one pin
    ; warning
    @(309.88 mm, 205.74 mm): Label '-OUT'
[isolated_pin_label]: Label connected to only one pin
    ; warning
    @(314.96 mm, 205.74 mm): Label '-RUN'
[endpoint_off_grid]: Symbol pin or wire end off connection grid
    ; warning
    @(50.763 mm, 131.028 mm): Symbol IC6 Hidden pin 7 [GND, Power input, Line]
[endpoint_off_grid]: Symbol pin or wire end off connection grid
    ; warning
    @(60.997 mm, 49.312 mm): Symbol IC3 Hidden pin 7 [GND, Power input, Line]
[endpoint_off_grid]: Symbol pin or wire end off connection grid
    ; warning
    @(73.623 mm, 131.028 mm): Symbol IC18 Hidden pin 7 [GND, Power input, Line]
[unconnected_wire_endpoint]: Unconnected wire endpoint
    ; warning
    @(73.66 mm, 95.25 mm): Horizontal Wire, length 20.32 mm
[endpoint_off_grid]: Symbol pin or wire end off connection grid
    ; warning
    @(94.017 mm, 49.312 mm): Symbol IC10 Hidden pin 7 [GND, Power input, Line]
[endpoint_off_grid]: Symbol pin or wire end off connection grid
    ; warning
    @(109.257 mm, 79.781 mm): Symbol IC7 Hidden pin 8 [GND, Power input, Line]
[endpoint_off_grid]: Symbol pin or wire end off connection grid
    ; warning
    @(129.577 mm, 39.152 mm): Symbol IC10 Hidden pin 7 [GND, Power input, Line]
[endpoint_off_grid]: Symbol pin or wire end off connection grid
    ; warning
    @(157.517 mm, 39.152 mm): Symbol IC10 Hidden pin 7 [GND, Power input, Line]
[endpoint_off_grid]: Symbol pin or wire end off connection grid
    ; warning
    @(205.777 mm, 39.152 mm): Symbol IC12 Hidden pin 7 [GND, Power input, Line]
[endpoint_off_grid]: Symbol pin or wire end off connection grid
    ; warning
    @(226.097 mm, 130.592 mm): Symbol IC4 Hidden pin 7 [GND, Power input, Line]
[endpoint_off_grid]: Symbol pin or wire end off connection grid
    ; warning
    @(248.957 mm, 130.592 mm): Symbol IC6 Hidden pin 7 [GND, Power input, Line]
[endpoint_off_grid]: Symbol pin or wire end off connection grid
    ; warning
    @(128.307 mm, 109.002 mm): Symbol IC14 Hidden pin 7 [GND, Power input, Line]
[endpoint_off_grid]: Symbol pin or wire end off connection grid
    ; warning
    @(128.307 mm, 126.782 mm): Symbol IC14 Hidden pin 7 [GND, Power input, Line]
[endpoint_off_grid]: Symbol pin or wire end off connection grid
    ; warning
    @(163.867 mm, 93.762 mm): Symbol IC6 Hidden pin 7 [GND, Power input, Line]
[endpoint_off_grid]: Symbol pin or wire end off connection grid
    ; warning
    @(163.867 mm, 157.262 mm): Symbol IC6 Hidden pin 7 [GND, Power input, Line]
[endpoint_off_grid]: Symbol pin or wire end off connection grid
    ; warning
    @(166.407 mm, 116.622 mm): Symbol IC10 Hidden pin 7 [GND, Power input, Line]
[endpoint_off_grid]: Symbol pin or wire end off connection grid
    ; warning
    @(186.727 mm, 157.262 mm): Symbol IC6 Hidden pin 7 [GND, Power input, Line]
[endpoint_off_grid]: Symbol pin or wire end off connection grid
    ; warning
    @(189.267 mm, 93.762 mm): Symbol IC6 Hidden pin 7 [GND, Power input, Line]
[unconnected_wire_endpoint]: Unconnected wire endpoint
    ; warning
    @(260.35 mm, 162.56 mm): Horizontal Wire, length 22.86 mm
[unconnected_wire_endpoint]: Unconnected wire endpoint
    ; warning
    @(326.39 mm, 50.80 mm): Horizontal Wire, length 38.10 mm
[unconnected_wire_endpoint]: Unconnected wire endpoint
    ; warning
    @(326.39 mm, 68.58 mm): Horizontal Wire, length 38.10 mm
[unconnected_wire_endpoint]: Unconnected wire endpoint
    ; warning
    @(326.39 mm, 116.84 mm): Horizontal Wire, length 38.10 mm
[unconnected_wire_endpoint]: Unconnected wire endpoint
    ; warning
    @(326.39 mm, 134.62 mm): Horizontal Wire, length 38.10 mm
[endpoint_off_grid]: Symbol pin or wire end off connection grid
    ; warning
    @(115.607 mm, 44.21 mm): Symbol IC8 Hidden pin 10 [GND, Power input, Line]
[endpoint_off_grid]: Symbol pin or wire end off connection grid
    ; warning
    @(115.607 mm, 69.61 mm): Symbol IC8 Hidden pin 10 [GND, Power input, Line]
[endpoint_off_grid]: Symbol pin or wire end off connection grid
    ; warning
    @(115.607 mm, 97.55 mm): Symbol IC9 Hidden pin 10 [GND, Power input, Line]
[endpoint_off_grid]: Symbol pin or wire end off connection grid
    ; warning
    @(115.607 mm, 122.95 mm): Symbol IC9 Hidden pin 10 [GND, Power input, Line]
[endpoint_off_grid]: Symbol pin or wire end off connection grid
    ; warning
    @(171.487 mm, 130.581 mm): Symbol IC11 Hidden pin 8 [GND, Power input, Line]
[unconnected_wire_endpoint]: Unconnected wire endpoint
    ; warning
    @(217.17 mm, 39.37 mm): Horizontal Wire, length 88.90 mm
[unconnected_wire_endpoint]: Unconnected wire endpoint
    ; warning
    @(217.17 mm, 46.99 mm): Horizontal Wire, length 88.90 mm
[unconnected_wire_endpoint]: Unconnected wire endpoint
    ; warning
    @(217.17 mm, 64.77 mm): Horizontal Wire, length 88.90 mm
[unconnected_wire_endpoint]: Unconnected wire endpoint
    ; warning
    @(217.17 mm, 72.39 mm): Horizontal Wire, length 88.90 mm
[unconnected_wire_endpoint]: Unconnected wire endpoint
    ; warning
    @(217.17 mm, 92.71 mm): Horizontal Wire, length 88.90 mm
[unconnected_wire_endpoint]: Unconnected wire endpoint
    ; warning
    @(217.17 mm, 100.33 mm): Horizontal Wire, length 88.90 mm
[endpoint_off_grid]: Symbol pin or wire end off connection grid
    ; warning
    @(111.797 mm, 109.002 mm): Symbol IC15 Hidden pin 7 [GND, Power input, Line]
[endpoint_off_grid]: Symbol pin or wire end off connection grid
    ; warning
    @(185.457 mm, 83.58 mm): Symbol IC5 Hidden pin 10 [GND, Power input, Line]
[endpoint_off_grid]: Symbol pin or wire end off connection grid
    ; warning
    @(153.707 mm, 91.222 mm): Symbol IC14 Hidden pin 7 [GND, Power input, Line]
[endpoint_off_grid]: Symbol pin or wire end off connection grid
    ; warning
    @(153.707 mm, 175.042 mm): Symbol IC14 Hidden pin 7 [GND, Power input, Line]
[endpoint_off_grid]: Symbol pin or wire end off connection grid
    ; warning
    @(232.447 mm, 78.50 mm): Symbol IC26 Hidden pin 10 [GND, Power input, Line]
[endpoint_off_grid]: Symbol pin or wire end off connection grid
    ; warning
    @(232.447 mm, 121.68 mm): Symbol IC27 Hidden pin 10 [GND, Power input, Line]
[endpoint_off_grid]: Symbol pin or wire end off connection grid
    ; warning
    @(232.447 mm, 162.32 mm): Symbol IC28 Hidden pin 10 [GND, Power input, Line]
[endpoint_off_grid]: Symbol pin or wire end off connection grid
    ; warning
    @(232.447 mm, 205.50 mm): Symbol IC29 Hidden pin 10 [GND, Power input, Line]
[unconnected_wire_endpoint]: Unconnected wire endpoint
    ; warning
    @(270.51 mm, 66.04 mm): Horizontal Wire, length 43.18 mm
[unconnected_wire_endpoint]: Unconnected wire endpoint
    ; warning
    @(306.07 mm, 83.82 mm): Horizontal Wire, length 7.62 mm
[unconnected_wire_endpoint]: Unconnected wire endpoint
    ; warning
    @(270.51 mm, 109.22 mm): Horizontal Wire, length 43.18 mm
[unconnected_wire_endpoint]: Unconnected wire endpoint
    ; warning
    @(306.07 mm, 127.00 mm): Horizontal Wire, length 7.62 mm
[unconnected_wire_endpoint]: Unconnected wire endpoint
    ; warning
    @(245.11 mm, 149.86 mm): Horizontal Wire, length 68.58 mm
[unconnected_wire_endpoint]: Unconnected wire endpoint
    ; warning
    @(245.11 mm, 167.64 mm): Horizontal Wire, length 68.58 mm
[unconnected_wire_endpoint]: Unconnected wire endpoint
    ; warning
    @(245.11 mm, 193.04 mm): Horizontal Wire, length 68.58 mm
[unconnected_wire_endpoint]: Unconnected wire endpoint
    ; warning
    @(245.11 mm, 210.82 mm): Horizontal Wire, length 68.58 mm
[isolated_pin_label]: Label connected to only one pin
    ; warning
    @(200.66 mm, 147.32 mm): Label 'SRST'

***** Sheet /Sheet 1/

***** Sheet /Sheet 2/

***** Sheet /Sheet 3/
[missing_power_pin]: Symbol IC14 has input power pins in units [ C, D ] that are not placed
    ; error
    @(128.27 mm, 109.22 mm): Symbol IC14 [74xx-us_74x04_N_pwrhidden]
[missing_input_pin]: Symbol IC14 has input pins in units [ C, D ] that are not placed
    ; warning
    @(128.27 mm, 109.22 mm): Symbol IC14 [74xx-us_74x04_N_pwrhidden]
[missing_unit]: Symbol IC14 has unplaced units [ C, D ]
    ; warning
    @(128.27 mm, 109.22 mm): Symbol IC14 [74xx-us_74x04_N_pwrhidden]

***** Sheet /Sheet 4/

***** Sheet /Sheet 5/

***** Sheet /Sheet 6/

***** Sheet /Sheet 7/

 ** ERC messages: 99  Errors 1  Warnings 98

 ** Ignored checks:
    - Global label only appears once in the schematic
    - Four connection points are joined together
    - SPICE model issue
    - Assigned footprint doesn't match footprint filters
