2026-09-24 14:45:09.138 [main] INFO  Freerouting v1.9.0 (build-date: 2023-10-30)
2026-09-24 14:45:09.177 [main] INFO  Settings were loaded from freerouting.json
2026-09-24 14:45:10.208 [main] INFO  Opening '/tmp/memory-v2-build.hyWvKl/fra/a.dsn'...
2026-09-24 14:45:10.424 [ForkJoinPool.commonPool-worker-1] INFO  New version available: v2.4.1
WARNING: Runtime environment or build system does not support multi-release JARs. This will impact location-based features.
2026-09-24 14:45:12.217 [AWT-EventQueue-0] ERROR Cannot invoke "app.freerouting.geometry.planar.FloatPoint.rotate(double, app.freerouting.geometry.planar.FloatPoint)" because "p_point" is null
java.lang.NullPointerException: Cannot invoke "app.freerouting.geometry.planar.FloatPoint.rotate(double, app.freerouting.geometry.planar.FloatPoint)" because "p_point" is null
	at app.freerouting.boardgraphics.CoordinateTransform.board_to_screen(CoordinateTransform.java:82) ~[freerouting.jar:unspecified]
	at app.freerouting.interactive.InteractiveState.mouse_wheel_moved(InteractiveState.java:90) ~[freerouting.jar:unspecified]
	at app.freerouting.interactive.BoardHandling.mouse_wheel_moved(BoardHandling.java:721) ~[freerouting.jar:unspecified]
	at app.freerouting.gui.BoardPanel.lambda$default_init$0(BoardPanel.java:123) ~[freerouting.jar:unspecified]
	at java.awt.Component.processMouseWheelEvent(Unknown Source) ~[?:?]
	at java.awt.Component.processEvent(Unknown Source) ~[?:?]
	at java.awt.Container.processEvent(Unknown Source) ~[?:?]
	at java.awt.Component.dispatchEventImpl(Unknown Source) ~[?:?]
	at java.awt.Container.dispatchEventImpl(Unknown Source) ~[?:?]
	at java.awt.Component.dispatchEvent(Unknown Source) ~[?:?]
	at java.awt.LightweightDispatcher.retargetMouseEvent(Unknown Source) ~[?:?]
	at java.awt.LightweightDispatcher.processMouseEvent(Unknown Source) ~[?:?]
	at java.awt.LightweightDispatcher.dispatchEvent(Unknown Source) ~[?:?]
	at java.awt.Container.dispatchEventImpl(Unknown Source) ~[?:?]
	at java.awt.Window.dispatchEventImpl(Unknown Source) ~[?:?]
	at java.awt.Component.dispatchEvent(Unknown Source) ~[?:?]
	at java.awt.EventQueue.dispatchEventImpl(Unknown Source) ~[?:?]
	at java.awt.EventQueue$4.run(Unknown Source) ~[?:?]
	at java.awt.EventQueue$4.run(Unknown Source) ~[?:?]
	at java.security.AccessController.doPrivileged(Unknown Source) ~[?:?]
	at java.security.ProtectionDomain$JavaSecurityAccessImpl.doIntersectionPrivilege(Unknown Source) ~[?:?]
	at java.security.ProtectionDomain$JavaSecurityAccessImpl.doIntersectionPrivilege(Unknown Source) ~[?:?]
	at java.awt.EventQueue$5.run(Unknown Source) ~[?:?]
	at java.awt.EventQueue$5.run(Unknown Source) ~[?:?]
	at java.security.AccessController.doPrivileged(Unknown Source) ~[?:?]
	at java.security.ProtectionDomain$JavaSecurityAccessImpl.doIntersectionPrivilege(Unknown Source) ~[?:?]
	at java.awt.EventQueue.dispatchEvent(Unknown Source) ~[?:?]
	at java.awt.EventDispatchThread.pumpOneEventForFilters(Unknown Source) [?:?]
	at java.awt.EventDispatchThread.pumpEventsForFilter(Unknown Source) [?:?]
	at java.awt.EventDispatchThread.pumpEventsForHierarchy(Unknown Source) [?:?]
	at java.awt.EventDispatchThread.pumpEvents(Unknown Source) [?:?]
	at java.awt.EventDispatchThread.pumpEvents(Unknown Source) [?:?]
	at java.awt.EventDispatchThread.run(Unknown Source) [?:?]
2026-09-24 14:45:12.217 [AWT-EventQueue-0] ERROR Cannot invoke "app.freerouting.geometry.planar.FloatPoint.rotate(double, app.freerouting.geometry.planar.FloatPoint)" because "p_point" is null
java.lang.NullPointerException: Cannot invoke "app.freerouting.geometry.planar.FloatPoint.rotate(double, app.freerouting.geometry.planar.FloatPoint)" because "p_point" is null
	at app.freerouting.boardgraphics.CoordinateTransform.board_to_screen(CoordinateTransform.java:82) ~[freerouting.jar:unspecified]
	at app.freerouting.interactive.InteractiveState.mouse_wheel_moved(InteractiveState.java:90) ~[freerouting.jar:unspecified]
	at app.freerouting.interactive.BoardHandling.mouse_wheel_moved(BoardHandling.java:721) ~[freerouting.jar:unspecified]
	at app.freerouting.gui.BoardPanel.lambda$default_init$0(BoardPanel.java:123) ~[freerouting.jar:unspecified]
	at java.awt.Component.processMouseWheelEvent(Unknown Source) ~[?:?]
	at java.awt.Component.processEvent(Unknown Source) ~[?:?]
	at java.awt.Container.processEvent(Unknown Source) ~[?:?]
	at java.awt.Component.dispatchEventImpl(Unknown Source) ~[?:?]
	at java.awt.Container.dispatchEventImpl(Unknown Source) ~[?:?]
	at java.awt.Component.dispatchEvent(Unknown Source) ~[?:?]
	at java.awt.LightweightDispatcher.retargetMouseEvent(Unknown Source) ~[?:?]
	at java.awt.LightweightDispatcher.processMouseEvent(Unknown Source) ~[?:?]
	at java.awt.LightweightDispatcher.dispatchEvent(Unknown Source) ~[?:?]
	at java.awt.Container.dispatchEventImpl(Unknown Source) ~[?:?]
	at java.awt.Window.dispatchEventImpl(Unknown Source) ~[?:?]
	at java.awt.Component.dispatchEvent(Unknown Source) ~[?:?]
	at java.awt.EventQueue.dispatchEventImpl(Unknown Source) ~[?:?]
	at java.awt.EventQueue$4.run(Unknown Source) ~[?:?]
	at java.awt.EventQueue$4.run(Unknown Source) ~[?:?]
	at java.security.AccessController.doPrivileged(Unknown Source) ~[?:?]
	at java.security.ProtectionDomain$JavaSecurityAccessImpl.doIntersectionPrivilege(Unknown Source) ~[?:?]
	at java.security.ProtectionDomain$JavaSecurityAccessImpl.doIntersectionPrivilege(Unknown Source) ~[?:?]
	at java.awt.EventQueue$5.run(Unknown Source) ~[?:?]
	at java.awt.EventQueue$5.run(Unknown Source) ~[?:?]
	at java.security.AccessController.doPrivileged(Unknown Source) ~[?:?]
	at java.security.ProtectionDomain$JavaSecurityAccessImpl.doIntersectionPrivilege(Unknown Source) ~[?:?]
	at java.awt.EventQueue.dispatchEvent(Unknown Source) ~[?:?]
	at java.awt.EventDispatchThread.pumpOneEventForFilters(Unknown Source) [?:?]
	at java.awt.EventDispatchThread.pumpEventsForFilter(Unknown Source) [?:?]
	at java.awt.EventDispatchThread.pumpEventsForHierarchy(Unknown Source) [?:?]
	at java.awt.EventDispatchThread.pumpEvents(Unknown Source) [?:?]
	at java.awt.EventDispatchThread.pumpEvents(Unknown Source) [?:?]
	at java.awt.EventDispatchThread.run(Unknown Source) [?:?]
2026-09-24 14:45:32.432 [Thread-25] INFO  Starting auto-routing...
2026-09-24 14:46:02.891 [Thread-25] INFO  Auto-routing was completed in 30.46 seconds.
2026-09-24 14:46:02.998 [Thread-25] INFO  Starting route optimization on 1 thread...
2026-09-24 14:46:34.983 [Thread-25] INFO  Route optimization was completed in 31.98 seconds and it improved the design by ~50.03%.
2026-09-24 14:46:34.992 [Thread-25] INFO  Saving '/tmp/memory-v2-build.hyWvKl/fra/a.ses'...
2026-09-24 14:45:09.138 [main] INFO  Freerouting v1.9.0 (build-date: 2023-10-30)
2026-09-24 14:45:09.177 [main] INFO  Settings were loaded from freerouting.json
2026-09-24 14:45:10.208 [main] INFO  Opening '/tmp/memory-v2-build.hyWvKl/fra/a.dsn'...
2026-09-24 14:45:10.424 [ForkJoinPool.commonPool-worker-1] INFO  New version available: v2.4.1
2026-09-24 14:45:12.217 [AWT-EventQueue-0] ERROR Cannot invoke "app.freerouting.geometry.planar.FloatPoint.rotate(double, app.freerouting.geometry.planar.FloatPoint)" because "p_point" is null
java.lang.NullPointerException: Cannot invoke "app.freerouting.geometry.planar.FloatPoint.rotate(double, app.freerouting.geometry.planar.FloatPoint)" because "p_point" is null
	at app.freerouting.boardgraphics.CoordinateTransform.board_to_screen(CoordinateTransform.java:82) ~[freerouting.jar:unspecified]
	at app.freerouting.interactive.InteractiveState.mouse_wheel_moved(InteractiveState.java:90) ~[freerouting.jar:unspecified]
	at app.freerouting.interactive.BoardHandling.mouse_wheel_moved(BoardHandling.java:721) ~[freerouting.jar:unspecified]
	at app.freerouting.gui.BoardPanel.lambda$default_init$0(BoardPanel.java:123) ~[freerouting.jar:unspecified]
	at java.awt.Component.processMouseWheelEvent(Unknown Source) ~[?:?]
	at java.awt.Component.processEvent(Unknown Source) ~[?:?]
	at java.awt.Container.processEvent(Unknown Source) ~[?:?]
	at java.awt.Component.dispatchEventImpl(Unknown Source) ~[?:?]
	at java.awt.Container.dispatchEventImpl(Unknown Source) ~[?:?]
	at java.awt.Component.dispatchEvent(Unknown Source) ~[?:?]
	at java.awt.LightweightDispatcher.retargetMouseEvent(Unknown Source) ~[?:?]
	at java.awt.LightweightDispatcher.processMouseEvent(Unknown Source) ~[?:?]
	at java.awt.LightweightDispatcher.dispatchEvent(Unknown Source) ~[?:?]
	at java.awt.Container.dispatchEventImpl(Unknown Source) ~[?:?]
	at java.awt.Window.dispatchEventImpl(Unknown Source) ~[?:?]
	at java.awt.Component.dispatchEvent(Unknown Source) ~[?:?]
	at java.awt.EventQueue.dispatchEventImpl(Unknown Source) ~[?:?]
	at java.awt.EventQueue$4.run(Unknown Source) ~[?:?]
	at java.awt.EventQueue$4.run(Unknown Source) ~[?:?]
	at java.security.AccessController.doPrivileged(Unknown Source) ~[?:?]
	at java.security.ProtectionDomain$JavaSecurityAccessImpl.doIntersectionPrivilege(Unknown Source) ~[?:?]
	at java.security.ProtectionDomain$JavaSecurityAccessImpl.doIntersectionPrivilege(Unknown Source) ~[?:?]
	at java.awt.EventQueue$5.run(Unknown Source) ~[?:?]
	at java.awt.EventQueue$5.run(Unknown Source) ~[?:?]
	at java.security.AccessController.doPrivileged(Unknown Source) ~[?:?]
	at java.security.ProtectionDomain$JavaSecurityAccessImpl.doIntersectionPrivilege(Unknown Source) ~[?:?]
	at java.awt.EventQueue.dispatchEvent(Unknown Source) ~[?:?]
	at java.awt.EventDispatchThread.pumpOneEventForFilters(Unknown Source) [?:?]
	at java.awt.EventDispatchThread.pumpEventsForFilter(Unknown Source) [?:?]
	at java.awt.EventDispatchThread.pumpEventsForHierarchy(Unknown Source) [?:?]
	at java.awt.EventDispatchThread.pumpEvents(Unknown Source) [?:?]
	at java.awt.EventDispatchThread.pumpEvents(Unknown Source) [?:?]
	at java.awt.EventDispatchThread.run(Unknown Source) [?:?]
2026-09-24 14:45:32.432 [Thread-25] INFO  Starting auto-routing...
2026-09-24 14:46:02.891 [Thread-25] INFO  Auto-routing was completed in 30.46 seconds.
2026-09-24 14:46:02.998 [Thread-25] INFO  Starting route optimization on 1 thread...
2026-09-24 14:46:34.983 [Thread-25] INFO  Route optimization was completed in 31.98 seconds and it improved the design by ~50.03%.
2026-09-24 14:46:34.992 [Thread-25] INFO  Saving '/tmp/memory-v2-build.hyWvKl/fra/a.ses'...
