2026-09-24 20:33:10.041 [main] INFO  Freerouting v1.9.0 (build-date: 2023-10-30)
2026-09-24 20:33:10.075 [main] INFO  Settings were loaded from freerouting.json
2026-09-24 20:33:11.120 [main] INFO  Opening '/tmp/memory-v2-build.pDJk4q/sb1/b.dsn'...
2026-09-24 20:33:11.709 [ForkJoinPool.commonPool-worker-1] INFO  New version available: v2.4.1
2026-09-24 20:33:33.757 [Thread-20] INFO  Starting auto-routing...
2026-09-24 20:35:11.186 [Thread-20] INFO  Auto-routing was completed in 1 minute(s) 37.43 seconds.
2026-09-24 20:35:11.301 [Thread-20] INFO  Starting route optimization on 1 thread...
2026-09-24 20:36:19.369 [Thread-20] WARN  CalcFromSide: start corner was not found
2026-09-24 20:36:29.177 [Thread-20] WARN  CalcFromSide: start corner was not found
2026-09-24 20:36:57.149 [Thread-20] INFO  Route optimization was completed in 1 minute(s) 45.85 seconds and it improved the design by ~50.45%.
2026-09-24 20:36:57.161 [Thread-20] INFO  Saving '/tmp/memory-v2-build.pDJk4q/sb1/b.ses'...
2026-09-24 20:33:10.041 [main] INFO  Freerouting v1.9.0 (build-date: 2023-10-30)
2026-09-24 20:33:10.075 [main] INFO  Settings were loaded from freerouting.json
2026-09-24 20:33:11.120 [main] INFO  Opening '/tmp/memory-v2-build.pDJk4q/sb1/b.dsn'...
2026-09-24 20:33:11.709 [ForkJoinPool.commonPool-worker-1] INFO  New version available: v2.4.1
2026-09-24 20:33:33.757 [Thread-20] INFO  Starting auto-routing...
2026-09-24 20:35:11.186 [Thread-20] INFO  Auto-routing was completed in 1 minute(s) 37.43 seconds.
2026-09-24 20:35:11.301 [Thread-20] INFO  Starting route optimization on 1 thread...
2026-09-24 20:36:19.369 [Thread-20] WARN  CalcFromSide: start corner was not found
2026-09-24 20:36:29.177 [Thread-20] WARN  CalcFromSide: start corner was not found
2026-09-24 20:36:57.149 [Thread-20] INFO  Route optimization was completed in 1 minute(s) 45.85 seconds and it improved the design by ~50.45%.
2026-09-24 20:36:57.161 [Thread-20] INFO  Saving '/tmp/memory-v2-build.pDJk4q/sb1/b.ses'...
