2026-09-24 23:37:34.910 [main] INFO  Freerouting v1.9.0 (build-date: 2023-10-30)
2026-09-24 23:37:34.944 [main] INFO  Settings were loaded from freerouting.json
2026-09-24 23:37:35.975 [main] INFO  Opening '/tmp/memory-v2-build.c6zGqo/sd8/d.dsn'...
java.util.concurrent.CompletionException: java.lang.NullPointerException: Cannot invoke "com.google.gson.JsonElement.getAsString()" because the return value of "com.google.gson.JsonObject.get(String)" is null
	at java.base/java.util.concurrent.CompletableFuture.encodeThrowable(Unknown Source)
	at java.base/java.util.concurrent.CompletableFuture.completeThrowable(Unknown Source)
	at java.base/java.util.concurrent.CompletableFuture$UniAccept.tryFire(Unknown Source)
	at java.base/java.util.concurrent.CompletableFuture.postComplete(Unknown Source)
	at java.base/java.util.concurrent.CompletableFuture.postFire(Unknown Source)
	at java.base/java.util.concurrent.CompletableFuture$UniWhenComplete.tryFire(Unknown Source)
	at java.base/java.util.concurrent.CompletableFuture$Completion.exec(Unknown Source)
	at java.base/java.util.concurrent.ForkJoinTask.doExec(Unknown Source)
	at java.base/java.util.concurrent.ForkJoinPool$WorkQueue.topLevelExec(Unknown Source)
	at java.base/java.util.concurrent.ForkJoinPool.scan(Unknown Source)
	at java.base/java.util.concurrent.ForkJoinPool.runWorker(Unknown Source)
	at java.base/java.util.concurrent.ForkJoinWorkerThread.run(Unknown Source)
Caused by: java.lang.NullPointerException: Cannot invoke "com.google.gson.JsonElement.getAsString()" because the return value of "com.google.gson.JsonObject.get(String)" is null
	at app.freerouting.management.VersionChecker.processResponse(VersionChecker.java:39)
	... 10 more
2026-09-24 23:37:59.984 [Thread-20] INFO  Starting auto-routing...
2026-09-24 23:39:01.485 [Thread-20] WARN  CalcFromSide: start corner was not found
2026-09-24 23:39:01.489 [Thread-20] WARN  CalcFromSide: start corner was not found
2026-09-24 23:39:22.099 [Thread-20] INFO  Auto-routing was completed in 1 minute(s) 22.11 seconds.
2026-09-24 23:39:22.210 [Thread-20] INFO  Starting route optimization on 1 thread...
2026-09-24 23:40:17.419 [Thread-20] INFO  Route optimization was completed in 55.21 seconds and it improved the design by ~50.46%.
2026-09-24 23:40:17.431 [Thread-20] INFO  Saving '/tmp/memory-v2-build.c6zGqo/sd8/d.ses'...
2026-09-24 23:37:34.910 [main] INFO  Freerouting v1.9.0 (build-date: 2023-10-30)
2026-09-24 23:37:34.944 [main] INFO  Settings were loaded from freerouting.json
2026-09-24 23:37:35.975 [main] INFO  Opening '/tmp/memory-v2-build.c6zGqo/sd8/d.dsn'...
2026-09-24 23:37:59.984 [Thread-20] INFO  Starting auto-routing...
2026-09-24 23:39:01.485 [Thread-20] WARN  CalcFromSide: start corner was not found
2026-09-24 23:39:01.489 [Thread-20] WARN  CalcFromSide: start corner was not found
2026-09-24 23:39:22.099 [Thread-20] INFO  Auto-routing was completed in 1 minute(s) 22.11 seconds.
2026-09-24 23:39:22.210 [Thread-20] INFO  Starting route optimization on 1 thread...
2026-09-24 23:40:17.419 [Thread-20] INFO  Route optimization was completed in 55.21 seconds and it improved the design by ~50.46%.
2026-09-24 23:40:17.431 [Thread-20] INFO  Saving '/tmp/memory-v2-build.c6zGqo/sd8/d.ses'...
