** Drc report for memory-v2.0.kicad_pcb **
** Created on 2026-09-25T08:17:11 **
** Report includes: Errors, Warnings, Exclusions **

** Found 208 DRC violations **
[items_not_allowed]: Items not allowed (keepout area of X1)
    Rule: keepout area of X1; error
    @(20.2870 mm, 111.3014 mm): NPTH pad of X1
[items_not_allowed]: Items not allowed (keepout area of X1)
    Rule: keepout area of X1; error
    @(20.2870 mm, 22.3886 mm): NPTH pad of X1
[silk_edge_clearance]: Silkscreen clipped by board edge
    Rule: board setup constraints silk; warning
    @(17.7470 mm, 10.0250 mm): Segment on Edge.Cuts
    @(19.0170 mm, 24.9350 mm): Segment of X1 on F.Silkscreen
[silk_edge_clearance]: Silkscreen clipped by board edge
    Rule: board setup constraints silk; warning
    @(17.7470 mm, 10.0250 mm): Segment on Edge.Cuts
    @(19.0170 mm, 108.7550 mm): Segment of X1 on F.Silkscreen
[silk_edge_clearance]: Silkscreen clipped by board edge
    Rule: board setup constraints silk; warning
    @(17.7470 mm, 10.0250 mm): Segment on Edge.Cuts
    @(22.8270 mm, 19.8550 mm): Segment of X1 on F.Silkscreen
[silk_edge_clearance]: Silkscreen clipped by board edge
    Rule: board setup constraints silk; warning
    @(17.7470 mm, 10.0250 mm): Segment on Edge.Cuts
    @(22.8270 mm, 113.7951 mm): Segment of X1 on F.Silkscreen
[lib_footprint_mismatch]: Footprint 'FABC96R' does not match copy in library 'memory-v1.3-eagle'
    Local override; warning
    @(20.2870 mm, 66.8450 mm): Footprint X1
[text_height]: Text height out of range (board setup constraints silk text height min height 0.8000 mm; actual 0.7315 mm)
    Rule: board setup constraints silk text height; warning
    @(20.2870 mm, 26.8400 mm): Footprint text of X1 (32)
[text_height]: Text height out of range (board setup constraints silk text height min height 0.8000 mm; actual 0.7315 mm)
    Rule: board setup constraints silk text height; warning
    @(20.2870 mm, 105.9610 mm): Footprint text of X1 (1)
[silk_over_copper]: Silkscreen clipped by solder mask
    Local override; warning
    @(148.5600 mm, 17.5740 mm): Segment of C8 on F.Silkscreen
    @(148.5600 mm, 18.5900 mm): PTH pad 1 [VCC] of C8
[silk_over_copper]: Silkscreen clipped by solder mask
    Local override; warning
    @(148.5600 mm, 16.9390 mm): Segment of C8 on F.Silkscreen
    @(148.5600 mm, 16.0500 mm): PTH pad 2 [GND] of C8
[silk_over_copper]: Silkscreen clipped by solder mask
    Local override; warning
    @(152.3700 mm, 20.2410 mm): Segment of IC7 on F.Silkscreen
    @(163.8000 mm, 21.1300 mm): PTH pad 5 [Net-(IC7-G2B)] of IC7
[silk_over_copper]: Silkscreen clipped by solder mask
    Local override; warning
    @(152.3700 mm, 20.2410 mm): Segment of IC7 on F.Silkscreen
    @(166.3400 mm, 21.1300 mm): PTH pad 6 [BADDR15] of IC7
[silk_over_copper]: Silkscreen clipped by solder mask
    Local override; warning
    @(152.3700 mm, 20.2410 mm): Segment of IC7 on F.Silkscreen
    @(168.8800 mm, 21.1300 mm): PTH pad 7 [/Sheet 2/SEL7] of IC7
[silk_over_copper]: Silkscreen clipped by solder mask
    Local override; warning
    @(152.3700 mm, 20.2410 mm): Segment of IC7 on F.Silkscreen
    @(171.4200 mm, 21.1300 mm): PTH pad 8 [GND] of IC7
[silk_over_copper]: Silkscreen clipped by solder mask
    Local override; warning
    @(152.3700 mm, 20.2410 mm): Segment of IC7 on F.Silkscreen
    @(153.6400 mm, 21.1300 mm): PTH pad 1 [BADDR12] of IC7
[silk_over_copper]: Silkscreen clipped by solder mask
    Local override; warning
    @(152.3700 mm, 20.2410 mm): Segment of IC7 on F.Silkscreen
    @(156.1800 mm, 21.1300 mm): PTH pad 2 [BADDR13] of IC7
[silk_over_copper]: Silkscreen clipped by solder mask
    Local override; warning
    @(152.3700 mm, 20.2410 mm): Segment of IC7 on F.Silkscreen
    @(158.7200 mm, 21.1300 mm): PTH pad 3 [BADDR14] of IC7
[silk_over_copper]: Silkscreen clipped by solder mask
    Local override; warning
    @(152.3700 mm, 20.2410 mm): Segment of IC7 on F.Silkscreen
    @(161.2600 mm, 21.1300 mm): PTH pad 4 [-VMA] of IC7
[silk_over_copper]: Silkscreen clipped by solder mask
    Local override; warning
    @(172.6900 mm, 14.3990 mm): Segment of IC7 on F.Silkscreen
    @(171.4200 mm, 13.5100 mm): PTH pad 9 [/Sheet 2/SEL6] of IC7
[silk_over_copper]: Silkscreen clipped by solder mask
    Local override; warning
    @(172.6900 mm, 14.3990 mm): Segment of IC7 on F.Silkscreen
    @(168.8800 mm, 13.5100 mm): PTH pad 10 [/Sheet 2/SEL5] of IC7
[silk_over_copper]: Silkscreen clipped by solder mask
    Local override; warning
    @(172.6900 mm, 14.3990 mm): Segment of IC7 on F.Silkscreen
    @(166.3400 mm, 13.5100 mm): PTH pad 11 [/Sheet 2/SEL4] of IC7
[silk_over_copper]: Silkscreen clipped by solder mask
    Local override; warning
    @(172.6900 mm, 14.3990 mm): Segment of IC7 on F.Silkscreen
    @(163.8000 mm, 13.5100 mm): PTH pad 12 [/Sheet 2/SEL3] of IC7
[silk_over_copper]: Silkscreen clipped by solder mask
    Local override; warning
    @(172.6900 mm, 14.3990 mm): Segment of IC7 on F.Silkscreen
    @(161.2600 mm, 13.5100 mm): PTH pad 13 [/Sheet 2/SEL2] of IC7
[silk_over_copper]: Silkscreen clipped by solder mask
    Local override; warning
    @(172.6900 mm, 14.3990 mm): Segment of IC7 on F.Silkscreen
    @(158.7200 mm, 13.5100 mm): PTH pad 14 [/Sheet 2/SEL1] of IC7
[silk_over_copper]: Silkscreen clipped by solder mask
    Local override; warning
    @(172.6900 mm, 14.3990 mm): Segment of IC7 on F.Silkscreen
    @(156.1800 mm, 13.5100 mm): PTH pad 15 [/Sheet 2/SEL0] of IC7
[silk_over_copper]: Silkscreen clipped by solder mask
    Local override; warning
    @(172.6900 mm, 14.3990 mm): Segment of IC7 on F.Silkscreen
    @(153.6400 mm, 13.5100 mm): PTH pad 16 [VCC] of IC7
[silk_over_copper]: Silkscreen clipped by solder mask
    Local override; warning
    @(74.9000 mm, 26.5910 mm): Segment of IC14 on F.Silkscreen
    @(83.7900 mm, 27.4800 mm): PTH pad 4 [Net-(IC10A-I0)] of IC14
[silk_over_copper]: Silkscreen clipped by solder mask
    Local override; warning
    @(74.9000 mm, 26.5910 mm): Segment of IC14 on F.Silkscreen
    @(86.3300 mm, 27.4800 mm): PTH pad 5 [<no net>] of IC14
[silk_over_copper]: Silkscreen clipped by solder mask
    Local override; warning
    @(74.9000 mm, 26.5910 mm): Segment of IC14 on F.Silkscreen
    @(88.8700 mm, 27.4800 mm): PTH pad 6 [<no net>] of IC14
[silk_over_copper]: Silkscreen clipped by solder mask
    Local override; warning
    @(74.9000 mm, 26.5910 mm): Segment of IC14 on F.Silkscreen
    @(91.4100 mm, 27.4800 mm): PTH pad 7 [GND] of IC14
[silk_over_copper]: Silkscreen clipped by solder mask
    Local override; warning
    @(74.9000 mm, 26.5910 mm): Segment of IC14 on F.Silkscreen
    @(76.1700 mm, 27.4800 mm): PTH pad 1 [-TMP-REG-LD0] of IC14
[silk_over_copper]: Silkscreen clipped by solder mask
    Local override; warning
    @(74.9000 mm, 26.5910 mm): Segment of IC14 on F.Silkscreen
    @(78.7100 mm, 27.4800 mm): PTH pad 2 [Net-(IC14A-O)] of IC14
[silk_over_copper]: Silkscreen clipped by solder mask
    Local override; warning
    @(74.9000 mm, 26.5910 mm): Segment of IC14 on F.Silkscreen
    @(81.2500 mm, 27.4800 mm): PTH pad 3 [BADDR15] of IC14
[silk_over_copper]: Silkscreen clipped by solder mask
    Local override; warning
    @(92.6800 mm, 20.7490 mm): Segment of IC14 on F.Silkscreen
    @(91.4100 mm, 19.8600 mm): PTH pad 8 [<no net>] of IC14
[silk_over_copper]: Silkscreen clipped by solder mask
    Local override; warning
    @(92.6800 mm, 20.7490 mm): Segment of IC14 on F.Silkscreen
    @(88.8700 mm, 19.8600 mm): PTH pad 9 [<no net>] of IC14
[silk_over_copper]: Silkscreen clipped by solder mask
    Local override; warning
    @(92.6800 mm, 20.7490 mm): Segment of IC14 on F.Silkscreen
    @(86.3300 mm, 19.8600 mm): PTH pad 10 [Net-(IC10A-I1)] of IC14
[silk_over_copper]: Silkscreen clipped by solder mask
    Local override; warning
    @(92.6800 mm, 20.7490 mm): Segment of IC14 on F.Silkscreen
    @(83.7900 mm, 19.8600 mm): PTH pad 11 [-VMA] of IC14
[silk_over_copper]: Silkscreen clipped by solder mask
    Local override; warning
    @(92.6800 mm, 20.7490 mm): Segment of IC14 on F.Silkscreen
    @(81.2500 mm, 19.8600 mm): PTH pad 12 [Net-(IC14F-O)] of IC14
[silk_over_copper]: Silkscreen clipped by solder mask
    Local override; warning
    @(92.6800 mm, 20.7490 mm): Segment of IC14 on F.Silkscreen
    @(78.7100 mm, 19.8600 mm): PTH pad 13 [-TMP-REG-LD1] of IC14
[silk_over_copper]: Silkscreen clipped by solder mask
    Local override; warning
    @(92.6800 mm, 20.7490 mm): Segment of IC14 on F.Silkscreen
    @(76.1700 mm, 19.8600 mm): PTH pad 14 [VCC] of IC14
[silk_over_copper]: Silkscreen clipped by solder mask
    Local override; warning
    @(71.0900 mm, 23.2890 mm): Segment of C13 on F.Silkscreen
    @(71.0900 mm, 22.4000 mm): PTH pad 2 [GND] of C13
[silk_over_copper]: Silkscreen clipped by solder mask
    Local override; warning
    @(71.0900 mm, 23.9240 mm): Segment of C13 on F.Silkscreen
    @(71.0900 mm, 24.9400 mm): PTH pad 1 [VCC] of C13
[silk_over_copper]: Silkscreen clipped by solder mask
    Local override; warning
    @(99.4110 mm, 29.1310 mm): Segment of RN8 on F.Silkscreen
    @(100.3000 mm, 30.0200 mm): PTH pad 1 [VCC] of RN8
[silk_over_copper]: Silkscreen clipped by solder mask
    Local override; warning
    @(101.1890 mm, 30.9090 mm): Segment of RN8 on F.Silkscreen
    @(100.3000 mm, 30.0200 mm): PTH pad 1 [VCC] of RN8
[silk_over_copper]: Silkscreen clipped by solder mask
    Local override; warning
    @(71.0900 mm, 37.8940 mm): Segment of C10 on F.Silkscreen
    @(71.0900 mm, 38.9100 mm): PTH pad 1 [VCC] of C10
[silk_over_copper]: Silkscreen clipped by solder mask
    Local override; warning
    @(71.0900 mm, 37.2590 mm): Segment of C10 on F.Silkscreen
    @(71.0900 mm, 36.3700 mm): PTH pad 2 [GND] of C10
[silk_over_copper]: Silkscreen clipped by solder mask
    Local override; warning
    @(95.2200 mm, 62.6590 mm): Segment of IC11 on F.Silkscreen
    @(93.9500 mm, 61.7700 mm): PTH pad 9 [BADDR14] of IC11
[silk_over_copper]: Silkscreen clipped by solder mask
    Local override; warning
    @(95.2200 mm, 62.6590 mm): Segment of IC11 on F.Silkscreen
    @(91.4100 mm, 61.7700 mm): PTH pad 10 [VCC] of IC11
[silk_over_copper]: Silkscreen clipped by solder mask
    Local override; warning
    @(95.2200 mm, 62.6590 mm): Segment of IC11 on F.Silkscreen
    @(88.8700 mm, 61.7700 mm): PTH pad 11 [Net-(IC11-3A)] of IC11
[silk_over_copper]: Silkscreen clipped by solder mask
    Local override; warning
    @(95.2200 mm, 62.6590 mm): Segment of IC11 on F.Silkscreen
    @(86.3300 mm, 61.7700 mm): PTH pad 12 [BADDR15] of IC11
[silk_over_copper]: Silkscreen clipped by solder mask
    Local override; warning
    @(95.2200 mm, 62.6590 mm): Segment of IC11 on F.Silkscreen
    @(83.7900 mm, 61.7700 mm): PTH pad 13 [VCC] of IC11
[silk_over_copper]: Silkscreen clipped by solder mask
    Local override; warning
    @(95.2200 mm, 62.6590 mm): Segment of IC11 on F.Silkscreen
    @(81.2500 mm, 61.7700 mm): PTH pad 14 [Net-(IC11-4A)] of IC11
[silk_over_copper]: Silkscreen clipped by solder mask
    Local override; warning
    @(95.2200 mm, 62.6590 mm): Segment of IC11 on F.Silkscreen
    @(78.7100 mm, 61.7700 mm): PTH pad 15 [GND] of IC11
[silk_over_copper]: Silkscreen clipped by solder mask
    Local override; warning
    @(95.2200 mm, 62.6590 mm): Segment of IC11 on F.Silkscreen
    @(76.1700 mm, 61.7700 mm): PTH pad 16 [VCC] of IC11
[silk_over_copper]: Silkscreen clipped by solder mask
    Local override; warning
    @(74.9000 mm, 54.5310 mm): Segment of IC5 on F.Silkscreen
    @(93.9500 mm, 55.4200 mm): PTH pad 8 [DATA6] of IC5
[silk_over_copper]: Silkscreen clipped by solder mask
    Local override; warning
    @(74.9000 mm, 54.5310 mm): Segment of IC5 on F.Silkscreen
    @(96.4900 mm, 55.4200 mm): PTH pad 9 [DATA7] of IC5
[silk_over_copper]: Silkscreen clipped by solder mask
    Local override; warning
    @(74.9000 mm, 54.5310 mm): Segment of IC5 on F.Silkscreen
    @(99.0300 mm, 55.4200 mm): PTH pad 10 [GND] of IC5
[silk_over_copper]: Silkscreen clipped by solder mask
    Local override; warning
    @(74.9000 mm, 54.5310 mm): Segment of IC5 on F.Silkscreen
    @(76.1700 mm, 55.4200 mm): PTH pad 1 [-MEM-RD] of IC5
[silk_over_copper]: Silkscreen clipped by solder mask
    Local override; warning
    @(74.9000 mm, 54.5310 mm): Segment of IC5 on F.Silkscreen
    @(78.7100 mm, 55.4200 mm): PTH pad 2 [DATA0] of IC5
[silk_over_copper]: Silkscreen clipped by solder mask
    Local override; warning
    @(74.9000 mm, 54.5310 mm): Segment of IC5 on F.Silkscreen
    @(81.2500 mm, 55.4200 mm): PTH pad 3 [DATA1] of IC5
[silk_over_copper]: Silkscreen clipped by solder mask
    Local override; warning
    @(74.9000 mm, 54.5310 mm): Segment of IC5 on F.Silkscreen
    @(83.7900 mm, 55.4200 mm): PTH pad 4 [DATA2] of IC5
[silk_over_copper]: Silkscreen clipped by solder mask
    Local override; warning
    @(74.9000 mm, 54.5310 mm): Segment of IC5 on F.Silkscreen
    @(86.3300 mm, 55.4200 mm): PTH pad 5 [DATA3] of IC5
[silk_over_copper]: Silkscreen clipped by solder mask
    Local override; warning
    @(74.9000 mm, 54.5310 mm): Segment of IC5 on F.Silkscreen
    @(88.8700 mm, 55.4200 mm): PTH pad 6 [DATA4] of IC5
[silk_over_copper]: Silkscreen clipped by solder mask
    Local override; warning
    @(74.9000 mm, 54.5310 mm): Segment of IC5 on F.Silkscreen
    @(91.4100 mm, 55.4200 mm): PTH pad 7 [DATA5] of IC5
[silk_over_copper]: Silkscreen clipped by solder mask
    Local override; warning
    @(100.3000 mm, 48.6890 mm): Segment of IC5 on F.Silkscreen
    @(99.0300 mm, 47.8000 mm): PTH pad 11 [BDATA7] of IC5
[silk_over_copper]: Silkscreen clipped by solder mask
    Local override; warning
    @(100.3000 mm, 48.6890 mm): Segment of IC5 on F.Silkscreen
    @(96.4900 mm, 47.8000 mm): PTH pad 12 [BDATA6] of IC5
[silk_over_copper]: Silkscreen clipped by solder mask
    Local override; warning
    @(100.3000 mm, 48.6890 mm): Segment of IC5 on F.Silkscreen
    @(93.9500 mm, 47.8000 mm): PTH pad 13 [BDATA5] of IC5
[silk_over_copper]: Silkscreen clipped by solder mask
    Local override; warning
    @(100.3000 mm, 48.6890 mm): Segment of IC5 on F.Silkscreen
    @(91.4100 mm, 47.8000 mm): PTH pad 14 [BDATA4] of IC5
[silk_over_copper]: Silkscreen clipped by solder mask
    Local override; warning
    @(100.3000 mm, 48.6890 mm): Segment of IC5 on F.Silkscreen
    @(88.8700 mm, 47.8000 mm): PTH pad 15 [BDATA3] of IC5
[silk_over_copper]: Silkscreen clipped by solder mask
    Local override; warning
    @(100.3000 mm, 48.6890 mm): Segment of IC5 on F.Silkscreen
    @(86.3300 mm, 47.8000 mm): PTH pad 16 [BDATA2] of IC5
[silk_over_copper]: Silkscreen clipped by solder mask
    Local override; warning
    @(100.3000 mm, 48.6890 mm): Segment of IC5 on F.Silkscreen
    @(83.7900 mm, 47.8000 mm): PTH pad 17 [BDATA1] of IC5
[silk_over_copper]: Silkscreen clipped by solder mask
    Local override; warning
    @(100.3000 mm, 48.6890 mm): Segment of IC5 on F.Silkscreen
    @(81.2500 mm, 47.8000 mm): PTH pad 18 [BDATA0] of IC5
[silk_over_copper]: Silkscreen clipped by solder mask
    Local override; warning
    @(100.3000 mm, 48.6890 mm): Segment of IC5 on F.Silkscreen
    @(78.7100 mm, 47.8000 mm): PTH pad 19 [Net-(IC15A-O)] of IC5
[silk_over_copper]: Silkscreen clipped by solder mask
    Local override; warning
    @(100.3000 mm, 48.6890 mm): Segment of IC5 on F.Silkscreen
    @(76.1700 mm, 47.8000 mm): PTH pad 20 [VCC] of IC5
[silk_over_copper]: Silkscreen clipped by solder mask
    Local override; warning
    @(74.9000 mm, 40.5610 mm): Segment of IC6 on F.Silkscreen
    @(76.1700 mm, 41.4500 mm): PTH pad 1 [Net-(IC6A-I)] of IC6
[silk_over_copper]: Silkscreen clipped by solder mask
    Local override; warning
    @(74.9000 mm, 40.5610 mm): Segment of IC6 on F.Silkscreen
    @(78.7100 mm, 41.4500 mm): PTH pad 2 [Net-(IC1-~{OE})] of IC6
[silk_over_copper]: Silkscreen clipped by solder mask
    Local override; warning
    @(74.9000 mm, 40.5610 mm): Segment of IC6 on F.Silkscreen
    @(81.2500 mm, 41.4500 mm): PTH pad 3 [Net-(IC6B-I)] of IC6
[silk_over_copper]: Silkscreen clipped by solder mask
    Local override; warning
    @(74.9000 mm, 40.5610 mm): Segment of IC6 on F.Silkscreen
    @(83.7900 mm, 41.4500 mm): PTH pad 4 [Net-(IC1-~{WE})] of IC6
[silk_over_copper]: Silkscreen clipped by solder mask
    Local override; warning
    @(74.9000 mm, 40.5610 mm): Segment of IC6 on F.Silkscreen
    @(86.3300 mm, 41.4500 mm): PTH pad 5 [-MEM-RD] of IC6
[silk_over_copper]: Silkscreen clipped by solder mask
    Local override; warning
    @(74.9000 mm, 40.5610 mm): Segment of IC6 on F.Silkscreen
    @(88.8700 mm, 41.4500 mm): PTH pad 6 [Net-(IC6A-I)] of IC6
[silk_over_copper]: Silkscreen clipped by solder mask
    Local override; warning
    @(74.9000 mm, 40.5610 mm): Segment of IC6 on F.Silkscreen
    @(91.4100 mm, 41.4500 mm): PTH pad 7 [GND] of IC6
[silk_over_copper]: Silkscreen clipped by solder mask
    Local override; warning
    @(92.6800 mm, 34.7190 mm): Segment of IC6 on F.Silkscreen
    @(91.4100 mm, 33.8300 mm): PTH pad 8 [Net-(IC6B-I)] of IC6
[silk_over_copper]: Silkscreen clipped by solder mask
    Local override; warning
    @(92.6800 mm, 34.7190 mm): Segment of IC6 on F.Silkscreen
    @(88.8700 mm, 33.8300 mm): PTH pad 9 [-MEM-WR] of IC6
[silk_over_copper]: Silkscreen clipped by solder mask
    Local override; warning
    @(92.6800 mm, 34.7190 mm): Segment of IC6 on F.Silkscreen
    @(86.3300 mm, 33.8300 mm): PTH pad 10 [-HI-RAM] of IC6
[silk_over_copper]: Silkscreen clipped by solder mask
    Local override; warning
    @(92.6800 mm, 34.7190 mm): Segment of IC6 on F.Silkscreen
    @(83.7900 mm, 33.8300 mm): PTH pad 11 [Net-(IC4-O)] of IC6
[silk_over_copper]: Silkscreen clipped by solder mask
    Local override; warning
    @(92.6800 mm, 34.7190 mm): Segment of IC6 on F.Silkscreen
    @(81.2500 mm, 33.8300 mm): PTH pad 12 [-ROM-CS] of IC6
[silk_over_copper]: Silkscreen clipped by solder mask
    Local override; warning
    @(92.6800 mm, 34.7190 mm): Segment of IC6 on F.Silkscreen
    @(78.7100 mm, 33.8300 mm): PTH pad 13 [Net-(IC18-O)] of IC6
[silk_over_copper]: Silkscreen clipped by solder mask
    Local override; warning
    @(92.6800 mm, 34.7190 mm): Segment of IC6 on F.Silkscreen
    @(76.1700 mm, 33.8300 mm): PTH pad 14 [VCC] of IC6
[silk_over_copper]: Silkscreen clipped by solder mask
    Local override; warning
    @(71.0900 mm, 51.2290 mm): Segment of C6 on F.Silkscreen
    @(71.0900 mm, 50.3400 mm): PTH pad 2 [GND] of C6
[silk_over_copper]: Silkscreen clipped by solder mask
    Local override; warning
    @(71.0900 mm, 51.8640 mm): Segment of C6 on F.Silkscreen
    @(71.0900 mm, 52.8800 mm): PTH pad 1 [VCC] of C6
[silk_over_copper]: Silkscreen clipped by solder mask
    Local override; warning
    @(41.8800 mm, 106.2200 mm): Segment of RN5 on F.Silkscreen
    @(43.1500 mm, 104.9500 mm): PTH pad 2 [DATA0] of RN5
[silk_over_copper]: Silkscreen clipped by solder mask
    Local override; warning
    @(41.8800 mm, 106.2200 mm): Segment of RN5 on F.Silkscreen
    @(45.6900 mm, 104.9500 mm): PTH pad 3 [DATA1] of RN5
[silk_over_copper]: Silkscreen clipped by solder mask
    Local override; warning
    @(41.8800 mm, 106.2200 mm): Segment of RN5 on F.Silkscreen
    @(48.2300 mm, 104.9500 mm): PTH pad 4 [DATA2] of RN5
[silk_over_copper]: Silkscreen clipped by solder mask
    Local override; warning
    @(41.8800 mm, 106.2200 mm): Segment of RN5 on F.Silkscreen
    @(50.7700 mm, 104.9500 mm): PTH pad 5 [DATA3] of RN5
[silk_over_copper]: Silkscreen clipped by solder mask
    Local override; warning
    @(41.8800 mm, 106.2200 mm): Segment of RN5 on F.Silkscreen
    @(53.3100 mm, 104.9500 mm): PTH pad 6 [DATA4] of RN5
[silk_over_copper]: Silkscreen clipped by solder mask
    Local override; warning
    @(41.8800 mm, 106.2200 mm): Segment of RN5 on F.Silkscreen
    @(55.8500 mm, 104.9500 mm): PTH pad 7 [DATA5] of RN5
[silk_over_copper]: Silkscreen clipped by solder mask
    Local override; warning
    @(41.8800 mm, 106.2200 mm): Segment of RN5 on F.Silkscreen
    @(58.3900 mm, 104.9500 mm): PTH pad 8 [DATA6] of RN5
[silk_over_copper]: Silkscreen clipped by solder mask
    Local override; warning
    @(41.8800 mm, 106.2200 mm): Segment of RN5 on F.Silkscreen
    @(60.9300 mm, 104.9500 mm): PTH pad 9 [DATA7] of RN5
[silk_over_copper]: Silkscreen clipped by solder mask
    Local override; warning
    @(62.2000 mm, 103.6800 mm): Segment of RN5 on F.Silkscreen
    @(43.1500 mm, 104.9500 mm): PTH pad 2 [DATA0] of RN5
[silk_over_copper]: Silkscreen clipped by solder mask
    Local override; warning
    @(62.2000 mm, 103.6800 mm): Segment of RN5 on F.Silkscreen
    @(45.6900 mm, 104.9500 mm): PTH pad 3 [DATA1] of RN5
[silk_over_copper]: Silkscreen clipped by solder mask
    Local override; warning
    @(62.2000 mm, 103.6800 mm): Segment of RN5 on F.Silkscreen
    @(48.2300 mm, 104.9500 mm): PTH pad 4 [DATA2] of RN5
[silk_over_copper]: Silkscreen clipped by solder mask
    Local override; warning
    @(62.2000 mm, 103.6800 mm): Segment of RN5 on F.Silkscreen
    @(50.7700 mm, 104.9500 mm): PTH pad 5 [DATA3] of RN5
[silk_over_copper]: Silkscreen clipped by solder mask
    Local override; warning
    @(62.2000 mm, 103.6800 mm): Segment of RN5 on F.Silkscreen
    @(53.3100 mm, 104.9500 mm): PTH pad 6 [DATA4] of RN5
[silk_over_copper]: Silkscreen clipped by solder mask
    Local override; warning
    @(62.2000 mm, 103.6800 mm): Segment of RN5 on F.Silkscreen
    @(55.8500 mm, 104.9500 mm): PTH pad 7 [DATA5] of RN5
[silk_over_copper]: Silkscreen clipped by solder mask
    Local override; warning
    @(62.2000 mm, 103.6800 mm): Segment of RN5 on F.Silkscreen
    @(58.3900 mm, 104.9500 mm): PTH pad 8 [DATA6] of RN5
[silk_over_copper]: Silkscreen clipped by solder mask
    Local override; warning
    @(62.2000 mm, 103.6800 mm): Segment of RN5 on F.Silkscreen
    @(60.9300 mm, 104.9500 mm): PTH pad 9 [DATA7] of RN5
[silk_over_copper]: Silkscreen clipped by solder mask
    Local override; warning
    @(39.3400 mm, 96.4410 mm): Segment of IC8 on F.Silkscreen
    @(40.6100 mm, 97.3300 mm): PTH pad 1 [GND] of IC8
[silk_over_copper]: Silkscreen clipped by solder mask
    Local override; warning
    @(39.3400 mm, 96.4410 mm): Segment of IC8 on F.Silkscreen
    @(43.1500 mm, 97.3300 mm): PTH pad 2 [ADDR0] of IC8
[silk_over_copper]: Silkscreen clipped by solder mask
    Local override; warning
    @(39.3400 mm, 96.4410 mm): Segment of IC8 on F.Silkscreen
    @(45.6900 mm, 97.3300 mm): PTH pad 3 [BADDR7] of IC8
[silk_over_copper]: Silkscreen clipped by solder mask
    Local override; warning
    @(39.3400 mm, 96.4410 mm): Segment of IC8 on F.Silkscreen
    @(48.2300 mm, 97.3300 mm): PTH pad 4 [ADDR1] of IC8
[silk_over_copper]: Silkscreen clipped by solder mask
    Local override; warning
    @(39.3400 mm, 96.4410 mm): Segment of IC8 on F.Silkscreen
    @(50.7700 mm, 97.3300 mm): PTH pad 5 [BADDR6] of IC8
[silk_over_copper]: Silkscreen clipped by solder mask
    Local override; warning
    @(39.3400 mm, 96.4410 mm): Segment of IC8 on F.Silkscreen
    @(53.3100 mm, 97.3300 mm): PTH pad 6 [ADDR2] of IC8
[silk_over_copper]: Silkscreen clipped by solder mask
    Local override; warning
    @(39.3400 mm, 96.4410 mm): Segment of IC8 on F.Silkscreen
    @(55.8500 mm, 97.3300 mm): PTH pad 7 [BADDR5] of IC8
[silk_over_copper]: Silkscreen clipped by solder mask
    Local override; warning
    @(39.3400 mm, 96.4410 mm): Segment of IC8 on F.Silkscreen
    @(58.3900 mm, 97.3300 mm): PTH pad 8 [ADDR3] of IC8
[silk_over_copper]: Silkscreen clipped by solder mask
    Local override; warning
    @(39.3400 mm, 96.4410 mm): Segment of IC8 on F.Silkscreen
    @(60.9300 mm, 97.3300 mm): PTH pad 9 [BADDR4] of IC8
[silk_over_copper]: Silkscreen clipped by solder mask
    Local override; warning
    @(39.3400 mm, 96.4410 mm): Segment of IC8 on F.Silkscreen
    @(63.4700 mm, 97.3300 mm): PTH pad 10 [GND] of IC8
[silk_over_copper]: Silkscreen clipped by solder mask
    Local override; warning
    @(64.7400 mm, 90.5990 mm): Segment of IC8 on F.Silkscreen
    @(63.4700 mm, 89.7100 mm): PTH pad 11 [ADDR4] of IC8
[silk_over_copper]: Silkscreen clipped by solder mask
    Local override; warning
    @(64.7400 mm, 90.5990 mm): Segment of IC8 on F.Silkscreen
    @(60.9300 mm, 89.7100 mm): PTH pad 12 [BADDR3] of IC8
[silk_over_copper]: Silkscreen clipped by solder mask
    Local override; warning
    @(64.7400 mm, 90.5990 mm): Segment of IC8 on F.Silkscreen
    @(58.3900 mm, 89.7100 mm): PTH pad 13 [ADDR5] of IC8
[silk_over_copper]: Silkscreen clipped by solder mask
    Local override; warning
    @(64.7400 mm, 90.5990 mm): Segment of IC8 on F.Silkscreen
    @(55.8500 mm, 89.7100 mm): PTH pad 14 [BADDR2] of IC8
[silk_over_copper]: Silkscreen clipped by solder mask
    Local override; warning
    @(64.7400 mm, 90.5990 mm): Segment of IC8 on F.Silkscreen
    @(53.3100 mm, 89.7100 mm): PTH pad 15 [ADDR6] of IC8
[silk_over_copper]: Silkscreen clipped by solder mask
    Local override; warning
    @(64.7400 mm, 90.5990 mm): Segment of IC8 on F.Silkscreen
    @(50.7700 mm, 89.7100 mm): PTH pad 16 [BADDR1] of IC8
[silk_over_copper]: Silkscreen clipped by solder mask
    Local override; warning
    @(64.7400 mm, 90.5990 mm): Segment of IC8 on F.Silkscreen
    @(48.2300 mm, 89.7100 mm): PTH pad 17 [ADDR7] of IC8
[silk_over_copper]: Silkscreen clipped by solder mask
    Local override; warning
    @(64.7400 mm, 90.5990 mm): Segment of IC8 on F.Silkscreen
    @(45.6900 mm, 89.7100 mm): PTH pad 18 [BADDR0] of IC8
[silk_over_copper]: Silkscreen clipped by solder mask
    Local override; warning
    @(64.7400 mm, 90.5990 mm): Segment of IC8 on F.Silkscreen
    @(43.1500 mm, 89.7100 mm): PTH pad 19 [GND] of IC8
[silk_over_copper]: Silkscreen clipped by solder mask
    Local override; warning
    @(64.7400 mm, 90.5990 mm): Segment of IC8 on F.Silkscreen
    @(40.6100 mm, 89.7100 mm): PTH pad 20 [VCC] of IC8
[silk_over_copper]: Silkscreen clipped by solder mask
    Local override; warning
    @(41.8800 mm, 111.3000 mm): Segment of RN6 on F.Silkscreen
    @(43.1500 mm, 110.0300 mm): PTH pad 2 [DATA8] of RN6
[silk_over_copper]: Silkscreen clipped by solder mask
    Local override; warning
    @(41.8800 mm, 111.3000 mm): Segment of RN6 on F.Silkscreen
    @(45.6900 mm, 110.0300 mm): PTH pad 3 [DATA9] of RN6
[silk_over_copper]: Silkscreen clipped by solder mask
    Local override; warning
    @(41.8800 mm, 111.3000 mm): Segment of RN6 on F.Silkscreen
    @(48.2300 mm, 110.0300 mm): PTH pad 4 [DATA10] of RN6
[silk_over_copper]: Silkscreen clipped by solder mask
    Local override; warning
    @(41.8800 mm, 111.3000 mm): Segment of RN6 on F.Silkscreen
    @(50.7700 mm, 110.0300 mm): PTH pad 5 [DATA11] of RN6
[silk_over_copper]: Silkscreen clipped by solder mask
    Local override; warning
    @(41.8800 mm, 111.3000 mm): Segment of RN6 on F.Silkscreen
    @(53.3100 mm, 110.0300 mm): PTH pad 6 [DATA12] of RN6
[silk_over_copper]: Silkscreen clipped by solder mask
    Local override; warning
    @(41.8800 mm, 111.3000 mm): Segment of RN6 on F.Silkscreen
    @(55.8500 mm, 110.0300 mm): PTH pad 7 [DATA13] of RN6
[silk_over_copper]: Silkscreen clipped by solder mask
    Local override; warning
    @(41.8800 mm, 111.3000 mm): Segment of RN6 on F.Silkscreen
    @(58.3900 mm, 110.0300 mm): PTH pad 8 [DATA14] of RN6
[silk_over_copper]: Silkscreen clipped by solder mask
    Local override; warning
    @(41.8800 mm, 111.3000 mm): Segment of RN6 on F.Silkscreen
    @(60.9300 mm, 110.0300 mm): PTH pad 9 [DATA15] of RN6
[silk_over_copper]: Silkscreen clipped by solder mask
    Local override; warning
    @(62.2000 mm, 108.7600 mm): Segment of RN6 on F.Silkscreen
    @(43.1500 mm, 110.0300 mm): PTH pad 2 [DATA8] of RN6
[silk_over_copper]: Silkscreen clipped by solder mask
    Local override; warning
    @(62.2000 mm, 108.7600 mm): Segment of RN6 on F.Silkscreen
    @(45.6900 mm, 110.0300 mm): PTH pad 3 [DATA9] of RN6
[silk_over_copper]: Silkscreen clipped by solder mask
    Local override; warning
    @(62.2000 mm, 108.7600 mm): Segment of RN6 on F.Silkscreen
    @(48.2300 mm, 110.0300 mm): PTH pad 4 [DATA10] of RN6
[silk_over_copper]: Silkscreen clipped by solder mask
    Local override; warning
    @(62.2000 mm, 108.7600 mm): Segment of RN6 on F.Silkscreen
    @(50.7700 mm, 110.0300 mm): PTH pad 5 [DATA11] of RN6
[silk_over_copper]: Silkscreen clipped by solder mask
    Local override; warning
    @(62.2000 mm, 108.7600 mm): Segment of RN6 on F.Silkscreen
    @(53.3100 mm, 110.0300 mm): PTH pad 6 [DATA12] of RN6
[silk_over_copper]: Silkscreen clipped by solder mask
    Local override; warning
    @(62.2000 mm, 108.7600 mm): Segment of RN6 on F.Silkscreen
    @(55.8500 mm, 110.0300 mm): PTH pad 7 [DATA13] of RN6
[silk_over_copper]: Silkscreen clipped by solder mask
    Local override; warning
    @(62.2000 mm, 108.7600 mm): Segment of RN6 on F.Silkscreen
    @(58.3900 mm, 110.0300 mm): PTH pad 8 [DATA14] of RN6
[silk_over_copper]: Silkscreen clipped by solder mask
    Local override; warning
    @(62.2000 mm, 108.7600 mm): Segment of RN6 on F.Silkscreen
    @(60.9300 mm, 110.0300 mm): PTH pad 9 [DATA15] of RN6
[silk_over_copper]: Silkscreen clipped by solder mask
    Local override; warning
    @(71.0900 mm, 107.1090 mm): Segment of C18 on F.Silkscreen
    @(71.0900 mm, 106.2200 mm): PTH pad 2 [GND] of C18
[silk_over_copper]: Silkscreen clipped by solder mask
    Local override; warning
    @(71.0900 mm, 107.7440 mm): Segment of C18 on F.Silkscreen
    @(71.0900 mm, 108.7600 mm): PTH pad 1 [VCC] of C18
[silk_over_copper]: Silkscreen clipped by solder mask
    Local override; warning
    @(39.3400 mm, 103.6800 mm): Segment of RN5 on F.Silkscreen
    @(40.6100 mm, 104.9500 mm): PTH pad 1 [GND] of RN5
[silk_over_copper]: Silkscreen clipped by solder mask
    Local override; warning
    @(41.8800 mm, 103.6800 mm): Segment of RN5 on F.Silkscreen
    @(40.6100 mm, 104.9500 mm): PTH pad 1 [GND] of RN5
[silk_over_copper]: Silkscreen clipped by solder mask
    Local override; warning
    @(41.8800 mm, 103.6800 mm): Segment of RN5 on F.Silkscreen
    @(40.6100 mm, 104.9500 mm): PTH pad 1 [GND] of RN5
[silk_over_copper]: Silkscreen clipped by solder mask
    Local override; warning
    @(39.3400 mm, 106.2200 mm): Segment of RN5 on F.Silkscreen
    @(40.6100 mm, 104.9500 mm): PTH pad 1 [GND] of RN5
[silk_over_copper]: Silkscreen clipped by solder mask
    Local override; warning
    @(39.3400 mm, 106.2200 mm): Segment of RN5 on F.Silkscreen
    @(40.6100 mm, 104.9500 mm): PTH pad 1 [GND] of RN5
[silk_over_copper]: Silkscreen clipped by solder mask
    Local override; warning
    @(41.8800 mm, 106.2200 mm): Segment of RN5 on F.Silkscreen
    @(40.6100 mm, 104.9500 mm): PTH pad 1 [GND] of RN5
[silk_over_copper]: Silkscreen clipped by solder mask
    Local override; warning
    @(39.3400 mm, 108.7600 mm): Segment of RN6 on F.Silkscreen
    @(40.6100 mm, 110.0300 mm): PTH pad 1 [GND] of RN6
[silk_over_copper]: Silkscreen clipped by solder mask
    Local override; warning
    @(39.3400 mm, 111.3000 mm): Segment of RN6 on F.Silkscreen
    @(40.6100 mm, 110.0300 mm): PTH pad 1 [GND] of RN6
[silk_over_copper]: Silkscreen clipped by solder mask
    Local override; warning
    @(39.3400 mm, 111.3000 mm): Segment of RN6 on F.Silkscreen
    @(40.6100 mm, 110.0300 mm): PTH pad 1 [GND] of RN6
[silk_over_copper]: Silkscreen clipped by solder mask
    Local override; warning
    @(41.8800 mm, 108.7600 mm): Segment of RN6 on F.Silkscreen
    @(40.6100 mm, 110.0300 mm): PTH pad 1 [GND] of RN6
[silk_over_copper]: Silkscreen clipped by solder mask
    Local override; warning
    @(41.8800 mm, 108.7600 mm): Segment of RN6 on F.Silkscreen
    @(40.6100 mm, 110.0300 mm): PTH pad 1 [GND] of RN6
[silk_over_copper]: Silkscreen clipped by solder mask
    Local override; warning
    @(41.8800 mm, 111.3000 mm): Segment of RN6 on F.Silkscreen
    @(40.6100 mm, 110.0300 mm): PTH pad 1 [GND] of RN6
[silk_over_copper]: Silkscreen clipped by solder mask
    Local override; warning
    @(74.9000 mm, 82.4710 mm): Segment of IC12 on F.Silkscreen
    @(76.1700 mm, 83.3600 mm): PTH pad 1 [VCC] of IC12
[silk_over_copper]: Silkscreen clipped by solder mask
    Local override; warning
    @(74.9000 mm, 82.4710 mm): Segment of IC12 on F.Silkscreen
    @(78.7100 mm, 83.3600 mm): PTH pad 2 [GND] of IC12
[silk_over_copper]: Silkscreen clipped by solder mask
    Local override; warning
    @(74.9000 mm, 82.4710 mm): Segment of IC12 on F.Silkscreen
    @(81.2500 mm, 83.3600 mm): PTH pad 3 [Net-(IC10C-O)] of IC12
[silk_over_copper]: Silkscreen clipped by solder mask
    Local override; warning
    @(74.9000 mm, 82.4710 mm): Segment of IC12 on F.Silkscreen
    @(83.7900 mm, 83.3600 mm): PTH pad 4 [-RESET] of IC12
[silk_over_copper]: Silkscreen clipped by solder mask
    Local override; warning
    @(74.9000 mm, 82.4710 mm): Segment of IC12 on F.Silkscreen
    @(86.3300 mm, 83.3600 mm): PTH pad 5 [FORCE-ROM] of IC12
[silk_over_copper]: Silkscreen clipped by solder mask
    Local override; warning
    @(74.9000 mm, 82.4710 mm): Segment of IC12 on F.Silkscreen
    @(88.8700 mm, 83.3600 mm): PTH pad 6 [unconnected-(IC12A-~{Q}-Pad6)] of IC12
[silk_over_copper]: Silkscreen clipped by solder mask
    Local override; warning
    @(74.9000 mm, 82.4710 mm): Segment of IC12 on F.Silkscreen
    @(91.4100 mm, 83.3600 mm): PTH pad 7 [GND] of IC12
[silk_over_copper]: Silkscreen clipped by solder mask
    Local override; warning
    @(92.6800 mm, 76.6290 mm): Segment of IC12 on F.Silkscreen
    @(91.4100 mm, 75.7400 mm): PTH pad 8 [unconnected-(IC12B-~{Q}-Pad8)] of IC12
[silk_over_copper]: Silkscreen clipped by solder mask
    Local override; warning
    @(92.6800 mm, 76.6290 mm): Segment of IC12 on F.Silkscreen
    @(88.8700 mm, 75.7400 mm): PTH pad 9 [unconnected-(IC12B-Q-Pad9)] of IC12
[silk_over_copper]: Silkscreen clipped by solder mask
    Local override; warning
    @(92.6800 mm, 76.6290 mm): Segment of IC12 on F.Silkscreen
    @(86.3300 mm, 75.7400 mm): PTH pad 10 [GND] of IC12
[silk_over_copper]: Silkscreen clipped by solder mask
    Local override; warning
    @(92.6800 mm, 76.6290 mm): Segment of IC12 on F.Silkscreen
    @(83.7900 mm, 75.7400 mm): PTH pad 11 [GND] of IC12
[silk_over_copper]: Silkscreen clipped by solder mask
    Local override; warning
    @(92.6800 mm, 76.6290 mm): Segment of IC12 on F.Silkscreen
    @(81.2500 mm, 75.7400 mm): PTH pad 12 [GND] of IC12
[silk_over_copper]: Silkscreen clipped by solder mask
    Local override; warning
    @(92.6800 mm, 76.6290 mm): Segment of IC12 on F.Silkscreen
    @(78.7100 mm, 75.7400 mm): PTH pad 13 [GND] of IC12
[silk_over_copper]: Silkscreen clipped by solder mask
    Local override; warning
    @(92.6800 mm, 76.6290 mm): Segment of IC12 on F.Silkscreen
    @(76.1700 mm, 75.7400 mm): PTH pad 14 [VCC] of IC12
[silk_over_copper]: Silkscreen clipped by solder mask
    Local override; warning
    @(74.9000 mm, 68.5010 mm): Segment of IC11 on F.Silkscreen
    @(93.9500 mm, 69.3900 mm): PTH pad 8 [GND] of IC11
[silk_over_copper]: Silkscreen clipped by solder mask
    Local override; warning
    @(74.9000 mm, 68.5010 mm): Segment of IC11 on F.Silkscreen
    @(83.7900 mm, 69.3900 mm): PTH pad 4 [BADDR12] of IC11
[silk_over_copper]: Silkscreen clipped by solder mask
    Local override; warning
    @(74.9000 mm, 68.5010 mm): Segment of IC11 on F.Silkscreen
    @(86.3300 mm, 69.3900 mm): PTH pad 5 [Net-(IC11-2A)] of IC11
[silk_over_copper]: Silkscreen clipped by solder mask
    Local override; warning
    @(74.9000 mm, 68.5010 mm): Segment of IC11 on F.Silkscreen
    @(88.8700 mm, 69.3900 mm): PTH pad 6 [VCC] of IC11
[silk_over_copper]: Silkscreen clipped by solder mask
    Local override; warning
    @(74.9000 mm, 68.5010 mm): Segment of IC11 on F.Silkscreen
    @(91.4100 mm, 69.3900 mm): PTH pad 7 [BADDR13] of IC11
[silk_over_copper]: Silkscreen clipped by solder mask
    Local override; warning
    @(74.9000 mm, 68.5010 mm): Segment of IC11 on F.Silkscreen
    @(76.1700 mm, 69.3900 mm): PTH pad 1 [FORCE-ROM] of IC11
[silk_over_copper]: Silkscreen clipped by solder mask
    Local override; warning
    @(74.9000 mm, 68.5010 mm): Segment of IC11 on F.Silkscreen
    @(78.7100 mm, 69.3900 mm): PTH pad 2 [Net-(IC11-1A)] of IC11
[silk_over_copper]: Silkscreen clipped by solder mask
    Local override; warning
    @(74.9000 mm, 68.5010 mm): Segment of IC11 on F.Silkscreen
    @(81.2500 mm, 69.3900 mm): PTH pad 3 [VCC] of IC11
[silk_over_copper]: Silkscreen clipped by solder mask
    Local override; warning
    @(71.0900 mm, 65.8340 mm): Segment of C11 on F.Silkscreen
    @(71.0900 mm, 66.8500 mm): PTH pad 1 [VCC] of C11
[silk_over_copper]: Silkscreen clipped by solder mask
    Local override; warning
    @(71.0900 mm, 65.1990 mm): Segment of C11 on F.Silkscreen
    @(71.0900 mm, 64.3100 mm): PTH pad 2 [GND] of C11
[silk_over_copper]: Silkscreen clipped by solder mask
    Local override; warning
    @(71.0900 mm, 79.1690 mm): Segment of C12 on F.Silkscreen
    @(71.0900 mm, 78.2800 mm): PTH pad 2 [GND] of C12
[silk_over_copper]: Silkscreen clipped by solder mask
    Local override; warning
    @(71.0900 mm, 79.8040 mm): Segment of C12 on F.Silkscreen
    @(71.0900 mm, 80.8200 mm): PTH pad 1 [VCC] of C12
[silk_over_copper]: Silkscreen clipped by solder mask
    Local override; warning
    @(35.5300 mm, 79.8040 mm): Segment of C4 on F.Silkscreen
    @(35.5300 mm, 80.8200 mm): PTH pad 1 [VCC] of C4
[silk_over_copper]: Silkscreen clipped by solder mask
    Local override; warning
    @(39.3400 mm, 82.4710 mm): Segment of IC9 on F.Silkscreen
    @(48.2300 mm, 83.3600 mm): PTH pad 4 [ADDR9] of IC9
[silk_over_copper]: Silkscreen clipped by solder mask
    Local override; warning
    @(39.3400 mm, 82.4710 mm): Segment of IC9 on F.Silkscreen
    @(50.7700 mm, 83.3600 mm): PTH pad 5 [Net-(IC11-3A)] of IC9
[silk_over_copper]: Silkscreen clipped by solder mask
    Local override; warning
    @(39.3400 mm, 82.4710 mm): Segment of IC9 on F.Silkscreen
    @(53.3100 mm, 83.3600 mm): PTH pad 6 [ADDR10] of IC9
[silk_over_copper]: Silkscreen clipped by solder mask
    Local override; warning
    @(39.3400 mm, 82.4710 mm): Segment of IC9 on F.Silkscreen
    @(55.8500 mm, 83.3600 mm): PTH pad 7 [Net-(IC11-2A)] of IC9
[silk_over_copper]: Silkscreen clipped by solder mask
    Local override; warning
    @(39.3400 mm, 82.4710 mm): Segment of IC9 on F.Silkscreen
    @(58.3900 mm, 83.3600 mm): PTH pad 8 [ADDR11] of IC9
[silk_over_copper]: Silkscreen clipped by solder mask
    Local override; warning
    @(39.3400 mm, 82.4710 mm): Segment of IC9 on F.Silkscreen
    @(60.9300 mm, 83.3600 mm): PTH pad 9 [Net-(IC11-1A)] of IC9
[silk_over_copper]: Silkscreen clipped by solder mask
    Local override; warning
    @(39.3400 mm, 82.4710 mm): Segment of IC9 on F.Silkscreen
    @(63.4700 mm, 83.3600 mm): PTH pad 10 [GND] of IC9
[silk_over_copper]: Silkscreen clipped by solder mask
    Local override; warning
    @(39.3400 mm, 82.4710 mm): Segment of IC9 on F.Silkscreen
    @(40.6100 mm, 83.3600 mm): PTH pad 1 [GND] of IC9
[silk_over_copper]: Silkscreen clipped by solder mask
    Local override; warning
    @(39.3400 mm, 82.4710 mm): Segment of IC9 on F.Silkscreen
    @(43.1500 mm, 83.3600 mm): PTH pad 2 [ADDR8] of IC9
[silk_over_copper]: Silkscreen clipped by solder mask
    Local override; warning
    @(39.3400 mm, 82.4710 mm): Segment of IC9 on F.Silkscreen
    @(45.6900 mm, 83.3600 mm): PTH pad 3 [Net-(IC11-4A)] of IC9
[silk_over_copper]: Silkscreen clipped by solder mask
    Local override; warning
    @(64.7400 mm, 76.6290 mm): Segment of IC9 on F.Silkscreen
    @(63.4700 mm, 75.7400 mm): PTH pad 11 [ADDR12] of IC9
[silk_over_copper]: Silkscreen clipped by solder mask
    Local override; warning
    @(64.7400 mm, 76.6290 mm): Segment of IC9 on F.Silkscreen
    @(60.9300 mm, 75.7400 mm): PTH pad 12 [BADDR11] of IC9
[silk_over_copper]: Silkscreen clipped by solder mask
    Local override; warning
    @(64.7400 mm, 76.6290 mm): Segment of IC9 on F.Silkscreen
    @(58.3900 mm, 75.7400 mm): PTH pad 13 [ADDR13] of IC9
[silk_over_copper]: Silkscreen clipped by solder mask
    Local override; warning
    @(64.7400 mm, 76.6290 mm): Segment of IC9 on F.Silkscreen
    @(55.8500 mm, 75.7400 mm): PTH pad 14 [BADDR10] of IC9
[silk_over_copper]: Silkscreen clipped by solder mask
    Local override; warning
    @(64.7400 mm, 76.6290 mm): Segment of IC9 on F.Silkscreen
    @(53.3100 mm, 75.7400 mm): PTH pad 15 [ADDR14] of IC9
[silk_over_copper]: Silkscreen clipped by solder mask
    Local override; warning
    @(64.7400 mm, 76.6290 mm): Segment of IC9 on F.Silkscreen
    @(40.6100 mm, 75.7400 mm): PTH pad 20 [VCC] of IC9
[silk_over_copper]: Silkscreen clipped by solder mask
    Local override; warning
    @(64.7400 mm, 76.6290 mm): Segment of IC9 on F.Silkscreen
    @(50.7700 mm, 75.7400 mm): PTH pad 16 [BADDR9] of IC9
[silk_over_copper]: Silkscreen clipped by solder mask
    Local override; warning
    @(64.7400 mm, 76.6290 mm): Segment of IC9 on F.Silkscreen
    @(48.2300 mm, 75.7400 mm): PTH pad 17 [ADDR15] of IC9
[silk_over_copper]: Silkscreen clipped by solder mask
    Local override; warning
    @(64.7400 mm, 76.6290 mm): Segment of IC9 on F.Silkscreen
    @(45.6900 mm, 75.7400 mm): PTH pad 18 [BADDR8] of IC9
[silk_over_copper]: Silkscreen clipped by solder mask
    Local override; warning
    @(64.7400 mm, 76.6290 mm): Segment of IC9 on F.Silkscreen
    @(43.1500 mm, 75.7400 mm): PTH pad 19 [GND] of IC9
[silk_over_copper]: Silkscreen clipped by solder mask
    Local override; warning
    @(39.3400 mm, 68.5010 mm): Segment of IC28 on F.Silkscreen
    @(40.6100 mm, 69.3900 mm): PTH pad 1 [-TMP-REG-RD1] of IC28
[silk_over_copper]: Silkscreen clipped by solder mask
    Local override; warning
    @(39.3400 mm, 68.5010 mm): Segment of IC28 on F.Silkscreen
    @(43.1500 mm, 69.3900 mm): PTH pad 2 [DATA0] of IC28
[silk_over_copper]: Silkscreen clipped by solder mask
    Local override; warning
    @(39.3400 mm, 68.5010 mm): Segment of IC28 on F.Silkscreen
    @(45.6900 mm, 69.3900 mm): PTH pad 3 [DATA0] of IC28
[silk_over_copper]: Silkscreen clipped by solder mask
    Local override; warning
    @(39.3400 mm, 68.5010 mm): Segment of IC28 on F.Silkscreen
    @(48.2300 mm, 69.3900 mm): PTH pad 4 [DATA1] of IC28

** Found 0 unconnected pads **

** Found 49 Footprint errors **
[footprint_symbol_mismatch]: Value (C1) doesn't match symbol value ()
    Local override; warning
    @(104.1100 mm, 42.7200 mm): Footprint C1
[footprint_symbol_mismatch]: Value (C2) doesn't match symbol value ()
    Local override; warning
    @(104.1100 mm, 64.3100 mm): Footprint C2
[footprint_symbol_mismatch]: Value (C3) doesn't match symbol value ()
    Local override; warning
    @(104.1100 mm, 85.9000 mm): Footprint C3
[footprint_symbol_mismatch]: Value (C4) doesn't match symbol value ()
    Local override; warning
    @(35.5300 mm, 79.5500 mm): Footprint C4
[footprint_symbol_mismatch]: Value (C5) doesn't match symbol value ()
    Local override; warning
    @(35.5300 mm, 93.5200 mm): Footprint C5
[footprint_symbol_mismatch]: Value (C6) doesn't match symbol value ()
    Local override; warning
    @(71.0900 mm, 51.6100 mm): Footprint C6
[footprint_symbol_mismatch]: Value (C7) doesn't match symbol value ()
    Local override; warning
    @(148.5600 mm, 31.2900 mm): Footprint C7
[footprint_symbol_mismatch]: Value (C8) doesn't match symbol value ()
    Local override; warning
    @(148.5600 mm, 17.3200 mm): Footprint C8
[footprint_symbol_mismatch]: Value (C9) doesn't match symbol value ()
    Local override; warning
    @(71.0900 mm, 93.5200 mm): Footprint C9
[footprint_symbol_mismatch]: Value (C10) doesn't match symbol value ()
    Local override; warning
    @(71.0900 mm, 37.6400 mm): Footprint C10
[footprint_symbol_mismatch]: Value (C11) doesn't match symbol value ()
    Local override; warning
    @(71.0900 mm, 65.5800 mm): Footprint C11
[footprint_symbol_mismatch]: Value (C12) doesn't match symbol value ()
    Local override; warning
    @(71.0900 mm, 79.5500 mm): Footprint C12
[footprint_symbol_mismatch]: Value (C13) doesn't match symbol value ()
    Local override; warning
    @(71.0900 mm, 23.6700 mm): Footprint C13
[footprint_symbol_mismatch]: Value (C14) doesn't match symbol value ()
    Local override; warning
    @(35.5300 mm, 51.6100 mm): Footprint C14
[footprint_symbol_mismatch]: Value (C15) doesn't match symbol value ()
    Local override; warning
    @(35.5300 mm, 23.6700 mm): Footprint C15
[footprint_symbol_mismatch]: Value (C16) doesn't match symbol value ()
    Local override; warning
    @(35.5300 mm, 65.5800 mm): Footprint C16
[footprint_symbol_mismatch]: Value (C17) doesn't match symbol value ()
    Local override; warning
    @(35.5300 mm, 37.6400 mm): Footprint C17
[footprint_symbol_mismatch]: Value (C18) doesn't match symbol value ()
    Local override; warning
    @(71.0900 mm, 107.4900 mm): Footprint C18
[footprint_symbol_mismatch]: Value (C19) doesn't match symbol value ()
    Local override; warning
    @(104.1100 mm, 103.6800 mm): Footprint C19
[footprint_symbol_mismatch]: Value (C24) doesn't match symbol value ()
    Local override; warning
    @(125.7000 mm, 18.5900 mm): Footprint C24
[footprint_symbol_mismatch]: Value (IC3) doesn't match symbol value (74LS32N)
    Local override; warning
    @(83.7900 mm, 107.4900 mm): Footprint IC3
[footprint_symbol_mismatch]: Value (IC12) doesn't match symbol value (74LS74N)
    Local override; warning
    @(83.7900 mm, 79.5500 mm): Footprint IC12
[footprint_symbol_mismatch]: Value (IC15) doesn't match symbol value (74ALS11N)
    Local override; warning
    @(116.8100 mm, 103.6800 mm): Footprint IC15
[footprint_symbol_mismatch]: Value (PWR0) doesn't match symbol value ()
    Local override; warning
    @(191.7400 mm, 120.1900 mm): Footprint PWR0
[footprint_symbol_field_mismatch]: Missing symbol field 'Eagle name' in footprint
    Local override; warning
    @(20.2870 mm, 66.8450 mm): Footprint X1
[footprint_symbol_mismatch]: Value (IC4) doesn't match symbol value (74ALS30N)
    Local override; warning
    @(161.2600 mm, 31.2900 mm): Footprint IC4
[footprint_symbol_mismatch]: Value (IC6) doesn't match symbol value (74LS04N)
    Local override; warning
    @(83.7900 mm, 37.6400 mm): Footprint IC6
[footprint_symbol_mismatch]: Value (IC7) doesn't match symbol value (74LS138N)
    Local override; warning
    @(162.5300 mm, 17.3200 mm): Footprint IC7
[footprint_symbol_mismatch]: Value (IC10) doesn't match symbol value (74ALS00N)
    Local override; warning
    @(83.7900 mm, 93.5200 mm): Footprint IC10
[footprint_symbol_mismatch]: Value (IC18) doesn't match symbol value (74ALS30N)
    Local override; warning
    @(137.1300 mm, 18.5900 mm): Footprint IC18
[footprint_symbol_mismatch]: Value (JP1) doesn't match symbol value ()
    Local override; warning
    @(25.3700 mm, 14.7800 mm): Footprint JP1
[footprint_symbol_mismatch]: Value (RN7) doesn't match symbol value ()
    Local override; warning
    @(110.4600 mm, 13.5100 mm): Footprint RN7
[footprint_symbol_mismatch]: Value (RN8) doesn't match symbol value ()
    Local override; warning
    @(110.4600 mm, 30.0200 mm): Footprint RN8
[footprint_symbol_mismatch]: Value (IC1) doesn't match symbol value ()
    Local override; warning
    @(125.7000 mm, 42.7200 mm): Footprint IC1
[footprint_symbol_mismatch]: Value (IC2) doesn't match symbol value ()
    Local override; warning
    @(125.7000 mm, 64.3100 mm): Footprint IC2
[footprint_symbol_mismatch]: Value (IC13) doesn't match symbol value ()
    Local override; warning
    @(125.7000 mm, 85.9000 mm): Footprint IC13
[footprint_symbol_mismatch]: Value (IC14) doesn't match symbol value (74LS04N)
    Local override; warning
    @(83.7900 mm, 23.6700 mm): Footprint IC14
[footprint_symbol_mismatch]: Value (IC8) doesn't match symbol value (74LS244N)
    Local override; warning
    @(52.0400 mm, 93.5200 mm): Footprint IC8
[footprint_symbol_mismatch]: Value (IC9) doesn't match symbol value (74LS244N)
    Local override; warning
    @(52.0400 mm, 79.5500 mm): Footprint IC9
[footprint_symbol_mismatch]: Value (IC11) doesn't match symbol value (74LS157N)
    Local override; warning
    @(85.0600 mm, 65.5800 mm): Footprint IC11
[footprint_symbol_mismatch]: Value (IC5) doesn't match symbol value (74LS245N)
    Local override; warning
    @(87.6000 mm, 51.6100 mm): Footprint IC5
[footprint_symbol_mismatch]: Value (IC26) doesn't match symbol value (74LS374N)
    Local override; warning
    @(52.0400 mm, 51.6100 mm): Footprint IC26
[footprint_symbol_mismatch]: Value (IC27) doesn't match symbol value (74LS374N)
    Local override; warning
    @(52.0400 mm, 23.6700 mm): Footprint IC27
[footprint_symbol_mismatch]: Value (IC28) doesn't match symbol value (74LS374N)
    Local override; warning
    @(52.0400 mm, 65.5800 mm): Footprint IC28
[footprint_symbol_mismatch]: Value (IC29) doesn't match symbol value (74LS374N)
    Local override; warning
    @(52.0400 mm, 37.6400 mm): Footprint IC29
[footprint_symbol_mismatch]: Value (RN5) doesn't match symbol value ()
    Local override; warning
    @(50.7700 mm, 104.9500 mm): Footprint RN5
[footprint_symbol_field_mismatch]: Missing symbol field 'Eagle name' in footprint
    Local override; warning
    @(50.7700 mm, 104.9500 mm): Footprint RN5
[footprint_symbol_mismatch]: Value (RN6) doesn't match symbol value ()
    Local override; warning
    @(50.7700 mm, 110.0300 mm): Footprint RN6
[footprint_symbol_field_mismatch]: Missing symbol field 'Eagle name' in footprint
    Local override; warning
    @(50.7700 mm, 110.0300 mm): Footprint RN6

** Ignored checks **
    - Footprint has no courtyard defined
    - Track endpoint not centered on via
    - Tuning profile track geometries
    - Footprint doesn't match symbol's footprint filters
    - Footprint component type doesn't match footprint pads

** End of Report **
