yacc1 -> Native
2 Classes read.
95 Patterns read.
    1 0000:             ;
    2 0000:             ; Basic Interpreter Entry points
    3 0000:             ;
    4 0000:             basic_list:   EQU 0e000h
    5 0000:             basic_run:    EQU 0e010h
    6 0000:             basic_cold:   EQU 0e020h
    7 0000:             basic_test:   EQU 0e030h
    8 0000:             basic_interprter: EQU 0e040h
    9 0000:             basic_parse:  EQU 0e050h
   10 0000:             basic_copy:   EQU 0e060h
   11 0000:             ;
   12 0000:             ; Hardware info
   13 0000:             ;
   14 0000:             UARTA0:       EQU 000h
   15 0000:             UARTA1:       EQU 008h
   16 0000:             UARTA2:       EQU 010h
   17 0000:             UARTA3:       EQU 018h
   18 0000:             UARTA4:       EQU 020h
   19 0000:             UARTA5:       EQU 028h
   20 0000:             UARTA6:       EQU 030h
   21 0000:             UARTA7:       EQU 038h
   22 0000:             
   23 0000:             SWITCHLED:    EQU 001H
   24 0000:             LCDENABLE:    EQU 002H
   25 0000:             LCDREGISTER:  EQU 004H
   26 0000:             UARTCS:       EQU 040H
   27 0000:             TIL311:       EQU 080H
   28 0000:             
   29 0000:             CNTL-PORT:    EQU "P0"
   30 0000:             DATAPORT:     EQU "P1"
   31 0000:             
   32 0000:             ;
   33 0000:             ; MONITOR MODES
   34 0000:             ;
   35 0000:             NOMODE:       EQU 0
   36 0000:             EXAMINEMODE:  EQU 1
   37 0000:             DUMPMODE:     EQU 2
   38 0000:             BLOCKMODE:    EQU 3
   39 0000:             FILLMODE:     EQU 4
   40 0000:             
   41 0000:             ;
   42 0000:             ; Monitor variables 0x0f00 - 0x0fff
   43 0000:             ;
   44 0000:             monmode:        EQU 0f00h
   45 0000:             continue_addr:  EQU 0f02h
   46 0000:             interupt_cnt:   EQU 0f04h
   47 0000:             ;
   48 0000:             ; CompactFlash driver variables (YACC1-D 2026-09-22) and the OS/program argument buffer
   49 0000:             ;
   50 0000:             CFLBA0:         EQU 0f10h    ; sector number for CFREAD/CFWRITE, low byte
   51 0000:             CFLBA1:         EQU 0f11h
   52 0000:             CFLBA2:         EQU 0f12h    ; high byte (24-bit LBA)
   53 0000:             ARGBUF:         EQU 0f40h    ; 64 bytes: the OS leaves a program's command tail here (NUL-terminated)
   54 0000:             OSBASE:         EQU 1000h    ; where the boot command loads the OS image (LBA 1..OSCNT) and calls it
   55 0000:             line_buffer:    EQU 0f80h    ; 128 bytes long max
   56 0000:             
   57 0000:             
   58 0000:             ;
   59 0000:             ; Setup Stack, use R1 0eff -> down to 0c00 (but no checking)
   60 0000:             ;
   61 0000:             STACK: EQU 0EFFh
   62 0000:             
   63 0000:             ;
   64 0000:             ; remap eprom from 0x0000 to 0xf000 by initial access to 0xf003 via BRanch
   65 0000:             ;
   66 0000:                      ORG 0f000h
   67 f000: a0 f0 03             BR eprom
   68 f003:                      ORG 0f003h
   69 f003:             eprom:
   70 f003:             ;
   71 f003:             ; Setup Stack
   72 f003:             ;
   73 f003: 19 0e ff             MVIW R1,STACK
   74 f006:             
   75 f006:             ; SERIAL OUT SETUP
   76 f006:             ;
   77 f006: 70 58                OUTI  P0,(UARTA3!UARTCS)
   78 f008: 71 80                OUTI  P1,080H
   79 f00a:             
   80 f00a: 70 40                OUTI  P0,(UARTA0!UARTCS)
   81 f00c:             ;         OUTI  P1,12 ;9600
   82 f00c: 71 03                OUTI P1,3 ;38400
   83 f00e:             
   84 f00e: 70 48                OUTI  P0,(UARTA1!UARTCS)
   85 f010: 71 00                OUTI  P1,00
   86 f012:             
   87 f012: 70 58                OUTI  P0,(UARTA3!UARTCS)
   88 f014: 71 03                OUTI  P1,03H
   89 f016:             
   90 f016:             ; Set intial monitor mode
   91 f016:             
   92 f016:             ;         MVIB R6,NOMODE
   93 f016:             
   94 f016: 0e 00                 LDAI NOMODE
   95 f018: e5 0f 00              STA MONMODE
   96 f01b: 0e 05                 ldai 05h
   97 f01d: e5 0f 04              sta interupt_cnt
   98 f020:             ;
   99 f020:             ; Main
  100 f020:             ;
  101 f020: 04 f5 af              JSR lblink
  102 f023: 1f f5 d5              MVIW R7,hello
  103 f026: 04 f5 28              JSR stringout
  104 f029: 04 e0 20              JSR basic_cold   ; initialize basic interpreter
  105 f02c:                                        ; hack should this pass in token buffer ptr
  106 f02c:             ;
  107 f02c:             ; additional proof of life
  108 f02c:             ;
  109 f02c:             ; show first 16 bytes of ROM & REGISTERS
  110 f02c:             ;
  111 f02c: 1f f0 00             MVIW R7,0f000h
  112 f02f: 04 f4 14             JSR showaddr
  113 f032: 04 f4 a1             JSR show16
  114 f035: 04 f4 5c             JSR showregs
  115 f038: 1f f5 f4             MVIW R7,CRLF
  116 f03b: 04 f5 28             JSR stringout
  117 f03e:             ;
  118 f03e:             ; show test code addr to use with go command
  119 f03e:             ;
  120 f03e: 1f f0 51             MVIW R7,tttt
  121 f041: 04 f4 14             JSR showaddr
  122 f044: 1f f5 f4             MVIW R7,CRLF
  123 f047: 04 f5 28             JSR stringout
  124 f04a:             ;
  125 f04a:             ; if INPUT high start the monitor
  126 f04a:             ;
  127 f04a: fe ff 90            iaddr isrcode
  128 f04d: fb                  INTE
  129 f04e: a3 f0 5b            BRINH cmdloop
  130 f051:             ;
  131 f051:             ; else run test/code below at completetion blink OUT LED jump to cmdloop
  132 f051:             ;
  133 f051:             tttt:
  134 f051: 1f fb 29            MVIW R7,TESTMSG
  135 f054: 04 f5 28            JSR stringout
  136 f057:             ;
  137 f057:             ; Tests to be run at startup
  138 f057:             ;
  139 f057:             
  140 f057:             ;
  141 f057:             ; startup tests complete
  142 f057:             ;
  143 f057: a0 f0 5b            BR cmdloop
  144 f05a:             ;
  145 f05a:             ;
  146 f05a:             ;
  147 f05a:             ; (the T-menu bench tests, 1,062 bytes, were removed 2026-09-22 to make room for the CF driver and the boot command;
  148 f05a:             ;  they are in git history and in tests/assembler/history-2020/)
  149 f05a:             ; added for emulator eat cr
  150 f05a:             eat_nl:
  151 f05a:             ;1      BRDEV eat_nl_done
  152 f05a:             ;1      PUSH
  153 f05a:             ;1      JSR uartin
  154 f05a:             ;1      pop
  155 f05a:             eat_nl_done:
  156 f05a: 05                ret
  157 f05b:             ;
  158 f05b:             ; Output Prompt
  159 f05b:             :
  160 f05b:             
  161 f05b:             cmdloop:
  162 f05b: 1f f5 f2          MVIW R7,PROMPT
  163 f05e: 04 f5 28          JSR stringout
  164 f061:             ;
  165 f061:             ;
  166 f061:             ; Input test
  167 f061:             ;
  168 f061:             ;intest:
  169 f061:             ;      JSR uartin
  170 f061:             ;      jsr showbytea
  171 f061:             ;      BR intest
  172 f061:             ;
  173 f061:             ; end test
  174 f061:             ;
  175 f061: 04 f5 4b          JSR uartin
  176 f064: 04 f4 0b          JSR toupper
  177 f067:             
  178 f067:             ;
  179 f067:             ; added for emulator eat cr
  180 f067:             ;
  181 f067: 04 f0 5a          jsr eat_nl
  182 f06a: 0d 48             LDTI 'H'
  183 f06c: aa f0 7e          BRNEQ testexamine
  184 f06f: 1f f5 f4          MVIW R7,CRLF
  185 f072: 04 f5 28          JSR stringout
  186 f075: 1f f6 94          MVIW R7,helpmenu
  187 f078: 04 f5 28          JSR stringout
  188 f07b: a0 f0 5b          BR cmdloop
  189 f07e:             
  190 f07e:             testexamine:
  191 f07e: 0d 30             LDTI '0'
  192 f080: a8 f1 09          BREQ cmd_exit
  193 f083: 0d 42             LDTI 'B'
  194 f085: a8 f1 6e          BREQ dumpblock
  195 f088: 0d 43             LDTI 'C'
  196 f08a: a8 f1 56          BREQ cmd_basic_copy
  197 f08d: 0d 44             LDTI 'D'
  198 f08f: a8 f1 91          BREQ dump
  199 f092: 0d 45             LDTI 'E'
  200 f094: a8 f1 b7          BREQ examine
  201 f097: 0d 46             LDTI 'F'
  202 f099: a8 f2 1c          BREQ fillblock
  203 f09c: 0d 47             LDTI 'G'
  204 f09e: a8 f2 5c          BREQ go
  205 f0a1: 0d 4f             LDTI 'O'
  206 f0a3: a8 f3 33          BREQ boot
  207 f0a6: 0d 49             ldti 'I'
  208 f0a8: a8 f1 44          BREQ interpreter
  209 f0ab: 0d 4c             LDTI 'L'
  210 f0ad: a8 f1 4a          BREQ cmd_basiclist
  211 f0b0: 0d 50             LDTI 'P'
  212 f0b2: a8 f1 19          BREQ cmd_basicparse
  213 f0b5: 0d 52             LDTI 'R'
  214 f0b7: a8 f2 6a          BREQ dumpreg
  215 f0ba: 0d 59             LDTI 'Y'
  216 f0bc: a8 f1 62          BREQ cmd_basic_test
  217 f0bf: 0d 5a             LDTI 'Z'
  218 f0c1: a8 f1 0d          BREQ cmd_basic
  219 f0c4: 0d 0d             LDTI 0Dh        ; hardware continue
  220 f0c6: a8 f0 e3          BREQ continue
  221 f0c9:             ;
  222 f0c9:             ; add for emulator
  223 f0c9:             ; hardware sends 0dh on CR but emulator sends 0dh 0ah
  224 f0c9:             ; code at top of loop eats the 0dh if running in emulator
  225 f0c9:             ; so continue on 0ah as well
  226 f0c9:             ;
  227 f0c9: 0d 0a             LDTI 0ah      ; emulator continue
  228 f0cb: a8 f0 e3          BREQ continue
  229 f0ce:             
  230 f0ce: 1f f5 f4          MVIW R7,CRLF
  231 f0d1:             
  232 f0d1: 04 f5 28          JSR stringout
  233 f0d4:             
  234 f0d4: 1f f5 f7          MVIW R7,ERROR
  235 f0d7: 04 f5 28          JSR stringout
  236 f0da:             
  237 f0da: 1f f6 94          MVIW R7,helpmenu
  238 f0dd: 04 f5 28          JSR stringout
  239 f0e0: a0 f0 5b          BR cmdloop
  240 f0e3:             ;
  241 f0e3:             continue:
  242 f0e3:             
  243 f0e3:             ;       MVRLA R6
  244 f0e3: e4 0f 00           LDA MONMODE
  245 f0e6:             
  246 f0e6: 0d 03              LDTI BLOCKMODE
  247 f0e8: a8 f1 85           BREQ dumpblockcont
  248 f0eb:             
  249 f0eb: 0d 02              LDTI DUMPMODE
  250 f0ed: a8 f1 a8           BREQ dumpcont
  251 f0f0:             
  252 f0f0: 0d 01              LDTI EXAMINEMODE
  253 f0f2: a8 f1 ce           BREQ examinecont
  254 f0f5:             
  255 f0f5: 0d 04              LDTI FILLMODE
  256 f0f7: a8 f2 33           BREQ fillcont
  257 f0fa: a0 f0 5b           BR cmdloop
  258 f0fd:             ;
  259 f0fd:             ;      ERROR
  260 f0fd:             ;
  261 f0fd: 1f f6 0f           MVIW R7,CONTINUEERROR
  262 f100: 04 f5 28           JSR stringout
  263 f103: a0 f0 5b           BR cmdloop
  264 f106:             
  265 f106: a0 f1 06    stop:   BR stop
  266 f109:             
  267 f109:             cmd_exit:
  268 f109: af f1 06          BRDEV stop
  269 f10c: 00                DB 0
  270 f10d:             
  271 f10d:             cmd_basic:
  272 f10d: 1f f5 f4            MVIW R7,CRLF
  273 f110: 04 f5 28            JSR stringout
  274 f113: 04 e0 10           jsr basic_run
  275 f116: a0 f0 5b           BR cmdloop
  276 f119:             
  277 f119:             cmd_basicparse:
  278 f119:                     ;build input string
  279 f119:                     ;point register to BUFFER
  280 f119:                     ;loop fetch chars
  281 f119:                     ;until CR
  282 f119:                     ;be sure line ends with a NULL or CR
  283 f119:                     ;what does parse require???
  284 f119: 1f f6 86            MVIW R7,BASIC_PARSEMSG
  285 f11c: 04 f5 28            JSR stringout
  286 f11f:             
  287 f11f: 1b 0f 80            mviw r3,line_buffer
  288 f122:             parse_inputloop:
  289 f122: 04 f5 4b            jsr uartin
  290 f125: 4b                  stavr r3
  291 f126: 53                  incr r3
  292 f127: 0d 0a               ldti 0ah  ;1 changed from 0a to 0D for new emulator code, changed back
  293 f129:             ;       halt
  294 f129: aa f1 22            brneq parse_inputloop
  295 f12c: 1f 0f 80            mviw r7,line_buffer
  296 f12f: 04 f4 a1            jsr show16
  297 f132: 1f 0f 80            mviw r7,line_buffer
  298 f135: 04 e0 50            JSR BASIC_PARSE
  299 f138: 1f 04 00            mviw r7,0400H
  300 f13b:             ;        jsr show256
  301 f13b: a0 f0 5b            BR cmdloop
  302 f13e:             do_parse:
  303 f13e: 04 e0 50            JSR basic_parse
  304 f141: a0 f0 5b            BR cmdloop
  305 f144:             
  306 f144:             interpreter:
  307 f144: 04 e0 40            JSR BASIC_INTERPRTER
  308 f147: a0 f0 5b            BR CMDLOOP
  309 f14a:             
  310 f14a:             cmd_basiclist:
  311 f14a: 1f f5 f4            MVIW R7,CRLF
  312 f14d: 04 f5 28            JSR stringout
  313 f150: 04 e0 00            JSR basic_list
  314 f153: a0 f0 5b            BR cmdloop
  315 f156:             
  316 f156:             cmd_basic_copy:
  317 f156: 1f f5 f4            MVIW R7,CRLF
  318 f159: 04 f5 28            JSR stringout
  319 f15c: 04 e0 60            JSR basic_copy
  320 f15f: a0 f0 5b            BR cmdloop
  321 f162:             
  322 f162:             cmd_basic_test:
  323 f162: 1f f5 f4            MVIW R7,CRLF
  324 f165: 04 f5 28            JSR stringout
  325 f168: 04 e0 30            JSR basic_test
  326 f16b: a0 f0 5b            BR cmdloop
  327 f16e:             
  328 f16e:             dumpblock:
  329 f16e:             ;      MVIB R6,BLOCKMODE
  330 f16e: 0d 03              LDTI BLOCKMODE
  331 f170: e7 0f 00           STT monmode
  332 f173:             
  333 f173: 1f f6 31           MVIW R7,DUMPBLOCKMSG
  334 f176: 04 f5 28           JSR stringout
  335 f179: 04 f3 cf           jsr getaddress
  336 f17c: ef 0f 02           str r7,continue_addr
  337 f17f: 1f f5 f4           MVIW R7,CRLF
  338 f182: 04 f5 28           JSR stringout
  339 f185:             
  340 f185:             dumpblockcont:
  341 f185: f7 0f 02           ldr r7,continue_addr
  342 f188: 04 f4 bb           jsr show256
  343 f18b: ef 0f 02           str r7,continue_addr
  344 f18e: a0 f0 5b           BR cmdloop
  345 f191:             ;
  346 f191:             ; dump 16 bytes on 16 byte boundry
  347 f191:             ;
  348 f191:             dump:
  349 f191:             ;       MVIB R6,DUMPMODE
  350 f191: 0d 02              LDTI DUMPMODE
  351 f193: e7 0f 00           STT monmode
  352 f196: 1f f6 24           MVIW R7,DUMPMSG
  353 f199: 04 f5 28           JSR stringout
  354 f19c: 04 f3 cf           jsr getaddress
  355 f19f: ef 0f 02           str r7,continue_addr
  356 f1a2: 1f f5 f4           MVIW R7,CRLF
  357 f1a5: 04 f5 28           JSR stringout
  358 f1a8:             
  359 f1a8:             dumpcont:
  360 f1a8: f7 0f 02           ldr r7,continue_addr
  361 f1ab: 04 f4 14           jsr showaddr
  362 f1ae: 04 f4 a1           jsr show16
  363 f1b1: ef 0f 02           str r7,continue_addr
  364 f1b4: a0 f0 5b           BR cmdloop
  365 f1b7:             
  366 f1b7:             examine:
  367 f1b7:             ;       MVIB R6,EXAMINEMODE
  368 f1b7: 0d 01             LDTI EXAMINEMODE
  369 f1b9: e7 0f 00          STT monmode
  370 f1bc: 1f f6 65          MVIW R7,EXAMINEMSG
  371 f1bf: 04 f5 28          JSR stringout
  372 f1c2: 04 f3 cf          jsr getaddress
  373 f1c5: ef 0f 02          str r7,continue_addr
  374 f1c8: 1f f5 f4          MVIW R7,CRLF
  375 f1cb: 04 f5 28          JSR stringout
  376 f1ce:             
  377 f1ce:             examinecont:
  378 f1ce: f7 0f 02          ldr r7,continue_addr
  379 f1d1: 04 f4 14          JSR showaddr
  380 f1d4: 0e 20             LDAI ' '
  381 f1d6: 04 f5 36          JSR uartout
  382 f1d9:             
  383 f1d9: 04 f4 d2          JSR SHOWBYTE
  384 f1dc:             
  385 f1dc: 04 f5 4b          JSR uartin
  386 f1df: 0d 1b             LDTI 01bh
  387 f1e1: a8 f2 13          BREQ examdone
  388 f1e4: 0d 2d             LDTI '-'
  389 f1e6: a8 f2 13          BREQ examdone
  390 f1e9: 0d 0d             LDTI 0dh
  391 f1eb: a8 f2 02          BREQ examnext
  392 f1ee: 0d 0a             LDTI 0ah
  393 f1f0: a8 f2 02          BREQ examnext
  394 f1f3: 04 f3 fb          JSR getnibblec
  395 f1f6: b6                SHL
  396 f1f7: b6                SHL
  397 f1f8: b6                SHL
  398 f1f9: b6                SHL
  399 f1fa: 09                push
  400 f1fb: 04 f3 f8          jsr getnibble
  401 f1fe: 0b                MVAT
  402 f1ff: 0a                Pop
  403 f200: ba                ORT
  404 f201: 4f                STAVR R7
  405 f202:             
  406 f202:             examnext:
  407 f202: 57                INCR R7
  408 f203: ef 0f 02          str r7,continue_addr
  409 f206: 0e 0a             LDAI 0ah
  410 f208: 04 f5 36          JSR uartout
  411 f20b: 0e 0d             LDAI 0dh
  412 f20d: 04 f5 36          JSR uartout
  413 f210: a0 f1 ce          BR examinecont
  414 f213:             
  415 f213:             examdone:
  416 f213: 1f f5 f4          MVIW R7,CRLF
  417 f216: 04 f5 28          JSR stringout
  418 f219: a0 f0 5b          BR cmdloop
  419 f21c:             
  420 f21c:             fillblock:
  421 f21c:             ;       MVIB R6,FILLMODE
  422 f21c: 0d 04              LDTI FILLMODE
  423 f21e: e7 0f 00           STT monmode
  424 f221:             
  425 f221: 1f f6 44           MVIW R7,FILLMSG
  426 f224: 04 f5 28           JSR stringout
  427 f227: 04 f3 cf           jsr getaddress
  428 f22a: ef 0f 02           STR r7,continue_addr
  429 f22d: 1f f5 f4           MVIW R7,CRLF
  430 f230: 04 f5 28           JSR stringout
  431 f233:             
  432 f233:             fillcont:
  433 f233: f7 0f 02          ldr r7,continue_addr
  434 f236: 04 f4 14          jsr showaddr
  435 f239: 1f f5 f4          MVIW R7,CRLF
  436 f23c: 04 f5 28          JSR stringout
  437 f23f: f7 0f 02          ldr r7,continue_addr
  438 f242:             morefill:
  439 f242: 0e 00             LDAI 0
  440 f244: 4f                STAVR R7
  441 f245: 57                INCR R7
  442 f246: 27                MVRLA R7
  443 f247: b3 ff             ANDI  0FFH
  444 f249: a2 f2 42          BRNZ morefill
  445 f24c: ef 0f 02          str r7,continue_addr
  446 f24f: 0e 0a             LDAI 0ah
  447 f251: 04 f5 36          JSR uartout
  448 f254: 0e 0d             LDAI 0dh
  449 f256: 04 f5 36          JSR uartout
  450 f259: a0 f0 5b          BR cmdloop
  451 f25c:             
  452 f25c:             
  453 f25c:             go:
  454 f25c: 1f f6 57          MVIW R7,GOMSG
  455 f25f: 04 f5 28          JSR stringout
  456 f262: 04 f3 cf          jsr getaddress
  457 f265:             ;
  458 f265:             ; YACC1-D 2026-09-22: was BRVR R7, which is an INDIRECT jump (PC <- the word AT the address, see the
  459 f265:             ; microcode: branch() fetches the target through R7 like BR fetches its operand through the PC), so G jumped
  460 f265:             ; through whatever was stored at AAAA. JSRUR R7 jumps TO AAAA and pushes a return address: the program ends
  461 f265:             ; with RET and lands back in the command loop.
  462 f265:             ;
  463 f265: 06 07             JSRUR R7
  464 f267: a0 f0 5b          BR cmdloop
  465 f26a:             
  466 f26a:             dumpreg:
  467 f26a: 04 f4 5c          JSR showregs
  468 f26d:             ;      MVIB R6,NOMODE
  469 f26d: 0d 00             LDTI NOMODE
  470 f26f: e7 0f 00          STT monmode
  471 f272:             
  472 f272: a0 f0 5b          BR cmdloop
  473 f275:             
  474 f275:             ;
  475 f275:             ; ---- CompactFlash driver (YACC1-D 2026-09-22) -----------------------------------------------------------
  476 f275:             ; The card sits on two ports: P8 = register-select latch (ATA task-file register 0-7), P9 = data.
  477 f275:             ; 8-bit True IDE mode. Registers: 0 data, 1 error/feature, 2 sector count, 3-5 LBA0-2, 6 drive/head, 7 status/cmd.
  478 f275:             ; Entry points (also BIOS vectors at 0FFECh..): cfinit  ACC = 0 ok / 1 error (absent card times out);
  479 f275:             ;   cfread   sector CFLBA0..2 -> (R7), R7 += 512, ACC = 0 ok / 1 error;   cfwrite  (R7) -> sector, R7 += 512, same;
  480 f275:             ;   R6 and TMP are clobbered. const  ACC = 1 when a console byte waits (0 otherwise).
  481 f275:             ;
  482 f275:             CFSEL_DATA:  EQU 0
  483 f275:             CFSEL_FEAT:  EQU 1
  484 f275:             CFSEL_SCNT:  EQU 2
  485 f275:             CFSEL_LBA0:  EQU 3
  486 f275:             CFSEL_LBA1:  EQU 4
  487 f275:             CFSEL_LBA2:  EQU 5
  488 f275:             CFSEL_HEAD:  EQU 6
  489 f275:             CFSEL_CMD:   EQU 7
  490 f275:             ;
  491 f275:             ; wait while BSY (bit 7), bounded to 65536 polls; returns the status in ACC
  492 f275:             cfwait:
  493 f275: 1e 00 00            MVIW R6,0
  494 f278:             cfwaitl:
  495 f278: 78 07               OUTI P8,CFSEL_CMD
  496 f27a: 99                  INP P9
  497 f27b: b3 80               ANDI 080H
  498 f27d: a1 f2 89            BRZ cfwaitd
  499 f280: 5e                  DECR R6
  500 f281: 26                  MVRLA R6
  501 f282: a2 f2 78            BRNZ cfwaitl
  502 f285: 2e                  MVRHA R6
  503 f286: a2 f2 78            BRNZ cfwaitl
  504 f289:             cfwaitd:
  505 f289: 78 07               OUTI P8,CFSEL_CMD
  506 f28b: 99                  INP P9
  507 f28c: 05                  RET
  508 f28d:             ;
  509 f28d:             ; wait until DRQ (bit 3), bounded; returns the status in ACC
  510 f28d:             cfdrq:
  511 f28d: 1e 00 00            MVIW R6,0
  512 f290:             cfdrql:
  513 f290: 78 07               OUTI P8,CFSEL_CMD
  514 f292: 99                  INP P9
  515 f293: b3 08               ANDI 008H
  516 f295: a2 f2 a1            BRNZ cfdrqd
  517 f298: 5e                  DECR R6
  518 f299: 26                  MVRLA R6
  519 f29a: a2 f2 90            BRNZ cfdrql
  520 f29d: 2e                  MVRHA R6
  521 f29e: a2 f2 90            BRNZ cfdrql
  522 f2a1:             cfdrqd:
  523 f2a1: 78 07               OUTI P8,CFSEL_CMD
  524 f2a3: 99                  INP P9
  525 f2a4: 05                  RET
  526 f2a5:             ;
  527 f2a5:             cfinit:
  528 f2a5: 04 f2 75            JSR cfwait
  529 f2a8: 78 06               OUTI P8,CFSEL_HEAD
  530 f2aa: 79 e0               OUTI P9,0E0H            ; LBA mode, drive 0
  531 f2ac: 78 01               OUTI P8,CFSEL_FEAT
  532 f2ae: 79 01               OUTI P9,001H            ; feature 1: 8-bit transfers
  533 f2b0: 78 07               OUTI P8,CFSEL_CMD
  534 f2b2: 79 ef               OUTI P9,0EFH            ; SET FEATURES
  535 f2b4: 04 f2 75            JSR cfwait
  536 f2b7: b3 01               ANDI 001H               ; ERR bit; an absent card reads FFh and times out -> 1
  537 f2b9: 05                  RET
  538 f2ba:             ;
  539 f2ba:             ; task file <- CFLBA0..2, LBA mode, one sector
  540 f2ba:             cfsetl:
  541 f2ba: 78 03               OUTI P8,CFSEL_LBA0
  542 f2bc: e4 0f 10            LDA CFLBA0
  543 f2bf: 69                  OUTA P9
  544 f2c0: 78 04               OUTI P8,CFSEL_LBA1
  545 f2c2: e4 0f 11            LDA CFLBA1
  546 f2c5: 69                  OUTA P9
  547 f2c6: 78 05               OUTI P8,CFSEL_LBA2
  548 f2c8: e4 0f 12            LDA CFLBA2
  549 f2cb: 69                  OUTA P9
  550 f2cc: 78 06               OUTI P8,CFSEL_HEAD
  551 f2ce: 79 e0               OUTI P9,0E0H
  552 f2d0: 78 02               OUTI P8,CFSEL_SCNT
  553 f2d2: 79 01               OUTI P9,1
  554 f2d4: 05                  RET
  555 f2d5:             ;
  556 f2d5:             cfread:
  557 f2d5: 04 f2 75            JSR cfwait
  558 f2d8: 04 f2 ba            JSR cfsetl
  559 f2db: 78 07               OUTI P8,CFSEL_CMD
  560 f2dd: 79 20               OUTI P9,020H            ; READ SECTORS
  561 f2df: 04 f2 8d            JSR cfdrq
  562 f2e2: b3 08               ANDI 008H
  563 f2e4: a1 f2 fb            BRZ cferr
  564 f2e7: 78 00               OUTI P8,CFSEL_DATA
  565 f2e9: 1e 02 00            MVIW R6,512
  566 f2ec:             cfrdl:
  567 f2ec: 99                  INP P9
  568 f2ed: 4f                  STAVR R7
  569 f2ee: 57                  INCR R7
  570 f2ef: 5e                  DECR R6
  571 f2f0: 26                  MVRLA R6
  572 f2f1: a2 f2 ec            BRNZ cfrdl
  573 f2f4: 2e                  MVRHA R6
  574 f2f5: a2 f2 ec            BRNZ cfrdl
  575 f2f8: 0e 00               LDAI 0
  576 f2fa: 05                  RET
  577 f2fb:             cferr:
  578 f2fb: 0e 01               LDAI 1
  579 f2fd: 05                  RET
  580 f2fe:             ;
  581 f2fe:             cfwrite:
  582 f2fe: 04 f2 75            JSR cfwait
  583 f301: 04 f2 ba            JSR cfsetl
  584 f304: 78 07               OUTI P8,CFSEL_CMD
  585 f306: 79 30               OUTI P9,030H            ; WRITE SECTORS
  586 f308: 04 f2 8d            JSR cfdrq
  587 f30b: b3 08               ANDI 008H
  588 f30d: a1 f2 fb            BRZ cferr
  589 f310: 78 00               OUTI P8,CFSEL_DATA
  590 f312: 1e 02 00            MVIW R6,512
  591 f315:             cfwrl:
  592 f315: 47                  LDAVR R7
  593 f316: 69                  OUTA P9
  594 f317: 57                  INCR R7
  595 f318: 5e                  DECR R6
  596 f319: 26                  MVRLA R6
  597 f31a: a2 f3 15            BRNZ cfwrl
  598 f31d: 2e                  MVRHA R6
  599 f31e: a2 f3 15            BRNZ cfwrl
  600 f321: 04 f2 75            JSR cfwait
  601 f324: b3 01               ANDI 001H
  602 f326: 05                  RET
  603 f327:             ;
  604 f327:             ; const: ACC = 1 when a console byte is waiting. The emulator's port-2 console has no status: always ready.
  605 f327:             const:
  606 f327: af f3 2d            BRDEV consthw
  607 f32a: 0e 01               LDAI 1
  608 f32c: 05                  RET
  609 f32d:             consthw:
  610 f32d: 70 68               OUTI P0,(UARTCS!UARTA5)
  611 f32f: 91                  INP P1
  612 f330: b3 01               ANDI 001H
  613 f332: 05                  RET
  614 f333:             ;
  615 f333:             ; O command: boot. Read the boot block (LBA 0) to OSBASE, check 'P8' and OSCNT, read OSCNT sectors from LBA 1
  616 f333:             ; to OSBASE and call it; the OS returns with RET.
  617 f333:             ;
  618 f333:             boot:
  619 f333: 1f f3 9f            MVIW R7,MSGBOOT
  620 f336: 04 f5 28            JSR stringout
  621 f339: 04 f2 a5            JSR cfinit
  622 f33c: a2 f3 8d            BRNZ bootfail
  623 f33f: 0e 00               LDAI 0
  624 f341: e5 0f 10            STA CFLBA0
  625 f344: e5 0f 11            STA CFLBA1
  626 f347: e5 0f 12            STA CFLBA2
  627 f34a: 1f 10 00            MVIW R7,OSBASE
  628 f34d: 04 f2 d5            JSR cfread
  629 f350: a2 f3 8d            BRNZ bootfail
  630 f353: e4 10 00            LDA OSBASE
  631 f356: 0d 50               LDTI 'P'
  632 f358: aa f3 96            BRNEQ bootnos
  633 f35b: e4 10 01            LDA OSBASE+1
  634 f35e: 0d 38               LDTI '8'
  635 f360: aa f3 96            BRNEQ bootnos
  636 f363: e4 10 03            LDA OSBASE+3            ; OSCNT
  637 f366: a1 f3 96            BRZ bootnos
  638 f369: 35                  MVARL R5
  639 f36a: 1f 10 00            MVIW R7,OSBASE
  640 f36d: 0e 01               LDAI 1
  641 f36f: e5 0f 10            STA CFLBA0
  642 f372:             bootl:
  643 f372: 04 f2 d5            JSR cfread
  644 f375: a2 f3 8d            BRNZ bootfail
  645 f378: e4 0f 10            LDA CFLBA0
  646 f37b: b0 01               ADDI 1
  647 f37d: e5 0f 10            STA CFLBA0
  648 f380: 5d                  DECR R5
  649 f381: 25                  MVRLA R5
  650 f382: a2 f3 72            BRNZ bootl
  651 f385: 1f 10 00            MVIW R7,OSBASE
  652 f388: 06 07               JSRUR R7
  653 f38a: a0 f0 5b            BR cmdloop
  654 f38d:             bootfail:
  655 f38d: 1f f3 b0            MVIW R7,MSGCFERR
  656 f390: 04 f5 28            JSR stringout
  657 f393: a0 f0 5b            BR cmdloop
  658 f396:             bootnos:
  659 f396: 1f f3 bb            MVIW R7,MSGNOOS
  660 f399: 04 f5 28            JSR stringout
  661 f39c: a0 f0 5b            BR cmdloop
  662 f39f: 0a 0d 42 4f 
            4f 54 20 46 
            52 4f 4d 20 
            43 46 0a 0d 
            00          MSGBOOT: DB 0ah,0dh,"BOOT FROM CF",0ah,0dh,0
  663 f3b0: 43 46 20 45 
            52 52 4f 52 
            0a 0d 00    MSGCFERR: DB "CF ERROR",0ah,0dh,0
  664 f3bb: 4e 4f 20 4f 
            53 20 4f 4e 
            20 54 48 45 
            20 43 41 52 
            44 0a 0d 00 MSGNOOS: DB "NO OS ON THE CARD",0ah,0dh,0
  665 f3cf:             ;
  666 f3cf:             getaddress:
  667 f3cf:             ;
  668 f3cf:             ; Read 4 char address and return in R7
  669 f3cf:             ;
  670 f3cf: 09                      Push
  671 f3d0: 04 f3 f8                JSR getnibble
  672 f3d3: b6                      SHL
  673 f3d4: b6                      SHL
  674 f3d5: b6                      SHL
  675 f3d6: b6                      SHL
  676 f3d7: b3 f0                   ANDI 0f0h
  677 f3d9: 09                      Push
  678 f3da: 04 f3 f8                JSR getnibble
  679 f3dd: b3 0f                   ANDI 0FH
  680 f3df: 0b                      MVAT
  681 f3e0: 0a                      Pop
  682 f3e1: ba                      ORT
  683 f3e2: 3f                      MVARH R7
  684 f3e3:             
  685 f3e3: 04 f3 f8                JSR getnibble
  686 f3e6: b6                      SHL
  687 f3e7: b6                      shl
  688 f3e8: b6                      shl
  689 f3e9: b6                      shl
  690 f3ea: b3 f0                   ANDI 0f0h
  691 f3ec: 09                      push
  692 f3ed: 04 f3 f8                JSR getnibble
  693 f3f0: b3 0f                   ANDI 0FH
  694 f3f2: 0b                      MVAT
  695 f3f3: 0a                      pop
  696 f3f4: ba                      ORT
  697 f3f5: 37                      MVARL R7
  698 f3f6: 0a                      POP
  699 f3f7: 05                      RET
  700 f3f8:             ;
  701 f3f8:             ; getnibble return in accumulator
  702 f3f8:             ;
  703 f3f8:             getnibble:
  704 f3f8: 04 f5 4b              JSR uartin
  705 f3fb:             getnibblec:
  706 f3fb: 0d 39                 LDTI '9'
  707 f3fd: a9 f4 03              BRGT INAF
  708 f400: b1 30                 SUBI '0'
  709 f402: 05                    RET
  710 f403: 04 f4 0b    INAF:     JSR toupper
  711 f406: b1 41                 SUBI 'A'
  712 f408: b0 0a                 ADDI 10
  713 f40a: 05                    RET
  714 f40b:             ;
  715 f40b:             ; value in accumulator convert to uppercase
  716 f40b:             ;
  717 f40b: 0d 5a       toupper:  LDTI 'Z'
  718 f40d: a9 f4 11              BRGT lower
  719 f410: 05                    RET
  720 f411:             lower:
  721 f411: b1 20                 SUBI 020h
  722 f413: 05                    RET
  723 f414:             ;
  724 f414:             ; display R7 (old r3) followed by
  725 f414:             ; ":" and " " for showaddr and nothing for shownum
  726 f414:             ;
  727 f414: 09          showaddr:   Push
  728 f415: 2f                      MVRHA R7
  729 f416: b7                      SHR
  730 f417: b7                      SHR
  731 f418: b7                      SHR
  732 f419: b7                      SHR
  733 f41a: 04 f5 06                JSR shownibble
  734 f41d: 2f                      MVRHA R7
  735 f41e: b3 0f                   ANDI 0FH
  736 f420: 04 f5 06                JSR shownibble
  737 f423: 27                      MVRLA R7
  738 f424: b7                      SHR
  739 f425: b7                      SHR
  740 f426: b7                      SHR
  741 f427: b7                      SHR
  742 f428: 04 f5 06                JSR shownibble
  743 f42b: 27                      MVRLA R7
  744 f42c: b3 0f                   ANDI 0FH
  745 f42e: 04 f5 06                JSR shownibble
  746 f431: 0e 3a                   LDAI ':'
  747 f433: 04 f5 36                JSR uartout
  748 f436: 0e 20                   LDAI ' '
  749 f438: 04 f5 36                JSR uartout
  750 f43b: 0a                      POP
  751 f43c: 05                      RET
  752 f43d:             
  753 f43d:             shownum:
  754 f43d: 09          showr7:     Push
  755 f43e: 2f                      MVRHA R7
  756 f43f: b7                      SHR
  757 f440: b7                      SHR
  758 f441: b7                      SHR
  759 f442: b7                      SHR
  760 f443: 04 f5 06                JSR shownibble
  761 f446: 2f                      MVRHA R7
  762 f447: b3 0f                   ANDI 0FH
  763 f449: 04 f5 06                JSR shownibble
  764 f44c: 27                      MVRLA R7
  765 f44d: b7                      SHR
  766 f44e: b7                      SHR
  767 f44f: b7                      SHR
  768 f450: b7                      SHR
  769 f451: 04 f5 06                JSR shownibble
  770 f454: 27                      MVRLA R7
  771 f455: b3 0f                   ANDI 0FH
  772 f457: 04 f5 06                JSR shownibble
  773 f45a: 0a                      POP
  774 f45b: 05                      RET
  775 f45c:             ;
  776 f45c:             ;
  777 f45c:             ;
  778 f45c:             showregs:
  779 f45c: 07 07                   pushr r7
  780 f45e: 07 07                   pushr r7
  781 f460: 1f f5 f4                MVIW R7,CRLF
  782 f463: 04 f5 28                JSR stringout
  783 f466: 0f 70                   MOVRR r0,r7
  784 f468: 04 f4 14                jsr showaddr
  785 f46b: 0f 71                   MOVRR r1,r7
  786 f46d: 04 f4 14                jsr showaddr
  787 f470: 0f 72                   MOVRR r2,r7
  788 f472: 04 f4 14                jsr showaddr
  789 f475: 0f 73                   MOVRR r3,r7
  790 f477: 04 f4 14                jsr showaddr
  791 f47a: 0f 74                   MOVRR r4,r7
  792 f47c: 04 f4 14                jsr showaddr
  793 f47f: 0f 75                   MOVRR r5,r7
  794 f481: 04 f4 14                jsr showaddr
  795 f484: 0f 76                   MOVRR r6,r7
  796 f486: 04 f4 14                jsr showaddr
  797 f489: 08 70                   popr r7
  798 f48b: 04 f4 14                jsr showaddr
  799 f48e: 09                      push
  800 f48f: 0e 20                   ldai ' '
  801 f491: 04 f5 36                jsr uartout
  802 f494: 0a                      pop
  803 f495: 04 f4 f4                jsr showcarry
  804 f498:             
  805 f498: 1f f5 f4                MVIW R7,CRLF
  806 f49b: 04 f5 28                JSR stringout
  807 f49e: 08 70                   popr r7
  808 f4a0: 05                      RET
  809 f4a1:             ;
  810 f4a1:             ; display upto 16 bytes point to by R7 (old r3), stops on a 16 byte boundry
  811 f4a1:             ; increments R7
  812 f4a1:             ;
  813 f4a1: 04 f4 d2    show16:     JSR showbyte
  814 f4a4: 57                      INCR R7
  815 f4a5: 0e 20                   LDAI ' '
  816 f4a7: 04 f5 36                JSR uartout
  817 f4aa: 27                      MVRLA R7
  818 f4ab: b3 0f                   ANDI 0FH
  819 f4ad: a2 f4 a1                BRNZ show16
  820 f4b0: 0e 0a                   LDAI 0ah
  821 f4b2: 04 f5 36                JSR uartout
  822 f4b5: 0e 0d                   LDAI 0dh
  823 f4b7: 04 f5 36                JSR uartout
  824 f4ba: 05                      RET
  825 f4bb:             ;
  826 f4bb:             ; display upto 256 bytes point to by R7 (old r3),
  827 f4bb:             ; stops on a 256 byte boundry, increments R7
  828 f4bb:             ;
  829 f4bb:             show256:
  830 f4bb: 09                    push
  831 f4bc:             show256loop:
  832 f4bc: 04 f4 14              jsr showaddr
  833 f4bf: 04 f4 a1              jsr show16
  834 f4c2:             
  835 f4c2:             ;         MVIW R7,CRLF
  836 f4c2:             ;         JSR stringout
  837 f4c2:             
  838 f4c2: 27                    MVRLA R7
  839 f4c3: b3 ff                 ANDI  0FFH
  840 f4c5: a2 f4 bc              BRNZ show256loop
  841 f4c8: 04 f5 36              JSR uartout
  842 f4cb: 0e 0d                 LDAI 0dh
  843 f4cd: 04 f5 36              JSR uartout
  844 f4d0: 0a                    pop
  845 f4d1: 05                    RET
  846 f4d2:             ;
  847 f4d2:             ; Output ASCII representation of a BYTE pointed to by R7 (OLD r7)
  848 f4d2:             ; or use showbytea in accumulator
  849 f4d2:             ; both destructive for accumulator - no longer true with push/pop
  850 f4d2:             :
  851 f4d2: 09          showbyte:   PUSH
  852 f4d3: 47                      LDAVR R7
  853 f4d4: b7                      SHR
  854 f4d5: b7                      SHR
  855 f4d6: b7                      SHR
  856 f4d7: b7                      SHR
  857 f4d8: 04 f5 06                JSR shownibble
  858 f4db: 47                      LDAVR R7
  859 f4dc: b3 0f                   ANDI 0FH
  860 f4de: 04 f5 06                JSR shownibble
  861 f4e1: 0a                      POP
  862 f4e2: 05                      RET
  863 f4e3:             ;
  864 f4e3: 09          showbytea:  PUSH
  865 f4e4: 09                      PUSH
  866 f4e5: b7                      SHR
  867 f4e6: b7                      SHR
  868 f4e7: b7                      SHR
  869 f4e8: b7                      SHR
  870 f4e9: 04 f5 06                JSR shownibble
  871 f4ec: 0a                      POP
  872 f4ed: b3 0f                   ANDI 0FH
  873 f4ef: 04 f5 06                JSR shownibble
  874 f4f2: 0a                      POP
  875 f4f3: 05                      RET
  876 f4f4:             ;
  877 f4f4:             ; Show carry flag
  878 f4f4:             ;
  879 f4f4:             showcarry:
  880 f4f4: 09                      Push
  881 f4f5: a6 f4 ff                brc show_yescarry
  882 f4f8: 0e 58                   ldai 'X'
  883 f4fa: 04 f5 36                JSR uartout
  884 f4fd: 0a                      pop
  885 f4fe: 05                      ret
  886 f4ff:             show_yescarry:
  887 f4ff: 0e 43                   ldai 'C'
  888 f501: 04 f5 36                JSR uartout
  889 f504: 0a                      pop
  890 f505: 05                      ret
  891 f506:             
  892 f506:             ;
  893 f506:             ; Display nibble in accumulator ((this looks wrong) destructive)
  894 f506:             ;  destroys tmp register  - maybe add pusht - popt
  895 f506:             ;
  896 f506: 09          shownibble:  PUSH
  897 f507: 0d 09                    LDTI 9
  898 f509: a9 f5 13                 BRGT AF
  899 f50c: b0 30                    ADDI '0'
  900 f50e: 04 f5 36                 JSR uartout
  901 f511: 0a                       Pop
  902 f512: 05                       RET
  903 f513:             
  904 f513: b1 0a       AF:          SUBI 10
  905 f515: b0 41                    ADDI 'A'
  906 f517: 04 f5 36                 JSR uartout
  907 f51a: 0a                       Pop
  908 f51b: 05                       RET
  909 f51c:             ;
  910 f51c:             ; reading switches into accumulator
  911 f51c:             ;
  912 f51c:             switchin:
  913 f51c: 70 01               OUTI  P0,(SWITCHLED)
  914 f51e: 91                  INP   P1
  915 f51f: 05                  RET
  916 f520:             ;
  917 f520:             ;
  918 f520:             ; output accumulator to LEDS or Hex displays (non distructive)
  919 f520:             ;
  920 f520:             ledout:
  921 f520: 70 01               OUTI  P0,(SWITCHLED)
  922 f522: 61                  OUTA  P1
  923 f523: 05                  RET
  924 f524:             ;
  925 f524:             TIL311out:
  926 f524: 70 80               OUTI  P0,(TIL311)
  927 f526: 61                  OUTA  P1
  928 f527: 05                  RET
  929 f528:             ;
  930 f528:             ; OLD: Output null terminated string pointed to by R2 to UART then send CR and LF
  931 f528:             ; Advances R2 to end of string
  932 f528:             ;
  933 f528:             ; Output null terminated string pointed to by R7 to UART
  934 f528:             ; Advances R7 to end of string
  935 f528:             ;
  936 f528:             stringout:
  937 f528: 09                  Push
  938 f529:             sloop:
  939 f529: 47                  LDAVR R7
  940 f52a: a1 f5 34            BRZ sloopdone
  941 f52d: 04 f5 36            JSR uartout
  942 f530: 57                  INCR R7
  943 f531: a0 f5 29            BR sloop
  944 f534:             ;
  945 f534:             ; (not done send CR and LF)
  946 f534:             ;
  947 f534:             sloopdone:
  948 f534: 0a                  POP
  949 f535: 05                  RET
  950 f536:             ;
  951 f536:             ; output accumulator to UART, wait for UART out available
  952 f536:             ;
  953 f536:             charout:
  954 f536:             uartout:
  955 f536:             ;
  956 f536:             ; add for emulator, outputs via putch
  957 f536:             ;
  958 f536: af f5 3b            BRDEV emulator2
  959 f539: 62                  outa p2
  960 f53a: 05                  ret
  961 f53b:             ;
  962 f53b:             emulator2:
  963 f53b: 09                  PUSH
  964 f53c: 09                  push
  965 f53d:             ;
  966 f53d:             ; doubt 2nd push pop is needed, to be tested
  967 f53d:             ;
  968 f53d:             uartoutw:
  969 f53d:             ;
  970 f53d:             ; test uart out is available
  971 f53d:             ;
  972 f53d: 70 68               OUTI  P0,(UARTCS!UARTA5)
  973 f53f: 91                  INP   p1
  974 f540: b3 40               ANDI  040h
  975 f542: a1 f5 3d            BRZ   uartoutw
  976 f545: 0a                  POP
  977 f546: 70 40               OUTI  P0,UARTCS
  978 f548: 61                  OUTA  P1
  979 f549:             ;
  980 f549:             ; may not be needed
  981 f549: 0a                 Pop
  982 f54a: 05                 RET
  983 f54b:             
  984 f54b:             ;
  985 f54b:             ; wait for UART character available then input to accumulator
  986 f54b:             ;
  987 f54b:             ; Looks like this echos out character
  988 f54b:             ; should this be settable via a flag
  989 f54b:             ;
  990 f54b:             uartin:
  991 f54b:             ;
  992 f54b:             ; added for emulator, emulator P2 reads a char via getch
  993 f54b:             ;
  994 f54b: af f5 50            BRDEV emulator3
  995 f54e: 92                  inp p2
  996 f54f: 05                  ret
  997 f550:             ;
  998 f550:             emulator3:
  999 f550:             ;
 1000 f550:             ; wait for a charater available at input
 1001 f550:             ;
 1002 f550: 70 68               OUTI  P0,(UARTCS!UARTA5)
 1003 f552: 91                  INP   p1
 1004 f553: b3 01               ANDI  01h
 1005 f555: a1 f5 4b            BRZ   uartin
 1006 f558: 70 40               OUTI  P0,(UARTCS)
 1007 f55a: 91                  INP   P1
 1008 f55b: 0d 0d               ldti 0dh          ; cobvert 0x0d to 0x0a
 1009 f55d: aa f5 62            brneq uartinc
 1010 f560: 0e 0a               ldai 0ah
 1011 f562:             uartinc:
 1012 f562: 04 f5 20            JSR   LEDOUT
 1013 f565:             ;
 1014 f565:             ; emulator
 1015 f565:             ;
 1016 f565:             ;        ldti  0ah
 1017 f565:             ;        breq uartin
 1018 f565: 04 f5 36            JSR   uartout
 1019 f568: 05                  RET
 1020 f569:             ;
 1021 f569:             ; long delay (approx 5 seconds)
 1022 f569:             ; destroys r7
 1023 f569:             ;
 1024 f569:             LONGDELAY:
 1025 f569: 09                  PUSH
 1026 f56a: 1f ff ff            MVIW R7,0FFFFh
 1027 f56d:             longdelayloop:
 1028 f56d: 5f                  DECR R7
 1029 f56e: 2f                  MVRHA R7
 1030 f56f: a2 f5 6d            BRNZ longdelayloop
 1031 f572: 0a                  POP
 1032 f573: 05                  RET
 1033 f574:             ;
 1034 f574:             ; short delay (approx 1 second)
 1035 f574:             ; destroys R7
 1036 f574:             ;
 1037 f574:             SHORTDELAY:
 1038 f574: 09                  PUSH
 1039 f575: 1f 33 ff            MVIW R7,033FFh
 1040 f578:             shortdelayloop:
 1041 f578: 5f                  DECR R7
 1042 f579: 2f                  MVRHA R7
 1043 f57a: a2 f5 78            BRNZ shortdelayloop
 1044 f57d: 0a                  POP
 1045 f57e: 05                  RET
 1046 f57f:             
 1047 f57f:             ;
 1048 f57f:             ; toggle input switch (with debounce)
 1049 f57f:             ; destroys r7
 1050 f57f:             ;
 1051 f57f:             switchtoggle:
 1052 f57f: 09                  Push
 1053 f580: a4 f5 80    offw:   BRINL offw
 1054 f583: 1f 01 ff            MVIW R7,01FFh
 1055 f586:             delaya:
 1056 f586: 5f                  DECR R7
 1057 f587: 2f                  MVRHA R7
 1058 f588: a2 f5 86            BRNZ delaya
 1059 f58b: 01                  ON
 1060 f58c:             
 1061 f58c: a3 f5 8c    onw:    BRINH onw
 1062 f58f: 1f 01 ff            MVIW R7,01FFh
 1063 f592:             delayb:
 1064 f592: 5f                  DECR R7
 1065 f593: 2f                  MVRHA R7
 1066 f594: a2 f5 92            BRNZ delayb
 1067 f597: 02                  OFF
 1068 f598: 0a                  Pop
 1069 f599: 05                  RET
 1070 f59a:             ;
 1071 f59a:             ; quick blink LED
 1072 f59a:             ;
 1073 f59a:             blink:
 1074 f59a:             ;
 1075 f59a:             ; added for emulator, return immediately to skip counting
 1076 f59a:             ; destroys r7
 1077 f59a:             ;
 1078 f59a:             ;       ret
 1079 f59a: 09                  Push
 1080 f59b: 01                  ON
 1081 f59c: 1f 03 ff            MVIW R7,03FFh
 1082 f59f:             onloop:
 1083 f59f: 5f                  DECR R7
 1084 f5a0: 2f                  MVRHA R7
 1085 f5a1: a2 f5 9f            BRNZ onloop
 1086 f5a4:             
 1087 f5a4: 02                  OFF
 1088 f5a5: 1f 03 ff            MVIW R7,003FFh
 1089 f5a8:             offloop:
 1090 f5a8: 5f                  DECR R7
 1091 f5a9: 2f                  MVRHA R7
 1092 f5aa: a2 f5 a8            BRNZ offloop
 1093 f5ad: 0a                  Pop
 1094 f5ae: 05                  RET
 1095 f5af:             ;
 1096 f5af:             ; long blink LED
 1097 f5af:             ;
 1098 f5af:             lblink:
 1099 f5af:             ;
 1100 f5af:             ; emulator change, return immediately to skip counting
 1101 f5af:             ; destroys r7
 1102 f5af:             ;
 1103 f5af:             ;       ret
 1104 f5af: 09                  Push
 1105 f5b0: 01                  ON
 1106 f5b1: 1f 18 ff            MVIW R7,018FFh
 1107 f5b4:             lonloop:
 1108 f5b4: 5f                  DECR R7
 1109 f5b5: 2f                  MVRHA R7
 1110 f5b6: a2 f5 b4            BRNZ lonloop
 1111 f5b9:             
 1112 f5b9: 02                  OFF
 1113 f5ba: 1f 18 ff            MVIW R7,018FFh
 1114 f5bd:             loffloop:
 1115 f5bd: 5f                  DECR R7
 1116 f5be: 2f                  MVRHA R7
 1117 f5bf: a2 f5 bd            BRNZ loffloop
 1118 f5c2: 0a                  Pop
 1119 f5c3: 05                  RET
 1120 f5c4:             ;
 1121 f5c4:             ; blink n times in accumulator
 1122 f5c4:             ;
 1123 f5c4:             ; emulator change, return immediately to skip counting
 1124 f5c4:             ;
 1125 f5c4:             ;    ret
 1126 f5c4:             nblink:
 1127 f5c4: 09                  push
 1128 f5c5:             nblinkloop:
 1129 f5c5: 04 f5 24            JSR TIL311out
 1130 f5c8: a1 f5 d3            BRZ nblinkdone
 1131 f5cb: 04 f5 9a            JSR blink
 1132 f5ce: b1 01               subi 1
 1133 f5d0: a0 f5 c5            BR nblinkloop
 1134 f5d3:             nblinkdone:
 1135 f5d3: 0a                  POP
 1136 f5d4: 05                  RET
 1137 f5d5:             
 1138 f5d5:             
 1139 f5d5:             ;
 1140 f5d5:             ; MONITOR STRINGS
 1141 f5d5:             ;
 1142 f5d5: 0a 0d 59 41 
            43 43 20 32 
            30 32 30 3a 
            20 48 45 4c 
            4c 4f 20 57 
            4f 52 4c 44 
            20 20 0a 0d 
            00          hello:  DB 0ah,0dh,"YACC 2020: hello world  ",0ah,0dh,0
 1143 f5f2: 3e 00       PROMPT: DB ">",0
 1144 f5f4: 0a 0d 00    CRLF: DB 0ah,0dh,0
 1145 f5f7: 55 4e 52 45 
            43 4f 47 49 
            4e 49 5a 45 
            44 20 43 4f 
            4d 4d 41 4e 
            44 0a 0d 00 ERROR: DB "UNRECOGINIZED COMMAND",0ah,0dh,0
 1146 f60f: 43 4f 4e 54 
            49 4e 55 45 
            20 43 4d 44 
            20 45 52 52 
            4f 52 0a 0d 
            00          CONTINUEERROR: DB "CONTINUE CMD ERROR",0ah,0dh,0
 1147 f624: 0a 0d 44 55 
            4d 50 20 41 
            44 44 52 3a 
            00          DUMPMSG: DB 0ah,0dh,"DUMP ADDR:",0
 1148 f631: 0a 0d 44 55 
            4d 50 20 42 
            4c 4f 43 4b 
            20 41 44 44 
            52 3a 00    DUMPBLOCKMSG: DB 0ah,0dh,"DUMP BLOCK ADDR:",0
 1149 f644: 0a 0d 46 49 
            4c 4c 20 42 
            4c 4f 43 4b 
            20 41 44 44 
            52 3a 00    FILLMSG: DB 0ah,0dh,"FILL BLOCK ADDR:",0
 1150 f657: 0a 0d 47 4f 
            20 41 44 44 
            52 45 53 53 
            3a 00       GOMSG: DB 0ah,0dh,"GO ADDRESS:",0
 1151 f665: 0a 0d 45 58 
            41 4d 49 4e 
            45 20 41 44 
            44 52 45 53 
            53 3a 00    EXAMINEMSG: DB 0ah,0Dh,"EXAMINE ADDRESS:",0
 1152 f678: 43 4f 4e 54 
            49 4e 55 45 
            20 4d 4f 44 
            45 00       CONTMSG: DB "CONTINUE MODE",0
 1153 f686: 0a 0d 45 4e 
            54 45 52 20 
            4c 49 4e 45 
            3a 00       BASIC_PARSEMSG: DB 0ah,0dh,"Enter Line:",0
 1154 f694:             ;
 1155 f694:             helpmenu:
 1156 f694: 30 20 20 20 
            20 20 2d 20 
            45 58 49 54 
            20 28 45 4d 
            55 4c 41 54 
            4f 52 20 4f 
            4e 4c 59 29 
            0a 0d       DB "0     - Exit (emulator only)",0ah,0dh
 1157 f6b2: 48 20 20 20 
            20 20 2d 20 
            54 48 49 53 
            20 48 45 4c 
            50 20 4d 45 
            4e 55 0a 0d 
            0a 0d       DB "H     - This help menu",0ah,0dh,0ah,0dh
 1158 f6cc: 42 20 41 41 
            41 41 2d 20 
            53 48 4f 57 
            20 32 35 36 
            20 42 59 54 
            45 53 20 4f 
            46 20 4d 45 
            4d 4f 52 59 
            20 28 31 36 
            20 42 59 54 
            45 20 41 4c 
            49 47 4e 45 
            44 29       DB "B AAAA- Show 256 bytes of memory (16 byte aligned)"
 1159 f6fe: 20 43 52 20 
            44 49 53 50 
            4c 41 59 20 
            4e 45 58 54 
            20 32 35 36 
            20 42 59 54 
            45 53 0a 0d DB " CR display next 256 bytes",0ah,0dh
 1160 f71a: 43 20 20 20 
            20 20 2d 20 
            43 4f 50 59 
            20 42 41 53 
            49 43 20 54 
            45 53 54 20 
            50 52 4f 47 
            52 41 4d 20 
            49 4e 54 4f 
            20 49 4e 54 
            45 52 50 52 
            45 54 45 52 
            20 42 55 46 
            46 45 52 0a 
            0d          DB "C     - Copy BASIC test program into interpreter buffer",0ah,0dh
 1161 f753: 44 20 41 41 
            41 41 2d 20 
            53 48 4f 57 
            20 31 36 20 
            42 59 54 45 
            53 20 4f 46 
            20 4d 45 4d 
            4f 52 59 20 
            41 54 20 28 
            31 36 20 42 
            59 54 45 20 
            41 4c 49 47 
            4e 45 44 29 DB "D AAAA- Show 16 bytes of memory at (16 byte aligned)"
 1162 f787: 20 43 52 20 
            44 49 53 50 
            4c 41 59 20 
            4e 45 58 54 
            20 31 36 20 
            42 59 54 45 
            53 0a 0d    DB " CR display next 16 bytes",0ah,0dh
 1163 f7a2: 45 20 41 41 
            41 41 2d 20 
            53 48 4f 57 
            20 43 4f 4e 
            54 45 4e 54 
            53 20 4f 46 
            20 4c 4f 43 
            41 54 49 4f 
            4e 20 41 41 
            41 41 20 28 
            4f 55 54 50 
            55 54 20 41 
            41 41 41 3a 
            58 58 29 0a 
            0d          DB "E AAAA- show contents of location AAAA (Output AAAA:XX)",0ah,0dh
 1164 f7db: 20 20 20 20 
            20 20 20 20 
            49 46 20 46 
            4f 4c 4c 4f 
            57 45 44 20 
            42 59 20 41 
            53 43 49 49 
            2d 48 45 58 
            20 4d 4f 44 
            49 46 59 20 
            4c 4f 43 41 
            54 49 4f 4e 
            20 57 49 54 
            48 20 4e 45 
            57 20 56 41 
            4c 55 45 20 
            28 41 4e 44 
            20 52 45 44 
            49 53 50 4c 
            41 59 29 0a 
            0d          DB "        if followed by ASCII-HEX modify location with new value (and redisplay)",0ah,0DH
 1165 f82c: 20 20 20 20 
            20 20 20 20 
            49 46 20 46 
            4f 4c 4c 4f 
            57 45 44 20 
            42 59 20 43 
            52 20 44 49 
            53 50 4c 41 
            59 20 4e 45 
            58 54 20 4c 
            4f 43 41 54 
            49 4f 4e 0a 
            0d          DB "        if followed by CR display next location",0ah,0dh
 1166 f85d: 46 20 41 41 
            41 41 20 20 
            46 49 4c 4c 
            20 43 4f 4e 
            54 45 4e 54 
            53 20 32 35 
            36 20 42 59 
            54 45 53 20 
            4f 46 20 4d 
            45 4d 4f 52 
            59 20 41 54 
            20 41 44 44 
            52 45 53 53 
            20 41 41 41 
            41 20 57 49 
            54 48 20 30 
            28 31 36 20 
            42 59 54 45 
            20 41 4c 49 
            47 4e 45 44 
            29 20 57 49 
            54 48 20 30 
            0a 0d       DB "F AAAA  Fill contents 256 bytes of memory at address AAAA with 0(16 byte aligned) with 0",0ah,0dh
 1167 f8b7: 20 20 20 20 
            20 20 20 20 
            49 46 20 46 
            4f 4c 4c 4f 
            57 45 44 20 
            42 59 20 43 
            52 20 46 49 
            4c 4c 20 4e 
            45 58 54 20 
            32 35 36 20 
            42 59 54 45 
            53 0a 0d    DB "        if followed by CR fill next 256 bytes",0ah,0dh
 1168 f8e6: 47 20 41 41 
            41 41 2d 20 
            4a 55 4d 50 
            20 54 4f 20 
            28 41 4e 44 
            20 45 58 45 
            43 55 54 45 
            29 20 53 54 
            41 52 54 49 
            4e 47 20 41 
            54 20 41 41 
            41 41 0a 0d DB "G AAAA- Jump to (and execute) starting at AAAA",0ah,0dh
 1169 f916: 20 20 20 20 
            20 20 20 20 
            50 52 4f 47 
            52 41 4d 20 
            45 4e 44 53 
            20 57 49 54 
            48 20 52 45 
            54 20 28 49 
            54 20 49 53 
            20 43 41 4c 
            4c 45 44 20 
            57 49 54 48 
            20 4a 53 52 
            55 52 20 52 
            37 29 0a 0d DB "        Program ends with RET (it is called with JSRUR R7)",0ah,0dh
 1170 f952: 49 20 20 20 
            20 20 2d 20 
            42 41 53 49 
            43 0a 0d    DB "I     - BASIC",0ah,0dh
 1171 f961: 4c 20 20 20 
            20 20 2d 20 
            4c 49 53 54 
            20 42 41 53 
            49 43 0a 0d DB "L     - List BASIC",0ah,0dh
 1172 f975: 50 20 20 20 
            20 20 2d 20 
            45 4e 54 45 
            52 20 50 52 
            4f 47 52 41 
            4d 20 4c 49 
            4e 45 20 54 
            4f 20 42 41 
            53 49 43 0a 
            0d          DB "P     - Enter program line to BASIC",0ah,0dh
 1173 f99a: 52 20 20 20 
            20 20 2d 20 
            53 48 4f 57 
            20 52 45 47 
            49 53 54 45 
            52 53 0a 0d DB "R     - Show registers",0ah,0dh
 1174 f9b2: 4f 20 20 20 
            20 20 2d 20 
            42 4f 4f 54 
            20 54 48 45 
            20 4f 53 20 
            46 52 4f 4d 
            20 54 48 45 
            20 43 46 20 
            43 41 52 44 
            20 28 4c 42 
            41 20 31 2e 
            2e 2c 20 4f 
            53 43 4e 54 
            20 53 45 43 
            54 4f 52 53 
            2c 20 54 4f 
            20 31 30 30 
            30 48 29 0a 
            0d          DB "O     - bOot the OS from the CF card (LBA 1.., OSCNT sectors, to 1000h)",0ah,0DH
 1175 f9fb: 59 20 20 20 
            20 20 2d 20 
            52 55 4e 20 
            42 41 53 49 
            43 20 54 45 
            53 54 20 43 
            4f 44 45 0a 
            0d          DB "Y     - run BASIC test code",0ah,0DH
 1176 fa18: 5a 20 20 20 
            20 20 2d 20 
            52 55 4e 20 
            50 52 4f 47 
            52 41 4d 20 
            57 49 54 48 
            20 42 41 53 
            49 43 20 49 
            4e 54 45 52 
            50 52 45 54 
            45 52 0a 0d DB "Z     - Run program with Basic interpreter",0ah,0DH
 1177 fa44: 00          DB 0
 1178 fa45:             ;
 1179 fa45:             ; TEST HELP MESSAGES
 1180 fa45:             ;
 1181 fa45: 43 4f 4d 50 
            41 52 45 20 
            54 45 53 54 
            53 0a 0d 00 COMPAREHELP: DB "Compare Tests",0ah,0dh,0
 1182 fa55: 52 49 4e 47 
            20 53 48 49 
            46 54 20 4c 
            45 46 54 0a 
            0d 00       RSHIFT_LEFTHELP: DB "Ring Shift Left",0ah,0dh,0
 1183 fa67: 52 49 4e 47 
            20 53 48 49 
            46 54 20 52 
            49 47 48 54 
            0a 0d 00    RSHIFT_RIGHTHELP: DB "Ring Shift Right",0ah,0dh,0
 1184 fa7a: 50 52 4f 50 
            20 53 48 49 
            46 54 20 52 
            49 47 48 54 
            0a 0d 00    PSHIFT_RIGHTHELP: DB "PROP Shift Right",0ah,0dh,0
 1185 fa8d: 43 41 52 52 
            59 20 53 48 
            49 46 54 20 
            4c 45 46 54 
            0a 0d 00    CSHIFT_LEFTHELP: DB "CARRY Shift Left",0ah,0dh,0
 1186 faa0: 43 41 52 52 
            59 20 53 48 
            49 46 54 20 
            52 49 47 48 
            54 0a 0d 00 CSHIFT_RIGHTHELP: DB "CARRY Shift Right",0ah,0dh,0
 1187 fab4: 53 55 42 54 
            52 41 43 54 
            0a 0d 00    SUBHELP: DB "SUBTRACT",0ah,0dh,0
 1188 fabf: 41 43 43 55 
            4d 55 4c 41 
            54 4f 52 20 
            54 45 53 54 
            0a 0d 00    accumhelp: DB "accumulator test",0ah,0dh,0
 1189 fad2: 50 55 53 48 
            20 50 4f 50 
            20 45 4e 54 
            45 52 20 33 
            20 4e 55 4d 
            42 45 52 53 
            0a 0d 00    PUSHPOPHELP: DB "Push Pop enter 3 numbers",0ah,0dh,0
 1190 faed: 4f 52 20 54 
            4d 50 20 52 
            45 47 49 53 
            54 45 52 20 
            54 45 53 54 
            53 0a 0d 00 ORTHELP: DB "OR Tmp register tests",0ah,0dh,0
 1191 fb05: 41 44 44 20 
            49 4d 4d 45 
            44 49 41 54 
            45 20 30 32 
            48 20 54 4f 
            20 49 4e 50 
            55 54 20 4e 
            55 4d 42 45 
            52 0a 0d 00 ADDIHELP: DB "Add immediate 02h to input number",0ah,0dh,0
 1192 fb29: 52 55 4e 20 
            54 45 53 54 
            20 43 4f 44 
            45 0a 0d 00 TESTMSG: DB "Run test code",0ah,0dh,0
 1193 fb39:             
 1194 fb39:             
 1195 fb39:             
 1196 fb39:             ;
 1197 fb39:             ; OLD
 1198 fb39:             ;
 1199 fb39:             ;
 1200 fb39:             ;LCD
 1201 fb39:             ;
 1202 fb39:             ;xlcdtest:
 1203 fb39:             ;        OUTI P0,(LCDENABLE)
 1204 fb39:             
 1205 fb39:             ;        MVIW R3,1fFFh
 1206 fb39:             ;xdelay0:
 1207 fb39:             ;        DECR R3
 1208 fb39:             ;        MVRHA R3
 1209 fb39:             ;        BRNZ xdelay0
 1210 fb39:             
 1211 fb39:             ;        OUTI P1,3CH
 1212 fb39:             
 1213 fb39:             ;        MVIW R3,1fFFh
 1214 fb39:             ;xdelay1:
 1215 fb39:             ;        DECR R3
 1216 fb39:             ;        MVRHA R3
 1217 fb39:             ;        BRNZ xdelay1
 1218 fb39:             
 1219 fb39:             ;        OUTI P1,01H
 1220 fb39:             
 1221 fb39:             ;        MVIW R3,1fFFh
 1222 fb39:             ;xdelay2:
 1223 fb39:             ;        DECR R3
 1224 fb39:             ;        MVRHA R3
 1225 fb39:             ;        BRNZ xdelay2
 1226 fb39:             
 1227 fb39:             ;        OUTI P1,0FH
 1228 fb39:             
 1229 fb39:             ;        MVIW R3,1fFFh
 1230 fb39:             ;xdelay3:
 1231 fb39:             ;        DECR R3
 1232 fb39:             ;        MVRHA R3
 1233 fb39:             ;        BRNZ xdelay3
 1234 fb39:             
 1235 fb39:             ;        OUTI P0,(LCDENABLE!LCDREGISTER)
 1236 fb39:             
 1237 fb39:             ;        MVIW R3,1fFFh
 1238 fb39:             ;xdelay4:
 1239 fb39:             ;        DECR R3
 1240 fb39:             ;        MVRHA R3
 1241 fb39:             ;        BRNZ xdelay4
 1242 fb39:             
 1243 fb39:             ;        OUTI P1,'A'
 1244 fb39:             
 1245 fb39:             ;xdelay5:
 1246 fb39:             ;        DECR R3
 1247 fb39:             ;        MVRHA R3
 1248 fb39:             ;        BRNZ xdelay5
 1249 fb39:             
 1250 fb39:             ;        OUTI P1,'B'
 1251 fb39:             
 1252 fb39:             ;xaddtest:
 1253 fb39:             ;      OUTI  P0,(SWITCHLED)
 1254 fb39:             ;      INP   P1
 1255 fb39:             ;      ADDI  001H
 1256 fb39:             ;      OUTA  P1
 1257 fb39:             
 1258 fb39:             ;xandtest:
 1259 fb39:             ;      OUTI  P0,(SWITCHLED)
 1260 fb39:             ;      INP   P1
 1261 fb39:             ;      ANDI  055H
 1262 fb39:             ;      OUTA  P1
 1263 fb39:             
 1264 fb39:             ;xxortest:
 1265 fb39:             ;     OUTI  P0,(SWITCHLED)
 1266 fb39:             ;     INP   P1
 1267 fb39:             ;     XORI  055H
 1268 fb39:             ;     OUTA  P1
 1269 fb39:             ;      JSRUR R2
 1270 fb39:             
 1271 fb39:             ;
 1272 fb39:             ; Interupt sevice routine
 1273 fb39:             ;
 1274 fb39:               org 0ff90h
 1275 ff90:             isrcode:
 1276 ff90:             ;  halt
 1277 ff90: 09            push
 1278 ff91: 07 07         pushr r7
 1279 ff93: e4 0f 04      lda interupt_cnt
 1280 ff96:             isrloop:
 1281 ff96: 04 f5 9a      jsr BLINK
 1282 ff99: b1 01         subi 1
 1283 ff9b: a2 ff 96      brnz isrloop
 1284 ff9e: 08 70         popr r7
 1285 ffa0: 0a            pop
 1286 ffa1:             ; halt
 1287 ffa1: fd            iret
 1288 ffa2:             
 1289 ffa2:             
 1290 ffa2:             ;
 1291 ffa2:             ; BIOS ENTRY Points
 1292 ffa2:             ;
 1293 ffa2:                 org 0ffc0h
 1294 ffc0:             
 1295 ffc0:             e_stringout:
 1296 ffc0: 04 f5 28        jsr stringout
 1297 ffc3: 05              ret
 1298 ffc4:             e_charout:
 1299 ffc4: 04 f5 36        jsr charout
 1300 ffc7: 05              ret
 1301 ffc8:             e_uartout:
 1302 ffc8: 04 f5 36        jsr uartout
 1303 ffcb: 05              ret
 1304 ffcc:             e_showaddr:
 1305 ffcc: 04 f4 14        jsr showaddr
 1306 ffcf: 05              ret
 1307 ffd0:             e_toupper:
 1308 ffd0: 04 f4 0b        jsr toupper
 1309 ffd3: 05              ret
 1310 ffd4:             e_showr7:
 1311 ffd4: 04 f4 3d        jsr showr7
 1312 ffd7: 05              ret
 1313 ffd8:             e_showbyte:
 1314 ffd8: 04 f4 d2        jsr showbyte
 1315 ffdb: 05              ret
 1316 ffdc:             e_ showregs:
 1317 ffdc: 04 f4 5c        jsr SHOWREGS
 1318 ffdf: 05              ret
 1319 ffe0:             e_showbytea:
 1320 ffe0: 04 f4 e3        jsr showbytea
 1321 ffe3: 05              ret
 1322 ffe4:             e_showcarry:
 1323 ffe4: 04 f4 f4        jsr showcarry
 1324 ffe7: 05              ret
 1325 ffe8:             e_uartin:
 1326 ffe8: 04 f5 4b        jsr uartin
 1327 ffeb: 05              ret
 1328 ffec:             e_cfinit:
 1329 ffec: 04 f2 a5        jsr cfinit
 1330 ffef: 05              ret
 1331 fff0:             e_cfread:
 1332 fff0: 04 f2 d5        jsr cfread
 1333 fff3: 05              ret
 1334 fff4:             e_cfwrite:
 1335 fff4: 04 f2 fe        jsr cfwrite
 1336 fff7: 05              ret
 1337 fff8:             e_const:
 1338 fff8: 04 f3 27        jsr const
 1339 fffb: 05              ret
 1340 fffc:             ;
 1341 fffc:             ; The End
 1342 fffc:             ;
 1343 fffc:             
 1344 fffc:             ZZZZ:
 1345 fffc: 00            DB   0

fabfh: ACCUMHELP        - <  1188> 
fb05h: ADDIHELP         - <  1191> 
f513h: AF               - <   904>    898 
0f40h: ARGBUF           - <    53> 
e020h: BASIC_COLD       - <     6>    104 
e060h: BASIC_COPY       - <    10>    319 
e040h: BASIC_INTERPRTER - <     8>    307 
e000h: BASIC_LIST       - <     4>    313 
e050h: BASIC_PARSE      - <     9>    298    303 
f686h: BASIC_PARSEMSG   - <  1153>    284 
e010h: BASIC_RUN        - <     5>    274 
e030h: BASIC_TEST       - <     7>    325 
f59ah: BLINK            - <  1073>   1131   1281 
0003h: BLOCKMODE        - <    38>    246    330 
f333h: BOOT             - <   618>    206 
f38dh: BOOTFAIL         - <   654>    622    629    644 
f372h: BOOTL            - <   642>    650 
f396h: BOOTNOS          - <   658>    632    635    637 
f28dh: CFDRQ            - <   510>    561    586 
f2a1h: CFDRQD           - <   522>    516 
f290h: CFDRQL           - <   512>    519    521 
f2fbh: CFERR            - <   577>    563    588 
f2a5h: CFINIT           - <   527>    621   1329 
0f10h: CFLBA0           - <    50>    542    624    641    645    647 
0f11h: CFLBA1           - <    51>    545    625 
0f12h: CFLBA2           - <    52>    548    626 
f2ech: CFRDL            - <   566>    572    574 
f2d5h: CFREAD           - <   556>    628    643   1332 
0007h: CFSEL_CMD        - <   489>    495    505    513    523    533    559 
          584 
0000h: CFSEL_DATA       - <   482>    564    589 
0001h: CFSEL_FEAT       - <   483>    531 
0006h: CFSEL_HEAD       - <   488>    529    550 
0003h: CFSEL_LBA0       - <   485>    541 
0004h: CFSEL_LBA1       - <   486>    544 
0005h: CFSEL_LBA2       - <   487>    547 
0002h: CFSEL_SCNT       - <   484>    552 
f2bah: CFSETL           - <   540>    558    583 
f275h: CFWAIT           - <   492>    528    535    557    582    600 
f289h: CFWAITD          - <   504>    498 
f278h: CFWAITL          - <   494>    501    503 
f2feh: CFWRITE          - <   581>   1335 
f315h: CFWRL            - <   591>    597    599 
f536h: CHAROUT          - <   953>   1299 
f05bh: CMDLOOP          - <   161>    129    143    188    239    257    263 
          275    301    304    308    314    320    326    344    364    418 
          450    464    472    653    657    661 
f10dh: CMD_BASIC        - <   271>    218 
f14ah: CMD_BASICLIST    - <   310>    210 
f119h: CMD_BASICPARSE   - <   277>    212 
f156h: CMD_BASIC_COPY   - <   316>    196 
f162h: CMD_BASIC_TEST   - <   322>    216 
f109h: CMD_EXIT         - <   267>    192 
0050h: CNTL-PORT        - <    29> 
fa45h: COMPAREHELP      - <  1181> 
f327h: CONST            - <   605>   1338   1338 
f32dh: CONSTHW          - <   609>    606 
f0e3h: CONTINUE         - <   241>    220    228 
f60fh: CONTINUEERROR    - <  1146>    261 
0f02h: CONTINUE_ADDR    - <    45>    336    341    343    355    360    363 
          373    378    408    428    433    437    445 
f678h: CONTMSG          - <  1152> 
f5f4h: CRLF             - <  1144>    115    122    184    230    272    311 
          317    323    337    356    374    416    429    435    781    805 
fa8dh: CSHIFT_LEFTHELP  - <  1185> 
faa0h: CSHIFT_RIGHTHELP - <  1186> 
0050h: DATAPORT         - <    30> 
f586h: DELAYA           - <  1055>   1058 
f592h: DELAYB           - <  1063>   1066 
f13eh: DO_PARSE         - <   302> 
f191h: DUMP             - <   348>    198 
f16eh: DUMPBLOCK        - <   328>    194 
f185h: DUMPBLOCKCONT    - <   340>    247 
f631h: DUMPBLOCKMSG     - <  1148>    333 
f1a8h: DUMPCONT         - <   359>    250 
0002h: DUMPMODE         - <    37>    249    350 
f624h: DUMPMSG          - <  1147>    352 
f26ah: DUMPREG          - <   466>    214 
f05ah: EAT_NL           - <   150>    181 
f05ah: EAT_NL_DONE      - <   155> 
f53bh: EMULATOR2        - <   962>    958 
f550h: EMULATOR3        - <   998>    994 
f003h: EPROM            - <    69>     67 
f5f7h: ERROR            - <  1145>    234 
f213h: EXAMDONE         - <   415>    387    389 
f1b7h: EXAMINE          - <   366>    200 
f1ceh: EXAMINECONT      - <   377>    253    413 
0001h: EXAMINEMODE      - <    36>    252    368 
f665h: EXAMINEMSG       - <  1151>    370 
f202h: EXAMNEXT         - <   406>    391    393 
ffdch: E_ SHOWREGS      - <  1316> 
ffech: E_CFINIT         - <  1328> 
fff0h: E_CFREAD         - <  1331> 
fff4h: E_CFWRITE        - <  1334> 
ffc4h: E_CHAROUT        - <  1298> 
fff8h: E_CONST          - <  1337> 
ffcch: E_SHOWADDR       - <  1304> 
ffd8h: E_SHOWBYTE       - <  1313> 
ffe0h: E_SHOWBYTEA      - <  1319> 
ffe4h: E_SHOWCARRY      - <  1322> 
ffd4h: E_SHOWR7         - <  1310> 
ffc0h: E_STRINGOUT      - <  1295> 
ffd0h: E_TOUPPER        - <  1307> 
ffe8h: E_UARTIN         - <  1325> 
ffc8h: E_UARTOUT        - <  1301> 
f21ch: FILLBLOCK        - <   420>    202 
f233h: FILLCONT         - <   432>    256 
0004h: FILLMODE         - <    39>    255    422 
f644h: FILLMSG          - <  1149>    425 
f3cfh: GETADDRESS       - <   666>    335    354    372    427    456 
f3f8h: GETNIBBLE        - <   703>    400    671    678    685    692 
f3fbh: GETNIBBLEC       - <   705>    394 
f25ch: GO               - <   453>    204 
f657h: GOMSG            - <  1150>    454 
f5d5h: HELLO            - <  1142>    102 
f694h: HELPMENU         - <  1155>    186    237 
f403h: INAF             - <   710>    707 
f144h: INTERPRETER      - <   306>    208 
0f04h: INTERUPT_CNT     - <    46>     97   1279 
ff90h: ISRCODE          - <  1275>    127 
ff96h: ISRLOOP          - <  1280>   1283 
f5afh: LBLINK           - <  1098>    101 
0002h: LCDENABLE        - <    24> 
0004h: LCDREGISTER      - <    25> 
f520h: LEDOUT           - <   920>   1012 
0f80h: LINE_BUFFER      - <    55>    287    295    297 
f5bdh: LOFFLOOP         - <  1114>   1117 
f569h: LONGDELAY        - <  1024> 
f56dh: LONGDELAYLOOP    - <  1027>   1030 
f5b4h: LONLOOP          - <  1107>   1110 
f411h: LOWER            - <   720>    718 
0f00h: MONMODE          - <    44>     95    244    331    351    369    423 
          470 
f242h: MOREFILL         - <   438>    444 
f39fh: MSGBOOT          - <   662>    619 
f3b0h: MSGCFERR         - <   663>    655 
f3bbh: MSGNOOS          - <   664>    659 
f5c4h: NBLINK           - <  1126> 
f5d3h: NBLINKDONE       - <  1134>   1130 
f5c5h: NBLINKLOOP       - <  1128>   1133 
0000h: NOMODE           - <    35>     94    469 
f5a8h: OFFLOOP          - <  1089>   1092 
f580h: OFFW             - <  1053>   1053 
f59fh: ONLOOP           - <  1082>   1085 
f58ch: ONW              - <  1061>   1061 
faedh: ORTHELP          - <  1190> 
1000h: OSBASE           - <    54>    627    630    633    636    639    651 
f122h: PARSE_INPUTLOOP  - <   288>    294 
f5f2h: PROMPT           - <  1143>    162 
fa7ah: PSHIFT_RIGHTHELP - <  1184> 
fad2h: PUSHPOPHELP      - <  1189> 
fa55h: RSHIFT_LEFTHELP  - <  1182> 
fa67h: RSHIFT_RIGHTHELP - <  1183> 
f574h: SHORTDELAY       - <  1037> 
f578h: SHORTDELAYLOOP   - <  1040>   1043 
f4a1h: SHOW16           - <   813>    113    296    362    819    833 
f4bbh: SHOW256          - <   829>    342 
f4bch: SHOW256LOOP      - <   831>    840 
f414h: SHOWADDR         - <   727>    112    121    361    379    434    784 
          786    788    790    792    794    796    798    832   1305 
f4d2h: SHOWBYTE         - <   851>    383    813   1314 
f4e3h: SHOWBYTEA        - <   864>   1320 
f4f4h: SHOWCARRY        - <   879>    803   1323 
f506h: SHOWNIBBLE       - <   896>    733    736    742    745    760    763 
          769    772    857    860    870    873 
f43dh: SHOWNUM          - <   753> 
f43dh: SHOWR7           - <   754>   1311 
f45ch: SHOWREGS         - <   778>    114    467   1317 
f4ffh: SHOW_YESCARRY    - <   886>    881 
f529h: SLOOP            - <   938>    943 
f534h: SLOOPDONE        - <   947>    940 
0effh: STACK            - <    61>     73 
f106h: STOP             - <   265>    265    268 
f528h: STRINGOUT        - <   936>    103    116    123    135    163    185 
          187    232    235    238    262    273    285    312    318    324 
          334    338    353    357    371    375    417    426    430    436 
          455    620    656    660    782    806   1296 
fab4h: SUBHELP          - <  1187> 
f51ch: SWITCHIN         - <   912> 
0001h: SWITCHLED        - <    23>    913    921 
f57fh: SWITCHTOGGLE     - <  1051> 
f07eh: TESTEXAMINE      - <   190>    183 
fb29h: TESTMSG          - <  1192>    134 
0080h: TIL311           - <    27>    926 
f524h: TIL311OUT        - <   925>   1129 
f40bh: TOUPPER          - <   717>    176    710   1308 
f051h: TTTT             - <   133>    120 
0000h: UARTA0           - <    14>     80 
0008h: UARTA1           - <    15>     84 
0010h: UARTA2           - <    16> 
0018h: UARTA3           - <    17>     77     87 
0020h: UARTA4           - <    18> 
0028h: UARTA5           - <    19>    610    972   1002 
0030h: UARTA6           - <    20> 
0038h: UARTA7           - <    21> 
0040h: UARTCS           - <    26>     77     80     84     87    610    972 
          977   1002   1006 
f54bh: UARTIN           - <   990>    175    289    385    704   1005   1326 
f562h: UARTINC          - <  1011>   1009 
f536h: UARTOUT          - <   954>    381    410    412    447    449    747 
          749    801    816    821    823    841    843    883    888    900 
          906    941   1018   1302 
f53dh: UARTOUTW         - <   968>    975 
fffch: ZZZZ             - <  1344> 

1345 Lines assembled
0 Errors
190 Labels
Object Code:2952 bytes

