yacc1 -> Native
2 Classes read.
95 Patterns read.
    1 0000:             ;
    2 0000:             ; Basic Interpreter Entry points
    3 0000:             ;
    4 0000:             basic_list:   EQU 0e000h
    5 0000:             basic_run:    EQU 0e010h
    6 0000:             basic_cold:   EQU 0e020h
    7 0000:             basic_test:   EQU 0e030h
    8 0000:             basic_interprter: EQU 0e040h
    9 0000:             basic_parse:  EQU 0e050h
   10 0000:             basic_copy:   EQU 0e060h
   11 0000:             ;
   12 0000:             ; Hardware info
   13 0000:             ;
   14 0000:             UARTA0:       EQU 000h
   15 0000:             UARTA1:       EQU 008h
   16 0000:             UARTA2:       EQU 010h
   17 0000:             UARTA3:       EQU 018h
   18 0000:             UARTA4:       EQU 020h
   19 0000:             UARTA5:       EQU 028h
   20 0000:             UARTA6:       EQU 030h
   21 0000:             UARTA7:       EQU 038h
   22 0000:             
   23 0000:             SWITCHLED:    EQU 001H
   24 0000:             LCDENABLE:    EQU 002H
   25 0000:             LCDREGISTER:  EQU 004H
   26 0000:             UARTCS:       EQU 040H
   27 0000:             TIL311:       EQU 080H
   28 0000:             
   29 0000:             CNTL-PORT:    EQU "P0"
   30 0000:             DATAPORT:     EQU "P1"
   31 0000:             
   32 0000:             ;
   33 0000:             ; MONITOR MODES
   34 0000:             ;
   35 0000:             NOMODE:       EQU 0
   36 0000:             EXAMINEMODE:  EQU 1
   37 0000:             DUMPMODE:     EQU 2
   38 0000:             BLOCKMODE:    EQU 3
   39 0000:             FILLMODE:     EQU 4
   40 0000:             LOADMODE:     EQU 5         ; 2026-09-23: after a ':' load, CR/LF at the prompt do nothing
   41 0000:             
   42 0000:             ;
   43 0000:             ; Monitor variables 0x0f00 - 0x0fff
   44 0000:             ;
   45 0000:             monmode:        EQU 0f00h
   46 0000:             continue_addr:  EQU 0f02h
   47 0000:             lderr:          EQU 0f01h    ; 2026-09-23: nonzero when a record of the current ':' load failed
   48 0000:             interupt_cnt:   EQU 0f04h
   49 0000:             ;
   50 0000:             ; CompactFlash driver variables (YACC1-D 2026-09-22) and the OS/program argument buffer
   51 0000:             ;
   52 0000:             CFLBA0:         EQU 0f10h    ; sector number for CFREAD/CFWRITE, low byte
   53 0000:             CFLBA1:         EQU 0f11h
   54 0000:             CFLBA2:         EQU 0f12h    ; high byte (24-bit LBA)
   55 0000:             ARGBUF:         EQU 0f40h    ; 64 bytes: the OS leaves a program's command tail here (NUL-terminated)
   56 0000:             OSBASE:         EQU 1000h    ; where the boot command loads the OS image (LBA 1..OSCNT) and calls it
   57 0000:             line_buffer:    EQU 0f80h    ; 128 bytes long max
   58 0000:             
   59 0000:             
   60 0000:             ;
   61 0000:             ; Setup Stack, use R1 0eff -> down to 0c00 (but no checking)
   62 0000:             ;
   63 0000:             STACK: EQU 0EFFh
   64 0000:             
   65 0000:             ;
   66 0000:             ; remap eprom from 0x0000 to 0xf000 by initial access to 0xf003 via BRanch
   67 0000:             ;
   68 0000:                      ORG 0f000h
   69 f000: a0 f0 03             BR eprom
   70 f003:                      ORG 0f003h
   71 f003:             eprom:
   72 f003:             ;
   73 f003:             ; Setup Stack
   74 f003:             ;
   75 f003: 19 0e ff             MVIW R1,STACK
   76 f006:             
   77 f006:             ; SERIAL OUT SETUP
   78 f006:             ;
   79 f006: 70 58                OUTI  P0,(UARTA3!UARTCS)
   80 f008: 71 80                OUTI  P1,080H
   81 f00a:             
   82 f00a: 70 40                OUTI  P0,(UARTA0!UARTCS)
   83 f00c:             ;         OUTI  P1,12 ;9600
   84 f00c: 71 03                OUTI P1,3 ;38400
   85 f00e:             
   86 f00e: 70 48                OUTI  P0,(UARTA1!UARTCS)
   87 f010: 71 00                OUTI  P1,00
   88 f012:             
   89 f012: 70 58                OUTI  P0,(UARTA3!UARTCS)
   90 f014: 71 03                OUTI  P1,03H
   91 f016:             
   92 f016:             ; Set intial monitor mode
   93 f016:             
   94 f016:             ;         MVIB R6,NOMODE
   95 f016:             
   96 f016: 0e 00                 LDAI NOMODE
   97 f018: e5 0f 00              STA MONMODE
   98 f01b: 0e 05                 ldai 05h
   99 f01d: e5 0f 04              sta interupt_cnt
  100 f020:             ;
  101 f020:             ; Main
  102 f020:             ;
  103 f020: 04 f7 07              JSR lblink
  104 f023: 1f f7 2d              MVIW R7,hello
  105 f026: 04 f6 68              JSR stringout
  106 f029: 04 e0 20              JSR basic_cold   ; initialize basic interpreter
  107 f02c:                                        ; hack should this pass in token buffer ptr
  108 f02c:             ;
  109 f02c:             ; additional proof of life
  110 f02c:             ;
  111 f02c:             ; show first 16 bytes of ROM & REGISTERS
  112 f02c:             ;
  113 f02c: 1f f0 00             MVIW R7,0f000h
  114 f02f: 04 f5 54             JSR showaddr
  115 f032: 04 f5 e1             JSR show16
  116 f035: 04 f5 9c             JSR showregs
  117 f038: 1f f7 5b             MVIW R7,CRLF
  118 f03b: 04 f6 68             JSR stringout
  119 f03e:             ;
  120 f03e:             ; show test code addr to use with go command
  121 f03e:             ;
  122 f03e: 1f f0 51             MVIW R7,tttt
  123 f041: 04 f5 54             JSR showaddr
  124 f044: 1f f7 5b             MVIW R7,CRLF
  125 f047: 04 f6 68             JSR stringout
  126 f04a:             ;
  127 f04a:             ; if INPUT high start the monitor
  128 f04a:             ;
  129 f04a: fe ff 90            iaddr isrcode
  130 f04d: fb                  INTE
  131 f04e: a3 f0 5b            BRINH cmdloop
  132 f051:             ;
  133 f051:             ; else run test/code below at completetion blink OUT LED jump to cmdloop
  134 f051:             ;
  135 f051:             tttt:
  136 f051: 1f fc e5            MVIW R7,TESTMSG
  137 f054: 04 f6 68            JSR stringout
  138 f057:             ;
  139 f057:             ; Tests to be run at startup
  140 f057:             ;
  141 f057:             
  142 f057:             ;
  143 f057:             ; startup tests complete
  144 f057:             ;
  145 f057: a0 f0 5b            BR cmdloop
  146 f05a:             ;
  147 f05a:             ;
  148 f05a:             ;
  149 f05a:             ; (the T-menu bench tests, 1,062 bytes, were removed 2026-09-22 to make room for the CF driver and the boot command;
  150 f05a:             ;  they are in git history and in tests/assembler/history-2020/)
  151 f05a:             ; added for emulator eat cr
  152 f05a:             eat_nl:
  153 f05a:             ;1      BRDEV eat_nl_done
  154 f05a:             ;1      PUSH
  155 f05a:             ;1      JSR uartin
  156 f05a:             ;1      pop
  157 f05a:             eat_nl_done:
  158 f05a: 05                ret
  159 f05b:             ;
  160 f05b:             ; Output Prompt
  161 f05b:             :
  162 f05b:             
  163 f05b:             cmdloop:
  164 f05b: 1f f7 59          MVIW R7,PROMPT
  165 f05e: 04 f6 68          JSR stringout
  166 f061:             ;
  167 f061:             ;
  168 f061:             ; Input test
  169 f061:             ;
  170 f061:             ;intest:
  171 f061:             ;      JSR uartin
  172 f061:             ;      jsr showbytea
  173 f061:             ;      BR intest
  174 f061:             ;
  175 f061:             ; end test
  176 f061:             ;
  177 f061: 04 f6 8b          JSR uartin
  178 f064: 04 f5 4b          JSR toupper
  179 f067:             
  180 f067:             ;
  181 f067:             ; added for emulator eat cr
  182 f067:             ;
  183 f067: 04 f0 5a          jsr eat_nl
  184 f06a: 0d 48             LDTI 'H'
  185 f06c: aa f0 7e          BRNEQ testexamine
  186 f06f: 1f f7 5b          MVIW R7,CRLF
  187 f072: 04 f6 68          JSR stringout
  188 f075: 1f f7 fb          MVIW R7,helpmenu
  189 f078: 04 f6 68          JSR stringout
  190 f07b: a0 f0 5b          BR cmdloop
  191 f07e:             
  192 f07e:             testexamine:
  193 f07e: 0d 3a             LDTI ':'          ; 2026-09-23: an Intel-hex record starts load mode
  194 f080: a8 f3 38          BREQ hexload
  195 f083: 0d 30             LDTI '0'
  196 f085: a8 f1 0e          BREQ cmd_exit
  197 f088: 0d 42             LDTI 'B'
  198 f08a: a8 f1 73          BREQ dumpblock
  199 f08d: 0d 43             LDTI 'C'
  200 f08f: a8 f1 5b          BREQ cmd_basic_copy
  201 f092: 0d 44             LDTI 'D'
  202 f094: a8 f1 96          BREQ dump
  203 f097: 0d 45             LDTI 'E'
  204 f099: a8 f1 bc          BREQ examine
  205 f09c: 0d 46             LDTI 'F'
  206 f09e: a8 f2 21          BREQ fillblock
  207 f0a1: 0d 47             LDTI 'G'
  208 f0a3: a8 f2 61          BREQ go
  209 f0a6: 0d 4f             LDTI 'O'
  210 f0a8: a8 f4 73          BREQ boot
  211 f0ab: 0d 49             ldti 'I'
  212 f0ad: a8 f1 49          BREQ interpreter
  213 f0b0: 0d 4c             LDTI 'L'
  214 f0b2: a8 f1 4f          BREQ cmd_basiclist
  215 f0b5: 0d 50             LDTI 'P'
  216 f0b7: a8 f1 1e          BREQ cmd_basicparse
  217 f0ba: 0d 52             LDTI 'R'
  218 f0bc: a8 f2 6f          BREQ dumpreg
  219 f0bf: 0d 59             LDTI 'Y'
  220 f0c1: a8 f1 67          BREQ cmd_basic_test
  221 f0c4: 0d 5a             LDTI 'Z'
  222 f0c6: a8 f1 12          BREQ cmd_basic
  223 f0c9: 0d 0d             LDTI 0Dh        ; hardware continue
  224 f0cb: a8 f0 e8          BREQ continue
  225 f0ce:             ;
  226 f0ce:             ; add for emulator
  227 f0ce:             ; hardware sends 0dh on CR but emulator sends 0dh 0ah
  228 f0ce:             ; code at top of loop eats the 0dh if running in emulator
  229 f0ce:             ; so continue on 0ah as well
  230 f0ce:             ;
  231 f0ce: 0d 0a             LDTI 0ah      ; emulator continue
  232 f0d0: a8 f0 e8          BREQ continue
  233 f0d3:             
  234 f0d3: 1f f7 5b          MVIW R7,CRLF
  235 f0d6:             
  236 f0d6: 04 f6 68          JSR stringout
  237 f0d9:             
  238 f0d9: 1f f7 5e          MVIW R7,ERROR
  239 f0dc: 04 f6 68          JSR stringout
  240 f0df:             
  241 f0df: 1f f7 fb          MVIW R7,helpmenu
  242 f0e2: 04 f6 68          JSR stringout
  243 f0e5: a0 f0 5b          BR cmdloop
  244 f0e8:             ;
  245 f0e8:             continue:
  246 f0e8:             
  247 f0e8:             ;       MVRLA R6
  248 f0e8: e4 0f 00           LDA MONMODE
  249 f0eb:             
  250 f0eb: 0d 03              LDTI BLOCKMODE
  251 f0ed: a8 f1 8a           BREQ dumpblockcont
  252 f0f0:             
  253 f0f0: 0d 02              LDTI DUMPMODE
  254 f0f2: a8 f1 ad           BREQ dumpcont
  255 f0f5:             
  256 f0f5: 0d 01              LDTI EXAMINEMODE
  257 f0f7: a8 f1 d3           BREQ examinecont
  258 f0fa:             
  259 f0fa: 0d 04              LDTI FILLMODE
  260 f0fc: a8 f2 38           BREQ fillcont
  261 f0ff: a0 f0 5b           BR cmdloop
  262 f102:             ;
  263 f102:             ;      ERROR
  264 f102:             ;
  265 f102: 1f f7 76           MVIW R7,CONTINUEERROR
  266 f105: 04 f6 68           JSR stringout
  267 f108: a0 f0 5b           BR cmdloop
  268 f10b:             
  269 f10b: a0 f1 0b    stop:   BR stop
  270 f10e:             
  271 f10e:             cmd_exit:
  272 f10e: af f1 0b          BRDEV stop
  273 f111: 00                DB 0
  274 f112:             
  275 f112:             cmd_basic:
  276 f112: 1f f7 5b            MVIW R7,CRLF
  277 f115: 04 f6 68            JSR stringout
  278 f118: 04 e0 10           jsr basic_run
  279 f11b: a0 f0 5b           BR cmdloop
  280 f11e:             
  281 f11e:             cmd_basicparse:
  282 f11e:                     ;build input string
  283 f11e:                     ;point register to BUFFER
  284 f11e:                     ;loop fetch chars
  285 f11e:                     ;until CR
  286 f11e:                     ;be sure line ends with a NULL or CR
  287 f11e:                     ;what does parse require???
  288 f11e: 1f f7 ed            MVIW R7,BASIC_PARSEMSG
  289 f121: 04 f6 68            JSR stringout
  290 f124:             
  291 f124: 1b 0f 80            mviw r3,line_buffer
  292 f127:             parse_inputloop:
  293 f127: 04 f6 8b            jsr uartin
  294 f12a: 4b                  stavr r3
  295 f12b: 53                  incr r3
  296 f12c: 0d 0a               ldti 0ah  ;1 changed from 0a to 0D for new emulator code, changed back
  297 f12e:             ;       halt
  298 f12e: aa f1 27            brneq parse_inputloop
  299 f131: 1f 0f 80            mviw r7,line_buffer
  300 f134: 04 f5 e1            jsr show16
  301 f137: 1f 0f 80            mviw r7,line_buffer
  302 f13a: 04 e0 50            JSR BASIC_PARSE
  303 f13d: 1f 04 00            mviw r7,0400H
  304 f140:             ;        jsr show256
  305 f140: a0 f0 5b            BR cmdloop
  306 f143:             do_parse:
  307 f143: 04 e0 50            JSR basic_parse
  308 f146: a0 f0 5b            BR cmdloop
  309 f149:             
  310 f149:             interpreter:
  311 f149: 04 e0 40            JSR BASIC_INTERPRTER
  312 f14c: a0 f0 5b            BR CMDLOOP
  313 f14f:             
  314 f14f:             cmd_basiclist:
  315 f14f: 1f f7 5b            MVIW R7,CRLF
  316 f152: 04 f6 68            JSR stringout
  317 f155: 04 e0 00            JSR basic_list
  318 f158: a0 f0 5b            BR cmdloop
  319 f15b:             
  320 f15b:             cmd_basic_copy:
  321 f15b: 1f f7 5b            MVIW R7,CRLF
  322 f15e: 04 f6 68            JSR stringout
  323 f161: 04 e0 60            JSR basic_copy
  324 f164: a0 f0 5b            BR cmdloop
  325 f167:             
  326 f167:             cmd_basic_test:
  327 f167: 1f f7 5b            MVIW R7,CRLF
  328 f16a: 04 f6 68            JSR stringout
  329 f16d: 04 e0 30            JSR basic_test
  330 f170: a0 f0 5b            BR cmdloop
  331 f173:             
  332 f173:             dumpblock:
  333 f173:             ;      MVIB R6,BLOCKMODE
  334 f173: 0d 03              LDTI BLOCKMODE
  335 f175: e7 0f 00           STT monmode
  336 f178:             
  337 f178: 1f f7 98           MVIW R7,DUMPBLOCKMSG
  338 f17b: 04 f6 68           JSR stringout
  339 f17e: 04 f5 0f           jsr getaddress
  340 f181: ef 0f 02           str r7,continue_addr
  341 f184: 1f f7 5b           MVIW R7,CRLF
  342 f187: 04 f6 68           JSR stringout
  343 f18a:             
  344 f18a:             dumpblockcont:
  345 f18a: f7 0f 02           ldr r7,continue_addr
  346 f18d: 04 f5 fb           jsr show256
  347 f190: ef 0f 02           str r7,continue_addr
  348 f193: a0 f0 5b           BR cmdloop
  349 f196:             ;
  350 f196:             ; dump 16 bytes on 16 byte boundry
  351 f196:             ;
  352 f196:             dump:
  353 f196:             ;       MVIB R6,DUMPMODE
  354 f196: 0d 02              LDTI DUMPMODE
  355 f198: e7 0f 00           STT monmode
  356 f19b: 1f f7 8b           MVIW R7,DUMPMSG
  357 f19e: 04 f6 68           JSR stringout
  358 f1a1: 04 f5 0f           jsr getaddress
  359 f1a4: ef 0f 02           str r7,continue_addr
  360 f1a7: 1f f7 5b           MVIW R7,CRLF
  361 f1aa: 04 f6 68           JSR stringout
  362 f1ad:             
  363 f1ad:             dumpcont:
  364 f1ad: f7 0f 02           ldr r7,continue_addr
  365 f1b0: 04 f5 54           jsr showaddr
  366 f1b3: 04 f5 e1           jsr show16
  367 f1b6: ef 0f 02           str r7,continue_addr
  368 f1b9: a0 f0 5b           BR cmdloop
  369 f1bc:             
  370 f1bc:             examine:
  371 f1bc:             ;       MVIB R6,EXAMINEMODE
  372 f1bc: 0d 01             LDTI EXAMINEMODE
  373 f1be: e7 0f 00          STT monmode
  374 f1c1: 1f f7 cc          MVIW R7,EXAMINEMSG
  375 f1c4: 04 f6 68          JSR stringout
  376 f1c7: 04 f5 0f          jsr getaddress
  377 f1ca: ef 0f 02          str r7,continue_addr
  378 f1cd: 1f f7 5b          MVIW R7,CRLF
  379 f1d0: 04 f6 68          JSR stringout
  380 f1d3:             
  381 f1d3:             examinecont:
  382 f1d3: f7 0f 02          ldr r7,continue_addr
  383 f1d6: 04 f5 54          JSR showaddr
  384 f1d9: 0e 20             LDAI ' '
  385 f1db: 04 f6 76          JSR uartout
  386 f1de:             
  387 f1de: 04 f6 12          JSR SHOWBYTE
  388 f1e1:             
  389 f1e1: 04 f6 8b          JSR uartin
  390 f1e4: 0d 1b             LDTI 01bh
  391 f1e6: a8 f2 18          BREQ examdone
  392 f1e9: 0d 2d             LDTI '-'
  393 f1eb: a8 f2 18          BREQ examdone
  394 f1ee: 0d 0d             LDTI 0dh
  395 f1f0: a8 f2 07          BREQ examnext
  396 f1f3: 0d 0a             LDTI 0ah
  397 f1f5: a8 f2 07          BREQ examnext
  398 f1f8: 04 f5 3b          JSR getnibblec
  399 f1fb: b6                SHL
  400 f1fc: b6                SHL
  401 f1fd: b6                SHL
  402 f1fe: b6                SHL
  403 f1ff: 09                push
  404 f200: 04 f5 38          jsr getnibble
  405 f203: 0b                MVAT
  406 f204: 0a                Pop
  407 f205: ba                ORT
  408 f206: 4f                STAVR R7
  409 f207:             
  410 f207:             examnext:
  411 f207: 57                INCR R7
  412 f208: ef 0f 02          str r7,continue_addr
  413 f20b: 0e 0a             LDAI 0ah
  414 f20d: 04 f6 76          JSR uartout
  415 f210: 0e 0d             LDAI 0dh
  416 f212: 04 f6 76          JSR uartout
  417 f215: a0 f1 d3          BR examinecont
  418 f218:             
  419 f218:             examdone:
  420 f218: 1f f7 5b          MVIW R7,CRLF
  421 f21b: 04 f6 68          JSR stringout
  422 f21e: a0 f0 5b          BR cmdloop
  423 f221:             
  424 f221:             fillblock:
  425 f221:             ;       MVIB R6,FILLMODE
  426 f221: 0d 04              LDTI FILLMODE
  427 f223: e7 0f 00           STT monmode
  428 f226:             
  429 f226: 1f f7 ab           MVIW R7,FILLMSG
  430 f229: 04 f6 68           JSR stringout
  431 f22c: 04 f5 0f           jsr getaddress
  432 f22f: ef 0f 02           STR r7,continue_addr
  433 f232: 1f f7 5b           MVIW R7,CRLF
  434 f235: 04 f6 68           JSR stringout
  435 f238:             
  436 f238:             fillcont:
  437 f238: f7 0f 02          ldr r7,continue_addr
  438 f23b: 04 f5 54          jsr showaddr
  439 f23e: 1f f7 5b          MVIW R7,CRLF
  440 f241: 04 f6 68          JSR stringout
  441 f244: f7 0f 02          ldr r7,continue_addr
  442 f247:             morefill:
  443 f247: 0e 00             LDAI 0
  444 f249: 4f                STAVR R7
  445 f24a: 57                INCR R7
  446 f24b: 27                MVRLA R7
  447 f24c: b3 ff             ANDI  0FFH
  448 f24e: a2 f2 47          BRNZ morefill
  449 f251: ef 0f 02          str r7,continue_addr
  450 f254: 0e 0a             LDAI 0ah
  451 f256: 04 f6 76          JSR uartout
  452 f259: 0e 0d             LDAI 0dh
  453 f25b: 04 f6 76          JSR uartout
  454 f25e: a0 f0 5b          BR cmdloop
  455 f261:             
  456 f261:             
  457 f261:             go:
  458 f261: 1f f7 be          MVIW R7,GOMSG
  459 f264: 04 f6 68          JSR stringout
  460 f267: 04 f5 0f          jsr getaddress
  461 f26a:             ;
  462 f26a:             ; YACC1-D 2026-09-22: was BRVR R7, which is an INDIRECT jump (PC <- the word AT the address, see the
  463 f26a:             ; microcode: branch() fetches the target through R7 like BR fetches its operand through the PC), so G jumped
  464 f26a:             ; through whatever was stored at AAAA. JSRUR R7 jumps TO AAAA and pushes a return address: the program ends
  465 f26a:             ; with RET and lands back in the command loop.
  466 f26a:             ;
  467 f26a: 06 07             JSRUR R7
  468 f26c: a0 f0 5b          BR cmdloop
  469 f26f:             
  470 f26f:             dumpreg:
  471 f26f: 04 f5 9c          JSR showregs
  472 f272:             ;      MVIB R6,NOMODE
  473 f272: 0d 00             LDTI NOMODE
  474 f274: e7 0f 00          STT monmode
  475 f277:             
  476 f277: a0 f0 5b          BR cmdloop
  477 f27a:             
  478 f27a:             ;
  479 f27a:             ; ---- CompactFlash driver (YACC1-D 2026-09-22) -----------------------------------------------------------
  480 f27a:             ; The card sits on two ports: P4 = register-select latch (ATA task-file register 0-7), P5 = data (on the I/O card v2.0; P8/P9 until 2026-09-23).
  481 f27a:             ; 8-bit True IDE mode. Registers: 0 data, 1 error/feature, 2 sector count, 3-5 LBA0-2, 6 drive/head, 7 status/cmd.
  482 f27a:             ; Entry points (also BIOS vectors at 0FFECh..): cfinit  ACC = 0 ok / 1 error (absent card times out);
  483 f27a:             ;   cfread   sector CFLBA0..2 -> (R7), R7 += 512, ACC = 0 ok / 1 error;   cfwrite  (R7) -> sector, R7 += 512, same;
  484 f27a:             ;   R6 and TMP are clobbered. const  ACC = 1 when a console byte waits (0 otherwise).
  485 f27a:             ;
  486 f27a:             CFSEL_DATA:  EQU 0
  487 f27a:             CFSEL_FEAT:  EQU 1
  488 f27a:             CFSEL_SCNT:  EQU 2
  489 f27a:             CFSEL_LBA0:  EQU 3
  490 f27a:             CFSEL_LBA1:  EQU 4
  491 f27a:             CFSEL_LBA2:  EQU 5
  492 f27a:             CFSEL_HEAD:  EQU 6
  493 f27a:             CFSEL_CMD:   EQU 7
  494 f27a:             ;
  495 f27a:             ; wait while BSY (bit 7), bounded to 65536 polls; returns the status in ACC
  496 f27a:             cfwait:
  497 f27a: 1e 00 00            MVIW R6,0
  498 f27d:             cfwaitl:
  499 f27d: 74 07               OUTI P4,CFSEL_CMD
  500 f27f: 95                  INP P5
  501 f280: b3 80               ANDI 080H
  502 f282: a1 f2 8e            BRZ cfwaitd
  503 f285: 5e                  DECR R6
  504 f286: 26                  MVRLA R6
  505 f287: a2 f2 7d            BRNZ cfwaitl
  506 f28a: 2e                  MVRHA R6
  507 f28b: a2 f2 7d            BRNZ cfwaitl
  508 f28e:             cfwaitd:
  509 f28e: 74 07               OUTI P4,CFSEL_CMD
  510 f290: 95                  INP P5
  511 f291: 05                  RET
  512 f292:             ;
  513 f292:             ; wait until DRQ (bit 3), bounded; returns the status in ACC
  514 f292:             cfdrq:
  515 f292: 1e 00 00            MVIW R6,0
  516 f295:             cfdrql:
  517 f295: 74 07               OUTI P4,CFSEL_CMD
  518 f297: 95                  INP P5
  519 f298: b3 08               ANDI 008H
  520 f29a: a2 f2 a6            BRNZ cfdrqd
  521 f29d: 5e                  DECR R6
  522 f29e: 26                  MVRLA R6
  523 f29f: a2 f2 95            BRNZ cfdrql
  524 f2a2: 2e                  MVRHA R6
  525 f2a3: a2 f2 95            BRNZ cfdrql
  526 f2a6:             cfdrqd:
  527 f2a6: 74 07               OUTI P4,CFSEL_CMD
  528 f2a8: 95                  INP P5
  529 f2a9: 05                  RET
  530 f2aa:             ;
  531 f2aa:             cfinit:
  532 f2aa: 04 f2 7a            JSR cfwait
  533 f2ad: 74 06               OUTI P4,CFSEL_HEAD
  534 f2af: 75 e0               OUTI P5,0E0H            ; LBA mode, drive 0
  535 f2b1: 74 01               OUTI P4,CFSEL_FEAT
  536 f2b3: 75 01               OUTI P5,001H            ; feature 1: 8-bit transfers
  537 f2b5: 74 07               OUTI P4,CFSEL_CMD
  538 f2b7: 75 ef               OUTI P5,0EFH            ; SET FEATURES
  539 f2b9: 04 f2 7a            JSR cfwait
  540 f2bc: b3 01               ANDI 001H               ; ERR bit; an absent card reads FFh and times out -> 1
  541 f2be: 05                  RET
  542 f2bf:             ;
  543 f2bf:             ; task file <- CFLBA0..2, LBA mode, one sector
  544 f2bf:             cfsetl:
  545 f2bf: 74 03               OUTI P4,CFSEL_LBA0
  546 f2c1: e4 0f 10            LDA CFLBA0
  547 f2c4: 65                  OUTA P5
  548 f2c5: 74 04               OUTI P4,CFSEL_LBA1
  549 f2c7: e4 0f 11            LDA CFLBA1
  550 f2ca: 65                  OUTA P5
  551 f2cb: 74 05               OUTI P4,CFSEL_LBA2
  552 f2cd: e4 0f 12            LDA CFLBA2
  553 f2d0: 65                  OUTA P5
  554 f2d1: 74 06               OUTI P4,CFSEL_HEAD
  555 f2d3: 75 e0               OUTI P5,0E0H
  556 f2d5: 74 02               OUTI P4,CFSEL_SCNT
  557 f2d7: 75 01               OUTI P5,1
  558 f2d9: 05                  RET
  559 f2da:             ;
  560 f2da:             cfread:
  561 f2da: 04 f2 7a            JSR cfwait
  562 f2dd: 04 f2 bf            JSR cfsetl
  563 f2e0: 74 07               OUTI P4,CFSEL_CMD
  564 f2e2: 75 20               OUTI P5,020H            ; READ SECTORS
  565 f2e4: 04 f2 92            JSR cfdrq
  566 f2e7: b3 08               ANDI 008H
  567 f2e9: a1 f3 00            BRZ cferr
  568 f2ec: 74 00               OUTI P4,CFSEL_DATA
  569 f2ee: 1e 02 00            MVIW R6,512
  570 f2f1:             cfrdl:
  571 f2f1: 95                  INP P5
  572 f2f2: 4f                  STAVR R7
  573 f2f3: 57                  INCR R7
  574 f2f4: 5e                  DECR R6
  575 f2f5: 26                  MVRLA R6
  576 f2f6: a2 f2 f1            BRNZ cfrdl
  577 f2f9: 2e                  MVRHA R6
  578 f2fa: a2 f2 f1            BRNZ cfrdl
  579 f2fd: 0e 00               LDAI 0
  580 f2ff: 05                  RET
  581 f300:             cferr:
  582 f300: 0e 01               LDAI 1
  583 f302: 05                  RET
  584 f303:             ;
  585 f303:             cfwrite:
  586 f303: 04 f2 7a            JSR cfwait
  587 f306: 04 f2 bf            JSR cfsetl
  588 f309: 74 07               OUTI P4,CFSEL_CMD
  589 f30b: 75 30               OUTI P5,030H            ; WRITE SECTORS
  590 f30d: 04 f2 92            JSR cfdrq
  591 f310: b3 08               ANDI 008H
  592 f312: a1 f3 00            BRZ cferr
  593 f315: 74 00               OUTI P4,CFSEL_DATA
  594 f317: 1e 02 00            MVIW R6,512
  595 f31a:             cfwrl:
  596 f31a: 47                  LDAVR R7
  597 f31b: 65                  OUTA P5
  598 f31c: 57                  INCR R7
  599 f31d: 5e                  DECR R6
  600 f31e: 26                  MVRLA R6
  601 f31f: a2 f3 1a            BRNZ cfwrl
  602 f322: 2e                  MVRHA R6
  603 f323: a2 f3 1a            BRNZ cfwrl
  604 f326: 04 f2 7a            JSR cfwait
  605 f329: b3 01               ANDI 001H
  606 f32b: 05                  RET
  607 f32c:             ;
  608 f32c:             ; const: ACC = 1 when a console byte is waiting. The emulator's port-2 console has no status: always ready.
  609 f32c:             const:
  610 f32c: af f3 32            BRDEV consthw
  611 f32f: 0e 01               LDAI 1
  612 f331: 05                  RET
  613 f332:             consthw:
  614 f332: 70 68               OUTI P0,(UARTCS!UARTA5)
  615 f334: 91                  INP P1
  616 f335: b3 01               ANDI 001H
  617 f337: 05                  RET
  618 f338:             ;
  619 f338:             ; O command: boot. Read the boot block (LBA 0) to OSBASE, check 'P8' and OSCNT, read OSCNT sectors from LBA 1
  620 f338:             ; to OSBASE and call it; the OS returns with RET.
  621 f338:             ;
  622 f338:             ;
  623 f338:             ; ':' - Intel-hex loader (YACC1-D 2026-09-23). A ':' at the prompt starts load mode: the rest of the record is read
  624 f338:             ; without echo (uartinne), its bytes stored from its address on, and the record acknowledged with one character:
  625 f338:             ;   .  stored and the checksum is right
  626 f338:             ;   ?  a bad hex digit or a bad checksum
  627 f338:             ;   !  refused or not verified: an address outside $1000-$DFFF (the monitor's page, the stack and the ROM are
  628 f338:             ;      protected; any write to $E000-$FFFF would reach the 28C64, review M2), or the byte read back differently
  629 f338:             ; Between records everything up to the next ':' is skipped (CR, LF, blanks), so an assembler .img can be pasted into
  630 f338:             ; a terminal or sent as is; ESC (or a NUL, the emulators' end of input) abandons, between records or inside one. The end record (type 01) prints
  631 f338:             ; LOADED, or LOADED WITH ERRORS when any record failed, and returns to the prompt. Records of other types are read
  632 f338:             ; and checked but not stored. Host side: tools/monload.py paces the characters (the UART has no FIFO enabled: one
  633 f338:             ; character of buffering) and waits for each acknowledgement. Registers: R3 checksum, R4 count, R5 type,
  634 f338:             ; R6 record status (0 ok, 1 bad hex, 2 refused/unverified), R7 the address; never R2.
  635 f338:             ;
  636 f338:             hexload:
  637 f338: 0d 05               LDTI  LOADMODE
  638 f33a: e7 0f 00            STT   monmode
  639 f33d: 0d 00               LDTI  0
  640 f33f: e7 0f 01            STT   lderr
  641 f342:             ldrec:
  642 f342: 1b 00 00            MVIW  R3,0
  643 f345: 1c 00 00            MVIW  R4,0
  644 f348: 1e 00 00            MVIW  R6,0
  645 f34b: 04 f3 f3            JSR   ldbyte            ; byte count
  646 f34e: 34                  MVARL R4
  647 f34f: 04 f3 f3            JSR   ldbyte            ; address high
  648 f352: 3f                  MVARH R7
  649 f353: 04 f3 f3            JSR   ldbyte            ; address low
  650 f356: 37                  MVARL R7
  651 f357: 04 f3 f3            JSR   ldbyte            ; record type
  652 f35a: 35                  MVARL R5
  653 f35b:             ldloop:
  654 f35b: 24                  MVRLA R4
  655 f35c: a1 f3 8b            BRZ   ldsum
  656 f35f: 04 f3 f3            JSR   ldbyte
  657 f362: 09                  PUSH
  658 f363: 25                  MVRLA R5
  659 f364: a2 f3 85            BRNZ  ldskip            ; not a data record: check only
  660 f367: 2f                  MVRHA R7                ; protect everything outside $1000-$DFFF
  661 f368: 0d 0f               LDTI  00fh
  662 f36a: a9 f3 70            BRGT  ldlowok
  663 f36d: a0 f3 82            BR    ldref
  664 f370:             ldlowok:
  665 f370: 0d df               LDTI  0dfh
  666 f372: a9 f3 82            BRGT  ldref
  667 f375: 0a                  POP
  668 f376: 4f                  STAVR R7
  669 f377: 0b                  MVAT
  670 f378: 47                  LDAVR R7                ; read it back
  671 f379: a8 f3 86            BREQ  ldnext
  672 f37c: 1e 00 02            MVIW  R6,2
  673 f37f: a0 f3 86            BR    ldnext
  674 f382:             ldref:
  675 f382: 1e 00 02            MVIW  R6,2
  676 f385:             ldskip:
  677 f385: 0a                  POP
  678 f386:             ldnext:
  679 f386: 57                  INCR  R7
  680 f387: 5c                  DECR  R4
  681 f388: a0 f3 5b            BR    ldloop
  682 f38b:             ldsum:
  683 f38b: 04 f3 f3            JSR   ldbyte            ; the checksum: the record's bytes now sum to zero
  684 f38e: 26                  MVRLA R6
  685 f38f: 0d 01               LDTI  1
  686 f391: a8 f3 aa            BREQ  ldbadrec
  687 f394: 23                  MVRLA R3
  688 f395: a2 f3 aa            BRNZ  ldbadrec
  689 f398: 26                  MVRLA R6
  690 f399: a2 f3 af            BRNZ  ldrefrec
  691 f39c: 25                  MVRLA R5
  692 f39d: 0d 01               LDTI  1
  693 f39f: a8 f3 d2            BREQ  ldeof
  694 f3a2: 0e 2e               LDAI  '.'
  695 f3a4: 04 f6 76            JSR   uartout
  696 f3a7: a0 f3 bf            BR    ldwait
  697 f3aa:             ldbadrec:
  698 f3aa: 0e 3f               LDAI  '?'
  699 f3ac: a0 f3 b1            BR    ldflag
  700 f3af:             ldrefrec:
  701 f3af: 0e 21               LDAI  '!'
  702 f3b1:             ldflag:
  703 f3b1: 04 f6 76            JSR   uartout
  704 f3b4: 0d 01               LDTI  1
  705 f3b6: e7 0f 01            STT   lderr
  706 f3b9: 25                  MVRLA R5
  707 f3ba: 0d 01               LDTI  1
  708 f3bc: a8 f3 d2            BREQ  ldeof
  709 f3bf:             ldwait:
  710 f3bf: 04 f6 a9            JSR   uartinne          ; skip to the next ':'
  711 f3c2: a1 f3 ea            BRZ   ldabort
  712 f3c5: 0d 3a               LDTI  ':'
  713 f3c7: a8 f3 42            BREQ  ldrec
  714 f3ca: 0d 1b               LDTI  01bh
  715 f3cc: a8 f3 ea            BREQ  ldabort
  716 f3cf: a0 f3 bf            BR    ldwait
  717 f3d2:             ldeof:
  718 f3d2: e4 0f 01            LDA   lderr
  719 f3d5: a2 f3 e1            BRNZ  ldeofbad
  720 f3d8: 1f f4 3e            MVIW  R7,MSGLOADED
  721 f3db: 04 f6 68            JSR   stringout
  722 f3de: a0 f0 5b            BR    cmdloop
  723 f3e1:             ldeofbad:
  724 f3e1: 1f f4 49            MVIW  R7,MSGLOADERR
  725 f3e4: 04 f6 68            JSR   stringout
  726 f3e7: a0 f0 5b            BR    cmdloop
  727 f3ea:             ldabort:
  728 f3ea: 1f f4 60            MVIW  R7,MSGLOADAB
  729 f3ed: 04 f6 68            JSR   stringout
  730 f3f0: a0 f0 5b            BR    cmdloop
  731 f3f3:             ;
  732 f3f3:             ; ldbyte: two hex digits (no echo) -> ACC, added into the checksum R3; a bad digit sets R6 = 1 and gives 0
  733 f3f3:             ;
  734 f3f3:             ldbyte:
  735 f3f3: 04 f4 0a            JSR   ldhex
  736 f3f6: b6                  SHL
  737 f3f7: b6                  SHL
  738 f3f8: b6                  SHL
  739 f3f9: b6                  SHL
  740 f3fa: b3 f0               ANDI  0f0h
  741 f3fc: 09                  PUSH
  742 f3fd: 04 f4 0a            JSR   ldhex
  743 f400: 0b                  MVAT
  744 f401: 0a                  POP
  745 f402: ba                  ORT
  746 f403: 09                  PUSH
  747 f404: 0b                  MVAT
  748 f405: 23                  MVRLA R3
  749 f406: b8                  ADDT
  750 f407: 33                  MVARL R3
  751 f408: 0a                  POP
  752 f409: 05                  RET
  753 f40a:             ;
  754 f40a:             ; ldhex: one hex digit (no echo) -> ACC 0..15; anything else sets R6 = 1 and gives 0
  755 f40a:             ;
  756 f40a:             ldhex:
  757 f40a: 04 f6 a9            JSR   uartinne
  758 f40d: a1 f4 38            BRZ   ldhexab           ; NUL (the emulators' end of input) or ESC abandon, even inside a record
  759 f410: 0d 1b               LDTI  01bh
  760 f412: a8 f4 38            BREQ  ldhexab
  761 f415: 04 f5 4b            JSR   toupper
  762 f418: 0d 30               LDTI  '0'
  763 f41a: a7 f4 32            BRLT  ldhexbad
  764 f41d: 0d 39               LDTI  '9'
  765 f41f: a9 f4 25            BRGT  ldhexaf
  766 f422: b1 30               SUBI  '0'
  767 f424: 05                  RET
  768 f425:             ldhexaf:
  769 f425: 0d 41               LDTI  'A'
  770 f427: a7 f4 32            BRLT  ldhexbad
  771 f42a: 0d 46               LDTI  'F'
  772 f42c: a9 f4 32            BRGT  ldhexbad
  773 f42f: b1 37               SUBI  037h
  774 f431: 05                  RET
  775 f432:             ldhexbad:
  776 f432: 1e 00 01            MVIW  R6,1
  777 f435: 0e 00               LDAI  0
  778 f437: 05                  RET
  779 f438:             ldhexab:                        ; out of any depth of ldbyte/ldhex: the loader runs from the command loop, whose
  780 f438: 19 0e ff            MVIW  R1,STACK          ; stack is empty, so resetting it drops the return addresses and pushed bytes
  781 f43b: a0 f3 ea            BR    ldabort
  782 f43e: 0a 0d 4c 4f 
            41 44 45 44 
            0a 0d 00    MSGLOADED: DB 0ah,0dh,"LOADED",0ah,0dh,0
  783 f449: 0a 0d 4c 4f 
            41 44 45 44 
            20 57 49 54 
            48 20 45 52 
            52 4f 52 53 
            0a 0d 00    MSGLOADERR: DB 0ah,0dh,"LOADED WITH ERRORS",0ah,0dh,0
  784 f460: 0a 0d 4c 4f 
            41 44 20 41 
            42 41 4e 44 
            4f 4e 45 44 
            0a 0d 00    MSGLOADAB: DB 0ah,0dh,"LOAD ABANDONED",0ah,0dh,0
  785 f473:             ;
  786 f473:             boot:
  787 f473: 1f f4 df            MVIW R7,MSGBOOT
  788 f476: 04 f6 68            JSR stringout
  789 f479: 04 f2 aa            JSR cfinit
  790 f47c: a2 f4 cd            BRNZ bootfail
  791 f47f: 0e 00               LDAI 0
  792 f481: e5 0f 10            STA CFLBA0
  793 f484: e5 0f 11            STA CFLBA1
  794 f487: e5 0f 12            STA CFLBA2
  795 f48a: 1f 10 00            MVIW R7,OSBASE
  796 f48d: 04 f2 da            JSR cfread
  797 f490: a2 f4 cd            BRNZ bootfail
  798 f493: e4 10 00            LDA OSBASE
  799 f496: 0d 50               LDTI 'P'
  800 f498: aa f4 d6            BRNEQ bootnos
  801 f49b: e4 10 01            LDA OSBASE+1
  802 f49e: 0d 38               LDTI '8'
  803 f4a0: aa f4 d6            BRNEQ bootnos
  804 f4a3: e4 10 03            LDA OSBASE+3            ; OSCNT
  805 f4a6: a1 f4 d6            BRZ bootnos
  806 f4a9: 35                  MVARL R5
  807 f4aa: 1f 10 00            MVIW R7,OSBASE
  808 f4ad: 0e 01               LDAI 1
  809 f4af: e5 0f 10            STA CFLBA0
  810 f4b2:             bootl:
  811 f4b2: 04 f2 da            JSR cfread
  812 f4b5: a2 f4 cd            BRNZ bootfail
  813 f4b8: e4 0f 10            LDA CFLBA0
  814 f4bb: b0 01               ADDI 1
  815 f4bd: e5 0f 10            STA CFLBA0
  816 f4c0: 5d                  DECR R5
  817 f4c1: 25                  MVRLA R5
  818 f4c2: a2 f4 b2            BRNZ bootl
  819 f4c5: 1f 10 00            MVIW R7,OSBASE
  820 f4c8: 06 07               JSRUR R7
  821 f4ca: a0 f0 5b            BR cmdloop
  822 f4cd:             bootfail:
  823 f4cd: 1f f4 f0            MVIW R7,MSGCFERR
  824 f4d0: 04 f6 68            JSR stringout
  825 f4d3: a0 f0 5b            BR cmdloop
  826 f4d6:             bootnos:
  827 f4d6: 1f f4 fb            MVIW R7,MSGNOOS
  828 f4d9: 04 f6 68            JSR stringout
  829 f4dc: a0 f0 5b            BR cmdloop
  830 f4df: 0a 0d 42 4f 
            4f 54 20 46 
            52 4f 4d 20 
            43 46 0a 0d 
            00          MSGBOOT: DB 0ah,0dh,"BOOT FROM CF",0ah,0dh,0
  831 f4f0: 43 46 20 45 
            52 52 4f 52 
            0a 0d 00    MSGCFERR: DB "CF ERROR",0ah,0dh,0
  832 f4fb: 4e 4f 20 4f 
            53 20 4f 4e 
            20 54 48 45 
            20 43 41 52 
            44 0a 0d 00 MSGNOOS: DB "NO OS ON THE CARD",0ah,0dh,0
  833 f50f:             ;
  834 f50f:             getaddress:
  835 f50f:             ;
  836 f50f:             ; Read 4 char address and return in R7
  837 f50f:             ;
  838 f50f: 09                      Push
  839 f510: 04 f5 38                JSR getnibble
  840 f513: b6                      SHL
  841 f514: b6                      SHL
  842 f515: b6                      SHL
  843 f516: b6                      SHL
  844 f517: b3 f0                   ANDI 0f0h
  845 f519: 09                      Push
  846 f51a: 04 f5 38                JSR getnibble
  847 f51d: b3 0f                   ANDI 0FH
  848 f51f: 0b                      MVAT
  849 f520: 0a                      Pop
  850 f521: ba                      ORT
  851 f522: 3f                      MVARH R7
  852 f523:             
  853 f523: 04 f5 38                JSR getnibble
  854 f526: b6                      SHL
  855 f527: b6                      shl
  856 f528: b6                      shl
  857 f529: b6                      shl
  858 f52a: b3 f0                   ANDI 0f0h
  859 f52c: 09                      push
  860 f52d: 04 f5 38                JSR getnibble
  861 f530: b3 0f                   ANDI 0FH
  862 f532: 0b                      MVAT
  863 f533: 0a                      pop
  864 f534: ba                      ORT
  865 f535: 37                      MVARL R7
  866 f536: 0a                      POP
  867 f537: 05                      RET
  868 f538:             ;
  869 f538:             ; getnibble return in accumulator
  870 f538:             ;
  871 f538:             getnibble:
  872 f538: 04 f6 8b              JSR uartin
  873 f53b:             getnibblec:
  874 f53b: 0d 39                 LDTI '9'
  875 f53d: a9 f5 43              BRGT INAF
  876 f540: b1 30                 SUBI '0'
  877 f542: 05                    RET
  878 f543: 04 f5 4b    INAF:     JSR toupper
  879 f546: b1 41                 SUBI 'A'
  880 f548: b0 0a                 ADDI 10
  881 f54a: 05                    RET
  882 f54b:             ;
  883 f54b:             ; value in accumulator convert to uppercase
  884 f54b:             ;
  885 f54b: 0d 5a       toupper:  LDTI 'Z'
  886 f54d: a9 f5 51              BRGT lower
  887 f550: 05                    RET
  888 f551:             lower:
  889 f551: b1 20                 SUBI 020h
  890 f553: 05                    RET
  891 f554:             ;
  892 f554:             ; display R7 (old r3) followed by
  893 f554:             ; ":" and " " for showaddr and nothing for shownum
  894 f554:             ;
  895 f554: 09          showaddr:   Push
  896 f555: 2f                      MVRHA R7
  897 f556: b7                      SHR
  898 f557: b7                      SHR
  899 f558: b7                      SHR
  900 f559: b7                      SHR
  901 f55a: 04 f6 46                JSR shownibble
  902 f55d: 2f                      MVRHA R7
  903 f55e: b3 0f                   ANDI 0FH
  904 f560: 04 f6 46                JSR shownibble
  905 f563: 27                      MVRLA R7
  906 f564: b7                      SHR
  907 f565: b7                      SHR
  908 f566: b7                      SHR
  909 f567: b7                      SHR
  910 f568: 04 f6 46                JSR shownibble
  911 f56b: 27                      MVRLA R7
  912 f56c: b3 0f                   ANDI 0FH
  913 f56e: 04 f6 46                JSR shownibble
  914 f571: 0e 3a                   LDAI ':'
  915 f573: 04 f6 76                JSR uartout
  916 f576: 0e 20                   LDAI ' '
  917 f578: 04 f6 76                JSR uartout
  918 f57b: 0a                      POP
  919 f57c: 05                      RET
  920 f57d:             
  921 f57d:             shownum:
  922 f57d: 09          showr7:     Push
  923 f57e: 2f                      MVRHA R7
  924 f57f: b7                      SHR
  925 f580: b7                      SHR
  926 f581: b7                      SHR
  927 f582: b7                      SHR
  928 f583: 04 f6 46                JSR shownibble
  929 f586: 2f                      MVRHA R7
  930 f587: b3 0f                   ANDI 0FH
  931 f589: 04 f6 46                JSR shownibble
  932 f58c: 27                      MVRLA R7
  933 f58d: b7                      SHR
  934 f58e: b7                      SHR
  935 f58f: b7                      SHR
  936 f590: b7                      SHR
  937 f591: 04 f6 46                JSR shownibble
  938 f594: 27                      MVRLA R7
  939 f595: b3 0f                   ANDI 0FH
  940 f597: 04 f6 46                JSR shownibble
  941 f59a: 0a                      POP
  942 f59b: 05                      RET
  943 f59c:             ;
  944 f59c:             ;
  945 f59c:             ;
  946 f59c:             showregs:
  947 f59c: 07 07                   pushr r7
  948 f59e: 07 07                   pushr r7
  949 f5a0: 1f f7 5b                MVIW R7,CRLF
  950 f5a3: 04 f6 68                JSR stringout
  951 f5a6: 0f 70                   MOVRR r0,r7
  952 f5a8: 04 f5 54                jsr showaddr
  953 f5ab: 0f 71                   MOVRR r1,r7
  954 f5ad: 04 f5 54                jsr showaddr
  955 f5b0: 0f 72                   MOVRR r2,r7
  956 f5b2: 04 f5 54                jsr showaddr
  957 f5b5: 0f 73                   MOVRR r3,r7
  958 f5b7: 04 f5 54                jsr showaddr
  959 f5ba: 0f 74                   MOVRR r4,r7
  960 f5bc: 04 f5 54                jsr showaddr
  961 f5bf: 0f 75                   MOVRR r5,r7
  962 f5c1: 04 f5 54                jsr showaddr
  963 f5c4: 0f 76                   MOVRR r6,r7
  964 f5c6: 04 f5 54                jsr showaddr
  965 f5c9: 08 70                   popr r7
  966 f5cb: 04 f5 54                jsr showaddr
  967 f5ce: 09                      push
  968 f5cf: 0e 20                   ldai ' '
  969 f5d1: 04 f6 76                jsr uartout
  970 f5d4: 0a                      pop
  971 f5d5: 04 f6 34                jsr showcarry
  972 f5d8:             
  973 f5d8: 1f f7 5b                MVIW R7,CRLF
  974 f5db: 04 f6 68                JSR stringout
  975 f5de: 08 70                   popr r7
  976 f5e0: 05                      RET
  977 f5e1:             ;
  978 f5e1:             ; display upto 16 bytes point to by R7 (old r3), stops on a 16 byte boundry
  979 f5e1:             ; increments R7
  980 f5e1:             ;
  981 f5e1: 04 f6 12    show16:     JSR showbyte
  982 f5e4: 57                      INCR R7
  983 f5e5: 0e 20                   LDAI ' '
  984 f5e7: 04 f6 76                JSR uartout
  985 f5ea: 27                      MVRLA R7
  986 f5eb: b3 0f                   ANDI 0FH
  987 f5ed: a2 f5 e1                BRNZ show16
  988 f5f0: 0e 0a                   LDAI 0ah
  989 f5f2: 04 f6 76                JSR uartout
  990 f5f5: 0e 0d                   LDAI 0dh
  991 f5f7: 04 f6 76                JSR uartout
  992 f5fa: 05                      RET
  993 f5fb:             ;
  994 f5fb:             ; display upto 256 bytes point to by R7 (old r3),
  995 f5fb:             ; stops on a 256 byte boundry, increments R7
  996 f5fb:             ;
  997 f5fb:             show256:
  998 f5fb: 09                    push
  999 f5fc:             show256loop:
 1000 f5fc: 04 f5 54              jsr showaddr
 1001 f5ff: 04 f5 e1              jsr show16
 1002 f602:             
 1003 f602:             ;         MVIW R7,CRLF
 1004 f602:             ;         JSR stringout
 1005 f602:             
 1006 f602: 27                    MVRLA R7
 1007 f603: b3 ff                 ANDI  0FFH
 1008 f605: a2 f5 fc              BRNZ show256loop
 1009 f608: 04 f6 76              JSR uartout
 1010 f60b: 0e 0d                 LDAI 0dh
 1011 f60d: 04 f6 76              JSR uartout
 1012 f610: 0a                    pop
 1013 f611: 05                    RET
 1014 f612:             ;
 1015 f612:             ; Output ASCII representation of a BYTE pointed to by R7 (OLD r7)
 1016 f612:             ; or use showbytea in accumulator
 1017 f612:             ; both destructive for accumulator - no longer true with push/pop
 1018 f612:             :
 1019 f612: 09          showbyte:   PUSH
 1020 f613: 47                      LDAVR R7
 1021 f614: b7                      SHR
 1022 f615: b7                      SHR
 1023 f616: b7                      SHR
 1024 f617: b7                      SHR
 1025 f618: 04 f6 46                JSR shownibble
 1026 f61b: 47                      LDAVR R7
 1027 f61c: b3 0f                   ANDI 0FH
 1028 f61e: 04 f6 46                JSR shownibble
 1029 f621: 0a                      POP
 1030 f622: 05                      RET
 1031 f623:             ;
 1032 f623: 09          showbytea:  PUSH
 1033 f624: 09                      PUSH
 1034 f625: b7                      SHR
 1035 f626: b7                      SHR
 1036 f627: b7                      SHR
 1037 f628: b7                      SHR
 1038 f629: 04 f6 46                JSR shownibble
 1039 f62c: 0a                      POP
 1040 f62d: b3 0f                   ANDI 0FH
 1041 f62f: 04 f6 46                JSR shownibble
 1042 f632: 0a                      POP
 1043 f633: 05                      RET
 1044 f634:             ;
 1045 f634:             ; Show carry flag
 1046 f634:             ;
 1047 f634:             showcarry:
 1048 f634: 09                      Push
 1049 f635: a6 f6 3f                brc show_yescarry
 1050 f638: 0e 58                   ldai 'X'
 1051 f63a: 04 f6 76                JSR uartout
 1052 f63d: 0a                      pop
 1053 f63e: 05                      ret
 1054 f63f:             show_yescarry:
 1055 f63f: 0e 43                   ldai 'C'
 1056 f641: 04 f6 76                JSR uartout
 1057 f644: 0a                      pop
 1058 f645: 05                      ret
 1059 f646:             
 1060 f646:             ;
 1061 f646:             ; Display nibble in accumulator ((this looks wrong) destructive)
 1062 f646:             ;  destroys tmp register  - maybe add pusht - popt
 1063 f646:             ;
 1064 f646: 09          shownibble:  PUSH
 1065 f647: 0d 09                    LDTI 9
 1066 f649: a9 f6 53                 BRGT AF
 1067 f64c: b0 30                    ADDI '0'
 1068 f64e: 04 f6 76                 JSR uartout
 1069 f651: 0a                       Pop
 1070 f652: 05                       RET
 1071 f653:             
 1072 f653: b1 0a       AF:          SUBI 10
 1073 f655: b0 41                    ADDI 'A'
 1074 f657: 04 f6 76                 JSR uartout
 1075 f65a: 0a                       Pop
 1076 f65b: 05                       RET
 1077 f65c:             ;
 1078 f65c:             ; reading switches into accumulator
 1079 f65c:             ;
 1080 f65c:             switchin:
 1081 f65c: 70 01               OUTI  P0,(SWITCHLED)
 1082 f65e: 91                  INP   P1
 1083 f65f: 05                  RET
 1084 f660:             ;
 1085 f660:             ;
 1086 f660:             ; output accumulator to LEDS or Hex displays (non distructive)
 1087 f660:             ;
 1088 f660:             ledout:
 1089 f660: 70 01               OUTI  P0,(SWITCHLED)
 1090 f662: 61                  OUTA  P1
 1091 f663: 05                  RET
 1092 f664:             ;
 1093 f664:             TIL311out:
 1094 f664: 70 80               OUTI  P0,(TIL311)
 1095 f666: 61                  OUTA  P1
 1096 f667: 05                  RET
 1097 f668:             ;
 1098 f668:             ; OLD: Output null terminated string pointed to by R2 to UART then send CR and LF
 1099 f668:             ; Advances R2 to end of string
 1100 f668:             ;
 1101 f668:             ; Output null terminated string pointed to by R7 to UART
 1102 f668:             ; Advances R7 to end of string
 1103 f668:             ;
 1104 f668:             stringout:
 1105 f668: 09                  Push
 1106 f669:             sloop:
 1107 f669: 47                  LDAVR R7
 1108 f66a: a1 f6 74            BRZ sloopdone
 1109 f66d: 04 f6 76            JSR uartout
 1110 f670: 57                  INCR R7
 1111 f671: a0 f6 69            BR sloop
 1112 f674:             ;
 1113 f674:             ; (not done send CR and LF)
 1114 f674:             ;
 1115 f674:             sloopdone:
 1116 f674: 0a                  POP
 1117 f675: 05                  RET
 1118 f676:             ;
 1119 f676:             ; output accumulator to UART, wait for UART out available
 1120 f676:             ;
 1121 f676:             charout:
 1122 f676:             uartout:
 1123 f676:             ;
 1124 f676:             ; add for emulator, outputs via putch
 1125 f676:             ;
 1126 f676: af f6 7b            BRDEV emulator2
 1127 f679: 62                  outa p2
 1128 f67a: 05                  ret
 1129 f67b:             ;
 1130 f67b:             emulator2:
 1131 f67b: 09                  PUSH
 1132 f67c: 09                  push
 1133 f67d:             ;
 1134 f67d:             ; doubt 2nd push pop is needed, to be tested
 1135 f67d:             ;
 1136 f67d:             uartoutw:
 1137 f67d:             ;
 1138 f67d:             ; test uart out is available
 1139 f67d:             ;
 1140 f67d: 70 68               OUTI  P0,(UARTCS!UARTA5)
 1141 f67f: 91                  INP   p1
 1142 f680: b3 40               ANDI  040h
 1143 f682: a1 f6 7d            BRZ   uartoutw
 1144 f685: 0a                  POP
 1145 f686: 70 40               OUTI  P0,UARTCS
 1146 f688: 61                  OUTA  P1
 1147 f689:             ;
 1148 f689:             ; may not be needed
 1149 f689: 0a                 Pop
 1150 f68a: 05                 RET
 1151 f68b:             
 1152 f68b:             ;
 1153 f68b:             ; wait for UART character available then input to accumulator
 1154 f68b:             ;
 1155 f68b:             ; Looks like this echos out character
 1156 f68b:             ; should this be settable via a flag
 1157 f68b:             ;
 1158 f68b:             uartin:
 1159 f68b:             ;
 1160 f68b:             ; added for emulator, emulator P2 reads a char via getch
 1161 f68b:             ;
 1162 f68b: af f6 90            BRDEV emulator3
 1163 f68e: 92                  inp p2
 1164 f68f: 05                  ret
 1165 f690:             ;
 1166 f690:             emulator3:
 1167 f690:             ;
 1168 f690:             ; wait for a charater available at input
 1169 f690:             ;
 1170 f690: 70 68               OUTI  P0,(UARTCS!UARTA5)
 1171 f692: 91                  INP   p1
 1172 f693: b3 01               ANDI  01h
 1173 f695: a1 f6 8b            BRZ   uartin
 1174 f698: 70 40               OUTI  P0,(UARTCS)
 1175 f69a: 91                  INP   P1
 1176 f69b: 0d 0d               ldti 0dh          ; cobvert 0x0d to 0x0a
 1177 f69d: aa f6 a2            brneq uartinc
 1178 f6a0: 0e 0a               ldai 0ah
 1179 f6a2:             uartinc:
 1180 f6a2: 04 f6 60            JSR   LEDOUT
 1181 f6a5:             ;
 1182 f6a5:             ; emulator
 1183 f6a5:             ;
 1184 f6a5:             ;        ldti  0ah
 1185 f6a5:             ;        breq uartin
 1186 f6a5: 04 f6 76            JSR   uartout
 1187 f6a8: 05                  RET
 1188 f6a9:             ;
 1189 f6a9:             ; uartinne: uartin WITHOUT the echo and the LED (2026-09-23, vector $FFFC): Y1/OS's CONIN syscall reads the
 1190 f6a9:             ; console for a program (a filter reading its input) and the shell echoes what it wants itself. Same paths:
 1191 f6a9:             ; port 2 on the instruction-level emulator (BRDEV), the UART on the machine; CR becomes LF.
 1192 f6a9:             ;
 1193 f6a9:             uartinne:
 1194 f6a9: af f6 ae            BRDEV uartinnehw
 1195 f6ac: 92                  inp p2
 1196 f6ad: 05                  ret
 1197 f6ae:             uartinnehw:
 1198 f6ae: 70 68               OUTI  P0,(UARTCS!UARTA5)
 1199 f6b0: 91                  INP   p1
 1200 f6b1: b3 01               ANDI  01h
 1201 f6b3: a1 f6 ae            BRZ   uartinnehw
 1202 f6b6: 70 40               OUTI  P0,(UARTCS)
 1203 f6b8: 91                  INP   P1
 1204 f6b9: 0d 0d               ldti 0dh
 1205 f6bb: aa f6 c0            brneq uartinnec
 1206 f6be: 0e 0a               ldai 0ah
 1207 f6c0:             uartinnec:
 1208 f6c0: 05                  RET
 1209 f6c1:             ;
 1210 f6c1:             ; long delay (approx 5 seconds)
 1211 f6c1:             ; destroys r7
 1212 f6c1:             ;
 1213 f6c1:             LONGDELAY:
 1214 f6c1: 09                  PUSH
 1215 f6c2: 1f ff ff            MVIW R7,0FFFFh
 1216 f6c5:             longdelayloop:
 1217 f6c5: 5f                  DECR R7
 1218 f6c6: 2f                  MVRHA R7
 1219 f6c7: a2 f6 c5            BRNZ longdelayloop
 1220 f6ca: 0a                  POP
 1221 f6cb: 05                  RET
 1222 f6cc:             ;
 1223 f6cc:             ; short delay (approx 1 second)
 1224 f6cc:             ; destroys R7
 1225 f6cc:             ;
 1226 f6cc:             SHORTDELAY:
 1227 f6cc: 09                  PUSH
 1228 f6cd: 1f 33 ff            MVIW R7,033FFh
 1229 f6d0:             shortdelayloop:
 1230 f6d0: 5f                  DECR R7
 1231 f6d1: 2f                  MVRHA R7
 1232 f6d2: a2 f6 d0            BRNZ shortdelayloop
 1233 f6d5: 0a                  POP
 1234 f6d6: 05                  RET
 1235 f6d7:             
 1236 f6d7:             ;
 1237 f6d7:             ; toggle input switch (with debounce)
 1238 f6d7:             ; destroys r7
 1239 f6d7:             ;
 1240 f6d7:             switchtoggle:
 1241 f6d7: 09                  Push
 1242 f6d8: a4 f6 d8    offw:   BRINL offw
 1243 f6db: 1f 01 ff            MVIW R7,01FFh
 1244 f6de:             delaya:
 1245 f6de: 5f                  DECR R7
 1246 f6df: 2f                  MVRHA R7
 1247 f6e0: a2 f6 de            BRNZ delaya
 1248 f6e3: 01                  ON
 1249 f6e4:             
 1250 f6e4: a3 f6 e4    onw:    BRINH onw
 1251 f6e7: 1f 01 ff            MVIW R7,01FFh
 1252 f6ea:             delayb:
 1253 f6ea: 5f                  DECR R7
 1254 f6eb: 2f                  MVRHA R7
 1255 f6ec: a2 f6 ea            BRNZ delayb
 1256 f6ef: 02                  OFF
 1257 f6f0: 0a                  Pop
 1258 f6f1: 05                  RET
 1259 f6f2:             ;
 1260 f6f2:             ; quick blink LED
 1261 f6f2:             ;
 1262 f6f2:             blink:
 1263 f6f2:             ;
 1264 f6f2:             ; added for emulator, return immediately to skip counting
 1265 f6f2:             ; destroys r7
 1266 f6f2:             ;
 1267 f6f2:             ;       ret
 1268 f6f2: 09                  Push
 1269 f6f3: 01                  ON
 1270 f6f4: 1f 03 ff            MVIW R7,03FFh
 1271 f6f7:             onloop:
 1272 f6f7: 5f                  DECR R7
 1273 f6f8: 2f                  MVRHA R7
 1274 f6f9: a2 f6 f7            BRNZ onloop
 1275 f6fc:             
 1276 f6fc: 02                  OFF
 1277 f6fd: 1f 03 ff            MVIW R7,003FFh
 1278 f700:             offloop:
 1279 f700: 5f                  DECR R7
 1280 f701: 2f                  MVRHA R7
 1281 f702: a2 f7 00            BRNZ offloop
 1282 f705: 0a                  Pop
 1283 f706: 05                  RET
 1284 f707:             ;
 1285 f707:             ; long blink LED
 1286 f707:             ;
 1287 f707:             lblink:
 1288 f707:             ;
 1289 f707:             ; emulator change, return immediately to skip counting
 1290 f707:             ; destroys r7
 1291 f707:             ;
 1292 f707:             ;       ret
 1293 f707: 09                  Push
 1294 f708: 01                  ON
 1295 f709: 1f 18 ff            MVIW R7,018FFh
 1296 f70c:             lonloop:
 1297 f70c: 5f                  DECR R7
 1298 f70d: 2f                  MVRHA R7
 1299 f70e: a2 f7 0c            BRNZ lonloop
 1300 f711:             
 1301 f711: 02                  OFF
 1302 f712: 1f 18 ff            MVIW R7,018FFh
 1303 f715:             loffloop:
 1304 f715: 5f                  DECR R7
 1305 f716: 2f                  MVRHA R7
 1306 f717: a2 f7 15            BRNZ loffloop
 1307 f71a: 0a                  Pop
 1308 f71b: 05                  RET
 1309 f71c:             ;
 1310 f71c:             ; blink n times in accumulator
 1311 f71c:             ;
 1312 f71c:             ; emulator change, return immediately to skip counting
 1313 f71c:             ;
 1314 f71c:             ;    ret
 1315 f71c:             nblink:
 1316 f71c: 09                  push
 1317 f71d:             nblinkloop:
 1318 f71d: 04 f6 64            JSR TIL311out
 1319 f720: a1 f7 2b            BRZ nblinkdone
 1320 f723: 04 f6 f2            JSR blink
 1321 f726: b1 01               subi 1
 1322 f728: a0 f7 1d            BR nblinkloop
 1323 f72b:             nblinkdone:
 1324 f72b: 0a                  POP
 1325 f72c: 05                  RET
 1326 f72d:             
 1327 f72d:             
 1328 f72d:             ;
 1329 f72d:             ; MONITOR STRINGS
 1330 f72d:             ;
 1331 f72d: 0a 0d 59 41 
            43 43 20 32 
            30 32 30 3a 
            20 48 45 4c 
            4c 4f 20 57 
            4f 52 4c 44 
            20 20 52 4f 
            4d 20 32 30 
            32 36 2d 30 
            39 2d 32 33 
            42 0a 0d 00 hello:  DB 0ah,0dh,"YACC 2020: hello world  ROM 2026-09-23B",0ah,0dh,0    ; the build date tells ROMs apart at a glance
 1332 f759: 3e 00       PROMPT: DB ">",0
 1333 f75b: 0a 0d 00    CRLF: DB 0ah,0dh,0
 1334 f75e: 55 4e 52 45 
            43 4f 47 49 
            4e 49 5a 45 
            44 20 43 4f 
            4d 4d 41 4e 
            44 0a 0d 00 ERROR: DB "UNRECOGINIZED COMMAND",0ah,0dh,0
 1335 f776: 43 4f 4e 54 
            49 4e 55 45 
            20 43 4d 44 
            20 45 52 52 
            4f 52 0a 0d 
            00          CONTINUEERROR: DB "CONTINUE CMD ERROR",0ah,0dh,0
 1336 f78b: 0a 0d 44 55 
            4d 50 20 41 
            44 44 52 3a 
            00          DUMPMSG: DB 0ah,0dh,"DUMP ADDR:",0
 1337 f798: 0a 0d 44 55 
            4d 50 20 42 
            4c 4f 43 4b 
            20 41 44 44 
            52 3a 00    DUMPBLOCKMSG: DB 0ah,0dh,"DUMP BLOCK ADDR:",0
 1338 f7ab: 0a 0d 46 49 
            4c 4c 20 42 
            4c 4f 43 4b 
            20 41 44 44 
            52 3a 00    FILLMSG: DB 0ah,0dh,"FILL BLOCK ADDR:",0
 1339 f7be: 0a 0d 47 4f 
            20 41 44 44 
            52 45 53 53 
            3a 00       GOMSG: DB 0ah,0dh,"GO ADDRESS:",0
 1340 f7cc: 0a 0d 45 58 
            41 4d 49 4e 
            45 20 41 44 
            44 52 45 53 
            53 3a 00    EXAMINEMSG: DB 0ah,0Dh,"EXAMINE ADDRESS:",0
 1341 f7df: 43 4f 4e 54 
            49 4e 55 45 
            20 4d 4f 44 
            45 00       CONTMSG: DB "CONTINUE MODE",0
 1342 f7ed: 0a 0d 45 4e 
            54 45 52 20 
            4c 49 4e 45 
            3a 00       BASIC_PARSEMSG: DB 0ah,0dh,"Enter Line:",0
 1343 f7fb:             ;
 1344 f7fb:             helpmenu:
 1345 f7fb: 30 20 20 20 
            20 20 2d 20 
            45 58 49 54 
            20 28 45 4d 
            55 4c 41 54 
            4f 52 20 4f 
            4e 4c 59 29 
            0a 0d       DB "0     - Exit (emulator only)",0ah,0dh
 1346 f819: 48 20 20 20 
            20 20 2d 20 
            54 48 49 53 
            20 48 45 4c 
            50 20 4d 45 
            4e 55 0a 0d 
            0a 0d       DB "H     - This help menu",0ah,0dh,0ah,0dh
 1347 f833: 42 20 41 41 
            41 41 2d 20 
            53 48 4f 57 
            20 32 35 36 
            20 42 59 54 
            45 53 20 4f 
            46 20 4d 45 
            4d 4f 52 59 
            20 28 31 36 
            20 42 59 54 
            45 20 41 4c 
            49 47 4e 45 
            44 29       DB "B AAAA- Show 256 bytes of memory (16 byte aligned)"
 1348 f865: 20 43 52 20 
            44 49 53 50 
            4c 41 59 20 
            4e 45 58 54 
            20 32 35 36 
            20 42 59 54 
            45 53 0a 0d DB " CR display next 256 bytes",0ah,0dh
 1349 f881: 43 20 20 20 
            20 20 2d 20 
            43 4f 50 59 
            20 42 41 53 
            49 43 20 54 
            45 53 54 20 
            50 52 4f 47 
            52 41 4d 20 
            49 4e 54 4f 
            20 49 4e 54 
            45 52 50 52 
            45 54 45 52 
            20 42 55 46 
            46 45 52 0a 
            0d          DB "C     - Copy BASIC test program into interpreter buffer",0ah,0dh
 1350 f8ba: 44 20 41 41 
            41 41 2d 20 
            53 48 4f 57 
            20 31 36 20 
            42 59 54 45 
            53 20 4f 46 
            20 4d 45 4d 
            4f 52 59 20 
            41 54 20 28 
            31 36 20 42 
            59 54 45 20 
            41 4c 49 47 
            4e 45 44 29 DB "D AAAA- Show 16 bytes of memory at (16 byte aligned)"
 1351 f8ee: 20 43 52 20 
            44 49 53 50 
            4c 41 59 20 
            4e 45 58 54 
            20 31 36 20 
            42 59 54 45 
            53 0a 0d    DB " CR display next 16 bytes",0ah,0dh
 1352 f909: 45 20 41 41 
            41 41 2d 20 
            53 48 4f 57 
            20 43 4f 4e 
            54 45 4e 54 
            53 20 4f 46 
            20 4c 4f 43 
            41 54 49 4f 
            4e 20 41 41 
            41 41 20 28 
            4f 55 54 50 
            55 54 20 41 
            41 41 41 3a 
            58 58 29 0a 
            0d          DB "E AAAA- show contents of location AAAA (Output AAAA:XX)",0ah,0dh
 1353 f942: 20 20 20 20 
            20 20 20 20 
            49 46 20 46 
            4f 4c 4c 4f 
            57 45 44 20 
            42 59 20 41 
            53 43 49 49 
            2d 48 45 58 
            20 4d 4f 44 
            49 46 59 20 
            4c 4f 43 41 
            54 49 4f 4e 
            20 57 49 54 
            48 20 4e 45 
            57 20 56 41 
            4c 55 45 20 
            28 41 4e 44 
            20 52 45 44 
            49 53 50 4c 
            41 59 29 0a 
            0d          DB "        if followed by ASCII-HEX modify location with new value (and redisplay)",0ah,0DH
 1354 f993: 20 20 20 20 
            20 20 20 20 
            49 46 20 46 
            4f 4c 4c 4f 
            57 45 44 20 
            42 59 20 43 
            52 20 44 49 
            53 50 4c 41 
            59 20 4e 45 
            58 54 20 4c 
            4f 43 41 54 
            49 4f 4e 0a 
            0d          DB "        if followed by CR display next location",0ah,0dh
 1355 f9c4: 46 20 41 41 
            41 41 20 20 
            46 49 4c 4c 
            20 43 4f 4e 
            54 45 4e 54 
            53 20 32 35 
            36 20 42 59 
            54 45 53 20 
            4f 46 20 4d 
            45 4d 4f 52 
            59 20 41 54 
            20 41 44 44 
            52 45 53 53 
            20 41 41 41 
            41 20 57 49 
            54 48 20 30 
            28 31 36 20 
            42 59 54 45 
            20 41 4c 49 
            47 4e 45 44 
            29 20 57 49 
            54 48 20 30 
            0a 0d       DB "F AAAA  Fill contents 256 bytes of memory at address AAAA with 0(16 byte aligned) with 0",0ah,0dh
 1356 fa1e: 20 20 20 20 
            20 20 20 20 
            49 46 20 46 
            4f 4c 4c 4f 
            57 45 44 20 
            42 59 20 43 
            52 20 46 49 
            4c 4c 20 4e 
            45 58 54 20 
            32 35 36 20 
            42 59 54 45 
            53 0a 0d    DB "        if followed by CR fill next 256 bytes",0ah,0dh
 1357 fa4d: 47 20 41 41 
            41 41 2d 20 
            4a 55 4d 50 
            20 54 4f 20 
            28 41 4e 44 
            20 45 58 45 
            43 55 54 45 
            29 20 53 54 
            41 52 54 49 
            4e 47 20 41 
            54 20 41 41 
            41 41 0a 0d DB "G AAAA- Jump to (and execute) starting at AAAA",0ah,0dh
 1358 fa7d: 20 20 20 20 
            20 20 20 20 
            50 52 4f 47 
            52 41 4d 20 
            45 4e 44 53 
            20 57 49 54 
            48 20 52 45 
            54 20 28 49 
            54 20 49 53 
            20 43 41 4c 
            4c 45 44 20 
            57 49 54 48 
            20 4a 53 52 
            55 52 20 52 
            37 29 0a 0d DB "        Program ends with RET (it is called with JSRUR R7)",0ah,0dh
 1359 fab9: 49 20 20 20 
            20 20 2d 20 
            42 41 53 49 
            43 0a 0d    DB "I     - BASIC",0ah,0dh
 1360 fac8: 4c 20 20 20 
            20 20 2d 20 
            4c 49 53 54 
            20 42 41 53 
            49 43 0a 0d DB "L     - List BASIC",0ah,0dh
 1361 fadc: 50 20 20 20 
            20 20 2d 20 
            45 4e 54 45 
            52 20 50 52 
            4f 47 52 41 
            4d 20 4c 49 
            4e 45 20 54 
            4f 20 42 41 
            53 49 43 0a 
            0d          DB "P     - Enter program line to BASIC",0ah,0dh
 1362 fb01: 52 20 20 20 
            20 20 2d 20 
            53 48 4f 57 
            20 52 45 47 
            49 53 54 45 
            52 53 0a 0d DB "R     - Show registers",0ah,0dh
 1363 fb19: 4f 20 20 20 
            20 20 2d 20 
            42 4f 4f 54 
            20 54 48 45 
            20 4f 53 20 
            46 52 4f 4d 
            20 54 48 45 
            20 43 46 20 
            43 41 52 44 
            20 28 4c 42 
            41 20 31 2e 
            2e 2c 20 4f 
            53 43 4e 54 
            20 53 45 43 
            54 4f 52 53 
            2c 20 54 4f 
            20 31 30 30 
            30 48 29 0a 
            0d          DB "O     - bOot the OS from the CF card (LBA 1.., OSCNT sectors, to 1000h)",0ah,0DH
 1364 fb62: 59 20 20 20 
            20 20 2d 20 
            52 55 4e 20 
            42 41 53 49 
            43 20 54 45 
            53 54 20 43 
            4f 44 45 0a 
            0d          DB "Y     - run BASIC test code",0ah,0DH
 1365 fb7f: 3a 20 20 20 
            20 20 2d 20 
            49 4e 54 45 
            4c 2d 48 45 
            58 20 4c 4f 
            41 44 20 28 
            53 45 4e 44 
            20 41 20 2e 
            49 4d 47 3b 
            20 2e 20 50 
            45 52 20 52 
            45 43 4f 52 
            44 2c 20 3f 
            20 42 41 44 
            20 52 45 43 
            4f 52 44 2c 
            20 21 20 52 
            45 46 55 53 
            45 44 20 41 
            44 44 52 45 
            53 53 29 0a 
            0d          DB ":     - Intel-hex load (send a .img; . per record, ? bad record, ! refused address)",0ah,0DH
 1366 fbd4: 5a 20 20 20 
            20 20 2d 20 
            52 55 4e 20 
            50 52 4f 47 
            52 41 4d 20 
            57 49 54 48 
            20 42 41 53 
            49 43 20 49 
            4e 54 45 52 
            50 52 45 54 
            45 52 0a 0d DB "Z     - Run program with Basic interpreter",0ah,0DH
 1367 fc00: 00          DB 0
 1368 fc01:             ;
 1369 fc01:             ; TEST HELP MESSAGES
 1370 fc01:             ;
 1371 fc01: 43 4f 4d 50 
            41 52 45 20 
            54 45 53 54 
            53 0a 0d 00 COMPAREHELP: DB "Compare Tests",0ah,0dh,0
 1372 fc11: 52 49 4e 47 
            20 53 48 49 
            46 54 20 4c 
            45 46 54 0a 
            0d 00       RSHIFT_LEFTHELP: DB "Ring Shift Left",0ah,0dh,0
 1373 fc23: 52 49 4e 47 
            20 53 48 49 
            46 54 20 52 
            49 47 48 54 
            0a 0d 00    RSHIFT_RIGHTHELP: DB "Ring Shift Right",0ah,0dh,0
 1374 fc36: 50 52 4f 50 
            20 53 48 49 
            46 54 20 52 
            49 47 48 54 
            0a 0d 00    PSHIFT_RIGHTHELP: DB "PROP Shift Right",0ah,0dh,0
 1375 fc49: 43 41 52 52 
            59 20 53 48 
            49 46 54 20 
            4c 45 46 54 
            0a 0d 00    CSHIFT_LEFTHELP: DB "CARRY Shift Left",0ah,0dh,0
 1376 fc5c: 43 41 52 52 
            59 20 53 48 
            49 46 54 20 
            52 49 47 48 
            54 0a 0d 00 CSHIFT_RIGHTHELP: DB "CARRY Shift Right",0ah,0dh,0
 1377 fc70: 53 55 42 54 
            52 41 43 54 
            0a 0d 00    SUBHELP: DB "SUBTRACT",0ah,0dh,0
 1378 fc7b: 41 43 43 55 
            4d 55 4c 41 
            54 4f 52 20 
            54 45 53 54 
            0a 0d 00    accumhelp: DB "accumulator test",0ah,0dh,0
 1379 fc8e: 50 55 53 48 
            20 50 4f 50 
            20 45 4e 54 
            45 52 20 33 
            20 4e 55 4d 
            42 45 52 53 
            0a 0d 00    PUSHPOPHELP: DB "Push Pop enter 3 numbers",0ah,0dh,0
 1380 fca9: 4f 52 20 54 
            4d 50 20 52 
            45 47 49 53 
            54 45 52 20 
            54 45 53 54 
            53 0a 0d 00 ORTHELP: DB "OR Tmp register tests",0ah,0dh,0
 1381 fcc1: 41 44 44 20 
            49 4d 4d 45 
            44 49 41 54 
            45 20 30 32 
            48 20 54 4f 
            20 49 4e 50 
            55 54 20 4e 
            55 4d 42 45 
            52 0a 0d 00 ADDIHELP: DB "Add immediate 02h to input number",0ah,0dh,0
 1382 fce5: 52 55 4e 20 
            54 45 53 54 
            20 43 4f 44 
            45 0a 0d 00 TESTMSG: DB "Run test code",0ah,0dh,0
 1383 fcf5:             
 1384 fcf5:             
 1385 fcf5:             
 1386 fcf5:             ;
 1387 fcf5:             ; OLD
 1388 fcf5:             ;
 1389 fcf5:             ;
 1390 fcf5:             ;LCD
 1391 fcf5:             ;
 1392 fcf5:             ;xlcdtest:
 1393 fcf5:             ;        OUTI P0,(LCDENABLE)
 1394 fcf5:             
 1395 fcf5:             ;        MVIW R3,1fFFh
 1396 fcf5:             ;xdelay0:
 1397 fcf5:             ;        DECR R3
 1398 fcf5:             ;        MVRHA R3
 1399 fcf5:             ;        BRNZ xdelay0
 1400 fcf5:             
 1401 fcf5:             ;        OUTI P1,3CH
 1402 fcf5:             
 1403 fcf5:             ;        MVIW R3,1fFFh
 1404 fcf5:             ;xdelay1:
 1405 fcf5:             ;        DECR R3
 1406 fcf5:             ;        MVRHA R3
 1407 fcf5:             ;        BRNZ xdelay1
 1408 fcf5:             
 1409 fcf5:             ;        OUTI P1,01H
 1410 fcf5:             
 1411 fcf5:             ;        MVIW R3,1fFFh
 1412 fcf5:             ;xdelay2:
 1413 fcf5:             ;        DECR R3
 1414 fcf5:             ;        MVRHA R3
 1415 fcf5:             ;        BRNZ xdelay2
 1416 fcf5:             
 1417 fcf5:             ;        OUTI P1,0FH
 1418 fcf5:             
 1419 fcf5:             ;        MVIW R3,1fFFh
 1420 fcf5:             ;xdelay3:
 1421 fcf5:             ;        DECR R3
 1422 fcf5:             ;        MVRHA R3
 1423 fcf5:             ;        BRNZ xdelay3
 1424 fcf5:             
 1425 fcf5:             ;        OUTI P0,(LCDENABLE!LCDREGISTER)
 1426 fcf5:             
 1427 fcf5:             ;        MVIW R3,1fFFh
 1428 fcf5:             ;xdelay4:
 1429 fcf5:             ;        DECR R3
 1430 fcf5:             ;        MVRHA R3
 1431 fcf5:             ;        BRNZ xdelay4
 1432 fcf5:             
 1433 fcf5:             ;        OUTI P1,'A'
 1434 fcf5:             
 1435 fcf5:             ;xdelay5:
 1436 fcf5:             ;        DECR R3
 1437 fcf5:             ;        MVRHA R3
 1438 fcf5:             ;        BRNZ xdelay5
 1439 fcf5:             
 1440 fcf5:             ;        OUTI P1,'B'
 1441 fcf5:             
 1442 fcf5:             ;xaddtest:
 1443 fcf5:             ;      OUTI  P0,(SWITCHLED)
 1444 fcf5:             ;      INP   P1
 1445 fcf5:             ;      ADDI  001H
 1446 fcf5:             ;      OUTA  P1
 1447 fcf5:             
 1448 fcf5:             ;xandtest:
 1449 fcf5:             ;      OUTI  P0,(SWITCHLED)
 1450 fcf5:             ;      INP   P1
 1451 fcf5:             ;      ANDI  055H
 1452 fcf5:             ;      OUTA  P1
 1453 fcf5:             
 1454 fcf5:             ;xxortest:
 1455 fcf5:             ;     OUTI  P0,(SWITCHLED)
 1456 fcf5:             ;     INP   P1
 1457 fcf5:             ;     XORI  055H
 1458 fcf5:             ;     OUTA  P1
 1459 fcf5:             ;      JSRUR R2
 1460 fcf5:             
 1461 fcf5:             ;
 1462 fcf5:             ; Interupt sevice routine
 1463 fcf5:             ;
 1464 fcf5:               org 0ff90h
 1465 ff90:             isrcode:
 1466 ff90:             ;  halt
 1467 ff90: 09            push
 1468 ff91: 07 07         pushr r7
 1469 ff93: e4 0f 04      lda interupt_cnt
 1470 ff96:             isrloop:
 1471 ff96: 04 f6 f2      jsr BLINK
 1472 ff99: b1 01         subi 1
 1473 ff9b: a2 ff 96      brnz isrloop
 1474 ff9e: 08 70         popr r7
 1475 ffa0: 0a            pop
 1476 ffa1:             ; halt
 1477 ffa1: fd            iret
 1478 ffa2:             
 1479 ffa2:             
 1480 ffa2:             ;
 1481 ffa2:             ; BIOS ENTRY Points
 1482 ffa2:             ;
 1483 ffa2:                 org 0ffc0h
 1484 ffc0:             
 1485 ffc0:             e_stringout:
 1486 ffc0: 04 f6 68        jsr stringout
 1487 ffc3: 05              ret
 1488 ffc4:             e_charout:
 1489 ffc4: 04 f6 76        jsr charout
 1490 ffc7: 05              ret
 1491 ffc8:             e_uartout:
 1492 ffc8: 04 f6 76        jsr uartout
 1493 ffcb: 05              ret
 1494 ffcc:             e_showaddr:
 1495 ffcc: 04 f5 54        jsr showaddr
 1496 ffcf: 05              ret
 1497 ffd0:             e_toupper:
 1498 ffd0: 04 f5 4b        jsr toupper
 1499 ffd3: 05              ret
 1500 ffd4:             e_showr7:
 1501 ffd4: 04 f5 7d        jsr showr7
 1502 ffd7: 05              ret
 1503 ffd8:             e_showbyte:
 1504 ffd8: 04 f6 12        jsr showbyte
 1505 ffdb: 05              ret
 1506 ffdc:             e_ showregs:
 1507 ffdc: 04 f5 9c        jsr SHOWREGS
 1508 ffdf: 05              ret
 1509 ffe0:             e_showbytea:
 1510 ffe0: 04 f6 23        jsr showbytea
 1511 ffe3: 05              ret
 1512 ffe4:             e_showcarry:
 1513 ffe4: 04 f6 34        jsr showcarry
 1514 ffe7: 05              ret
 1515 ffe8:             e_uartin:
 1516 ffe8: 04 f6 8b        jsr uartin
 1517 ffeb: 05              ret
 1518 ffec:             e_cfinit:
 1519 ffec: 04 f2 aa        jsr cfinit
 1520 ffef: 05              ret
 1521 fff0:             e_cfread:
 1522 fff0: 04 f2 da        jsr cfread
 1523 fff3: 05              ret
 1524 fff4:             e_cfwrite:
 1525 fff4: 04 f3 03        jsr cfwrite
 1526 fff7: 05              ret
 1527 fff8:             e_const:
 1528 fff8: 04 f3 2c        jsr const
 1529 fffb: 05              ret
 1530 fffc:             e_uartinne:                 ; $FFFC, the last slot (2026-09-23): console byte without echo
 1531 fffc: 04 f6 a9        jsr uartinne
 1532 ffff: 05              ret
 1533 10000:             ;
 1534 10000:             ; The End ($10000: the table fills the ROM to its last byte)
 1535 10000:             ;

fc7bh: ACCUMHELP        - <  1378> 
fcc1h: ADDIHELP         - <  1381> 
f653h: AF               - <  1072>   1066 
0f40h: ARGBUF           - <    55> 
e020h: BASIC_COLD       - <     6>    106 
e060h: BASIC_COPY       - <    10>    323 
e040h: BASIC_INTERPRTER - <     8>    311 
e000h: BASIC_LIST       - <     4>    317 
e050h: BASIC_PARSE      - <     9>    302    307 
f7edh: BASIC_PARSEMSG   - <  1342>    288 
e010h: BASIC_RUN        - <     5>    278 
e030h: BASIC_TEST       - <     7>    329 
f6f2h: BLINK            - <  1262>   1320   1471 
0003h: BLOCKMODE        - <    38>    250    334 
f473h: BOOT             - <   786>    210 
f4cdh: BOOTFAIL         - <   822>    790    797    812 
f4b2h: BOOTL            - <   810>    818 
f4d6h: BOOTNOS          - <   826>    800    803    805 
f292h: CFDRQ            - <   514>    565    590 
f2a6h: CFDRQD           - <   526>    520 
f295h: CFDRQL           - <   516>    523    525 
f300h: CFERR            - <   581>    567    592 
f2aah: CFINIT           - <   531>    789   1519 
0f10h: CFLBA0           - <    52>    546    792    809    813    815 
0f11h: CFLBA1           - <    53>    549    793 
0f12h: CFLBA2           - <    54>    552    794 
f2f1h: CFRDL            - <   570>    576    578 
f2dah: CFREAD           - <   560>    796    811   1522 
0007h: CFSEL_CMD        - <   493>    499    509    517    527    537    563 
          588 
0000h: CFSEL_DATA       - <   486>    568    593 
0001h: CFSEL_FEAT       - <   487>    535 
0006h: CFSEL_HEAD       - <   492>    533    554 
0003h: CFSEL_LBA0       - <   489>    545 
0004h: CFSEL_LBA1       - <   490>    548 
0005h: CFSEL_LBA2       - <   491>    551 
0002h: CFSEL_SCNT       - <   488>    556 
f2bfh: CFSETL           - <   544>    562    587 
f27ah: CFWAIT           - <   496>    532    539    561    586    604 
f28eh: CFWAITD          - <   508>    502 
f27dh: CFWAITL          - <   498>    505    507 
f303h: CFWRITE          - <   585>   1525 
f31ah: CFWRL            - <   595>    601    603 
f676h: CHAROUT          - <  1121>   1489 
f05bh: CMDLOOP          - <   163>    131    145    190    243    261    267 
          279    305    308    312    318    324    330    348    368    422 
          454    468    476    722    726    730    821    825    829 
f112h: CMD_BASIC        - <   275>    222 
f14fh: CMD_BASICLIST    - <   314>    214 
f11eh: CMD_BASICPARSE   - <   281>    216 
f15bh: CMD_BASIC_COPY   - <   320>    200 
f167h: CMD_BASIC_TEST   - <   326>    220 
f10eh: CMD_EXIT         - <   271>    196 
0050h: CNTL-PORT        - <    29> 
fc01h: COMPAREHELP      - <  1371> 
f32ch: CONST            - <   609>   1528 
f332h: CONSTHW          - <   613>    610 
f0e8h: CONTINUE         - <   245>    224    232 
f776h: CONTINUEERROR    - <  1335>    265 
0f02h: CONTINUE_ADDR    - <    46>    340    345    347    359    364    367 
          377    382    412    432    437    441    449 
f7dfh: CONTMSG          - <  1341> 
f75bh: CRLF             - <  1333>    117    124    186    234    276    315 
          321    327    341    360    378    420    433    439    949    973 
fc49h: CSHIFT_LEFTHELP  - <  1375> 
fc5ch: CSHIFT_RIGHTHELP - <  1376> 
0050h: DATAPORT         - <    30> 
f6deh: DELAYA           - <  1244>   1247 
f6eah: DELAYB           - <  1252>   1255 
f143h: DO_PARSE         - <   306> 
f196h: DUMP             - <   352>    202 
f173h: DUMPBLOCK        - <   332>    198 
f18ah: DUMPBLOCKCONT    - <   344>    251 
f798h: DUMPBLOCKMSG     - <  1337>    337 
f1adh: DUMPCONT         - <   363>    254 
0002h: DUMPMODE         - <    37>    253    354 
f78bh: DUMPMSG          - <  1336>    356 
f26fh: DUMPREG          - <   470>    218 
f05ah: EAT_NL           - <   152>    183 
f05ah: EAT_NL_DONE      - <   157> 
f67bh: EMULATOR2        - <  1130>   1126 
f690h: EMULATOR3        - <  1166>   1162 
f003h: EPROM            - <    71>     69 
f75eh: ERROR            - <  1334>    238 
f218h: EXAMDONE         - <   419>    391    393 
f1bch: EXAMINE          - <   370>    204 
f1d3h: EXAMINECONT      - <   381>    257    417 
0001h: EXAMINEMODE      - <    36>    256    372 
f7cch: EXAMINEMSG       - <  1340>    374 
f207h: EXAMNEXT         - <   410>    395    397 
ffdch: E_ SHOWREGS      - <  1506> 
ffech: E_CFINIT         - <  1518> 
fff0h: E_CFREAD         - <  1521> 
fff4h: E_CFWRITE        - <  1524> 
ffc4h: E_CHAROUT        - <  1488> 
fff8h: E_CONST          - <  1527> 
ffcch: E_SHOWADDR       - <  1494> 
ffd8h: E_SHOWBYTE       - <  1503> 
ffe0h: E_SHOWBYTEA      - <  1509> 
ffe4h: E_SHOWCARRY      - <  1512> 
ffd4h: E_SHOWR7         - <  1500> 
ffc0h: E_STRINGOUT      - <  1485> 
ffd0h: E_TOUPPER        - <  1497> 
ffe8h: E_UARTIN         - <  1515> 
fffch: E_UARTINNE       - <  1530> 
ffc8h: E_UARTOUT        - <  1491> 
f221h: FILLBLOCK        - <   424>    206 
f238h: FILLCONT         - <   436>    260 
0004h: FILLMODE         - <    39>    259    426 
f7abh: FILLMSG          - <  1338>    429 
f50fh: GETADDRESS       - <   834>    339    358    376    431    460 
f538h: GETNIBBLE        - <   871>    404    839    846    853    860 
f53bh: GETNIBBLEC       - <   873>    398 
f261h: GO               - <   457>    208 
f7beh: GOMSG            - <  1339>    458 
f72dh: HELLO            - <  1331>    104 
f7fbh: HELPMENU         - <  1344>    188    241 
f338h: HEXLOAD          - <   636>    194 
f543h: INAF             - <   878>    875 
f149h: INTERPRETER      - <   310>    212 
0f04h: INTERUPT_CNT     - <    48>     99   1469 
ff90h: ISRCODE          - <  1465>    129 
ff96h: ISRLOOP          - <  1470>   1473 
f707h: LBLINK           - <  1287>    103 
0002h: LCDENABLE        - <    24> 
0004h: LCDREGISTER      - <    25> 
f3eah: LDABORT          - <   727>    711    715    781 
f3aah: LDBADREC         - <   697>    686    688 
f3f3h: LDBYTE           - <   734>    645    647    649    651    656    683 
f3d2h: LDEOF            - <   717>    693    708 
f3e1h: LDEOFBAD         - <   723>    719 
0f01h: LDERR            - <    47>    640    705    718 
f3b1h: LDFLAG           - <   702>    699 
f40ah: LDHEX            - <   756>    735    742 
f438h: LDHEXAB          - <   779>    758    760 
f425h: LDHEXAF          - <   768>    765 
f432h: LDHEXBAD         - <   775>    763    770    772 
f35bh: LDLOOP           - <   653>    681 
f370h: LDLOWOK          - <   664>    662 
f386h: LDNEXT           - <   678>    671    673 
f342h: LDREC            - <   641>    713 
f382h: LDREF            - <   674>    663    666 
f3afh: LDREFREC         - <   700>    690 
f385h: LDSKIP           - <   676>    659 
f38bh: LDSUM            - <   682>    655 
f3bfh: LDWAIT           - <   709>    696    716 
f660h: LEDOUT           - <  1088>   1180 
0f80h: LINE_BUFFER      - <    57>    291    299    301 
0005h: LOADMODE         - <    40>    637 
f715h: LOFFLOOP         - <  1303>   1306 
f6c1h: LONGDELAY        - <  1213> 
f6c5h: LONGDELAYLOOP    - <  1216>   1219 
f70ch: LONLOOP          - <  1296>   1299 
f551h: LOWER            - <   888>    886 
0f00h: MONMODE          - <    45>     97    248    335    355    373    427 
          474    638 
f247h: MOREFILL         - <   442>    448 
f4dfh: MSGBOOT          - <   830>    787 
f4f0h: MSGCFERR         - <   831>    823 
f460h: MSGLOADAB        - <   784>    728 
f43eh: MSGLOADED        - <   782>    720 
f449h: MSGLOADERR       - <   783>    724 
f4fbh: MSGNOOS          - <   832>    827 
f71ch: NBLINK           - <  1315> 
f72bh: NBLINKDONE       - <  1323>   1319 
f71dh: NBLINKLOOP       - <  1317>   1322 
0000h: NOMODE           - <    35>     96    473 
f700h: OFFLOOP          - <  1278>   1281 
f6d8h: OFFW             - <  1242>   1242 
f6f7h: ONLOOP           - <  1271>   1274 
f6e4h: ONW              - <  1250>   1250 
fca9h: ORTHELP          - <  1380> 
1000h: OSBASE           - <    56>    795    798    801    804    807    819 
f127h: PARSE_INPUTLOOP  - <   292>    298 
f759h: PROMPT           - <  1332>    164 
fc36h: PSHIFT_RIGHTHELP - <  1374> 
fc8eh: PUSHPOPHELP      - <  1379> 
fc11h: RSHIFT_LEFTHELP  - <  1372> 
fc23h: RSHIFT_RIGHTHELP - <  1373> 
f6cch: SHORTDELAY       - <  1226> 
f6d0h: SHORTDELAYLOOP   - <  1229>   1232 
f5e1h: SHOW16           - <   981>    115    300    366    987   1001 
f5fbh: SHOW256          - <   997>    346 
f5fch: SHOW256LOOP      - <   999>   1008 
f554h: SHOWADDR         - <   895>    114    123    365    383    438    952 
          954    956    958    960    962    964    966   1000   1495 
f612h: SHOWBYTE         - <  1019>    387    981   1504 
f623h: SHOWBYTEA        - <  1032>   1510 
f634h: SHOWCARRY        - <  1047>    971   1513 
f646h: SHOWNIBBLE       - <  1064>    901    904    910    913    928    931 
          937    940   1025   1028   1038   1041 
f57dh: SHOWNUM          - <   921> 
f57dh: SHOWR7           - <   922>   1501 
f59ch: SHOWREGS         - <   946>    116    471   1507 
f63fh: SHOW_YESCARRY    - <  1054>   1049 
f669h: SLOOP            - <  1106>   1111 
f674h: SLOOPDONE        - <  1115>   1108 
0effh: STACK            - <    63>     75    780 
f10bh: STOP             - <   269>    269    272 
f668h: STRINGOUT        - <  1104>    105    118    125    137    165    187 
          189    236    239    242    266    277    289    316    322    328 
          338    342    357    361    375    379    421    430    434    440 
          459    721    725    729    788    824    828    950    974   1486 
fc70h: SUBHELP          - <  1377> 
f65ch: SWITCHIN         - <  1080> 
0001h: SWITCHLED        - <    23>   1081   1089 
f6d7h: SWITCHTOGGLE     - <  1240> 
f07eh: TESTEXAMINE      - <   192>    185 
fce5h: TESTMSG          - <  1382>    136 
0080h: TIL311           - <    27>   1094 
f664h: TIL311OUT        - <  1093>   1318 
f54bh: TOUPPER          - <   885>    178    761    878   1498 
f051h: TTTT             - <   135>    122 
0000h: UARTA0           - <    14>     82 
0008h: UARTA1           - <    15>     86 
0010h: UARTA2           - <    16> 
0018h: UARTA3           - <    17>     79     89 
0020h: UARTA4           - <    18> 
0028h: UARTA5           - <    19>    614   1140   1170   1198 
0030h: UARTA6           - <    20> 
0038h: UARTA7           - <    21> 
0040h: UARTCS           - <    26>     79     82     86     89    614   1140 
         1145   1170   1174   1198   1202 
f68bh: UARTIN           - <  1158>    177    293    389    872   1173   1516 
f6a2h: UARTINC          - <  1179>   1177 
f6a9h: UARTINNE         - <  1193>    710    757   1531   1531 
f6c0h: UARTINNEC        - <  1207>   1205 
f6aeh: UARTINNEHW       - <  1197>   1194   1201 
f676h: UARTOUT          - <  1122>    385    414    416    451    453    695 
          703    915    917    969    984    989    991   1009   1011   1051 
         1056   1068   1074   1109   1186   1492 
f67dh: UARTOUTW         - <  1136>   1143 

1535 Lines assembled
0 Errors
218 Labels
Object Code:3399 bytes

