2026-09-23 23:14:07.868 [main] INFO  Freerouting v1.9.0 (build-date: 2023-10-30)
2026-09-23 23:14:07.908 [main] INFO  Settings were loaded from freerouting.json
2026-09-23 23:14:08.959 [main] INFO  Opening 'io-v2.0.dsn'...
2026-09-23 23:14:09.337 [ForkJoinPool.commonPool-worker-1] INFO  New version available: v2.4.1
2026-09-23 23:14:30.857 [Thread-20] INFO  Starting auto-routing...
2026-09-23 23:14:33.853 [Thread-20] WARN  FloatLine: Parameter is null
2026-09-23 23:18:20.625 [Thread-20] INFO  Auto-routing was completed in 3 minute(s) 49.76 seconds.
2026-09-23 23:18:20.734 [Thread-20] INFO  Starting route optimization on 1 thread...
2026-09-23 23:18:22.483 [Thread-20] INFO  Route optimization was completed in 1.75 seconds and it improved the design by ~0.00%.
2026-09-23 23:18:22.493 [Thread-20] INFO  Saving '/tmp/io-v2-build.fh9ozA/stage-a.ses'...
2026-09-23 23:14:07.868 [main] INFO  Freerouting v1.9.0 (build-date: 2023-10-30)
2026-09-23 23:14:07.908 [main] INFO  Settings were loaded from freerouting.json
2026-09-23 23:14:08.959 [main] INFO  Opening 'io-v2.0.dsn'...
2026-09-23 23:14:09.337 [ForkJoinPool.commonPool-worker-1] INFO  New version available: v2.4.1
2026-09-23 23:14:30.857 [Thread-20] INFO  Starting auto-routing...
2026-09-23 23:14:33.853 [Thread-20] WARN  FloatLine: Parameter is null
2026-09-23 23:18:20.625 [Thread-20] INFO  Auto-routing was completed in 3 minute(s) 49.76 seconds.
2026-09-23 23:18:20.734 [Thread-20] INFO  Starting route optimization on 1 thread...
2026-09-23 23:18:22.483 [Thread-20] INFO  Route optimization was completed in 1.75 seconds and it improved the design by ~0.00%.
2026-09-23 23:18:22.493 [Thread-20] INFO  Saving '/tmp/io-v2-build.fh9ozA/stage-a.ses'...
