2026-09-24 23:42:40.645 [main] INFO  Freerouting v1.9.0 (build-date: 2023-10-30)
2026-09-24 23:42:40.737 [main] INFO  Settings were loaded from freerouting.json
2026-09-24 23:42:41.788 [main] INFO  Opening '/tmp/memory-v2-build.c6zGqo/se3/e.dsn'...
java.util.concurrent.CompletionException: java.lang.NullPointerException: Cannot invoke "com.google.gson.JsonElement.getAsString()" because the return value of "com.google.gson.JsonObject.get(String)" is null
	at java.base/java.util.concurrent.CompletableFuture.encodeThrowable(Unknown Source)
	at java.base/java.util.concurrent.CompletableFuture.completeThrowable(Unknown Source)
	at java.base/java.util.concurrent.CompletableFuture$UniAccept.tryFire(Unknown Source)
	at java.base/java.util.concurrent.CompletableFuture.postComplete(Unknown Source)
	at java.base/java.util.concurrent.CompletableFuture.postFire(Unknown Source)
	at java.base/java.util.concurrent.CompletableFuture$UniWhenComplete.tryFire(Unknown Source)
	at java.base/java.util.concurrent.CompletableFuture$Completion.exec(Unknown Source)
	at java.base/java.util.concurrent.ForkJoinTask.doExec(Unknown Source)
	at java.base/java.util.concurrent.ForkJoinPool$WorkQueue.topLevelExec(Unknown Source)
	at java.base/java.util.concurrent.ForkJoinPool.scan(Unknown Source)
	at java.base/java.util.concurrent.ForkJoinPool.runWorker(Unknown Source)
	at java.base/java.util.concurrent.ForkJoinWorkerThread.run(Unknown Source)
Caused by: java.lang.NullPointerException: Cannot invoke "com.google.gson.JsonElement.getAsString()" because the return value of "com.google.gson.JsonObject.get(String)" is null
	at app.freerouting.management.VersionChecker.processResponse(VersionChecker.java:39)
	... 10 more
2026-09-24 23:43:05.292 [Thread-20] INFO  Starting auto-routing...
2026-09-24 23:44:33.113 [Thread-20] INFO  Auto-routing was completed in 1 minute(s) 27.82 seconds.
2026-09-24 23:44:33.226 [Thread-20] INFO  Starting route optimization on 1 thread...
2026-09-24 23:45:52.300 [Thread-20] INFO  Route optimization was completed in 1 minute(s) 19.07 seconds and it improved the design by ~50.46%.
2026-09-24 23:45:52.315 [Thread-20] INFO  Saving '/tmp/memory-v2-build.c6zGqo/se3/e.ses'...
2026-09-24 23:42:40.645 [main] INFO  Freerouting v1.9.0 (build-date: 2023-10-30)
2026-09-24 23:42:40.737 [main] INFO  Settings were loaded from freerouting.json
2026-09-24 23:42:41.788 [main] INFO  Opening '/tmp/memory-v2-build.c6zGqo/se3/e.dsn'...
2026-09-24 23:43:05.292 [Thread-20] INFO  Starting auto-routing...
2026-09-24 23:44:33.113 [Thread-20] INFO  Auto-routing was completed in 1 minute(s) 27.82 seconds.
2026-09-24 23:44:33.226 [Thread-20] INFO  Starting route optimization on 1 thread...
2026-09-24 23:45:52.300 [Thread-20] INFO  Route optimization was completed in 1 minute(s) 19.07 seconds and it improved the design by ~50.46%.
2026-09-24 23:45:52.315 [Thread-20] INFO  Saving '/tmp/memory-v2-build.c6zGqo/se3/e.ses'...
